12:24:01 **** Incremental Build of configuration Debug for project DAC_Pooling ****
make -j16 all 
arm-none-eabi-gcc "../Core/Src/main.c" -mcpu=cortex-m4 -std=gnu11 -g3 -DDEBUG -DUSE_HAL_DRIVER -DSTM32F407xx -c -I../USB_HOST/App -I../USB_HOST/Target -I../Core/Inc -I../Drivers/STM32F4xx_HAL_Driver/Inc -I../Drivers/STM32F4xx_HAL_Driver/Inc/Legacy -I../Middlewares/ST/STM32_USB_Host_Library/Core/Inc -I../Middlewares/ST/STM32_USB_Host_Library/Class/CDC/Inc -I../Drivers/CMSIS/Device/ST/STM32F4xx/Include -I../Drivers/CMSIS/Include -O0 -ffunction-sections -fdata-sections -Wall -fstack-usage -fcyclomatic-complexity -MMD -MP -MF"Core/Src/main.d" -MT"Core/Src/main.o" --specs=nano.specs -mfpu=fpv4-sp-d16 -mfloat-abi=hard -mthumb -o "Core/Src/main.o"
arm-none-eabi-gcc -o "DAC_Pooling.elf" @"objects.list"   -mcpu=cortex-m4 -T"C:\Users\Jackson.Hall\Desktop\ENCE_4231_Jackson_Hall\STM32CubeIDE Projects\DAC_Pooling\STM32F407VGTX_FLASH.ld" --specs=nosys.specs -Wl,-Map="DAC_Pooling.map" -Wl,--gc-sections -static --specs=nano.specs -mfpu=fpv4-sp-d16 -mfloat-abi=hard -mthumb -Wl,--start-group -lc -lm -Wl,--end-group
Finished building target: DAC_Pooling.elf
 
arm-none-eabi-size  DAC_Pooling.elf 
arm-none-eabi-objdump -h -S DAC_Pooling.elf  > "DAC_Pooling.list"
   text	   data	    bss	    dec	    hex	filename
  37392	    128	   4152	  41672	   a2c8	DAC_Pooling.elf
Finished building: default.size.stdout
 
Finished building: DAC_Pooling.list
 

12:24:02 Build Finished. 0 errors, 0 warnings. (took 1s.119ms)

