13:14:25 **** Incremental Build of configuration Debug for project GPIO_Timer_Start ****
make -j16 all 
arm-none-eabi-gcc "../Core/Src/main.c" -mcpu=cortex-m4 -std=gnu11 -g3 -DDEBUG -DUSE_HAL_DRIVER -DSTM32F407xx -c -I../USB_HOST/App -I../USB_HOST/Target -I../Core/Inc -I../Drivers/STM32F4xx_HAL_Driver/Inc -I../Drivers/STM32F4xx_HAL_Driver/Inc/Legacy -I../Middlewares/ST/STM32_USB_Host_Library/Core/Inc -I../Middlewares/ST/STM32_USB_Host_Library/Class/CDC/Inc -I../Drivers/CMSIS/Device/ST/STM32F4xx/Include -I../Drivers/CMSIS/Include -O0 -ffunction-sections -fdata-sections -Wall -fstack-usage -fcyclomatic-complexity -MMD -MP -MF"Core/Src/main.d" -MT"Core/Src/main.o" --specs=nano.specs -mfpu=fpv4-sp-d16 -mfloat-abi=hard -mthumb -o "Core/Src/main.o"
arm-none-eabi-gcc -o "GPIO_Timer_Start.elf" @"objects.list"   -mcpu=cortex-m4 -T"C:\Users\Jackson.Hall\Desktop\ENCE_4231_Jackson_Hall\STM32CubeIDE Projects\GPIO_Timer_Start\STM32F407VGTX_FLASH.ld" --specs=nosys.specs -Wl,-Map="GPIO_Timer_Start.map" -Wl,--gc-sections -static --specs=nano.specs -mfpu=fpv4-sp-d16 -mfloat-abi=hard -mthumb -Wl,--start-group -lc -lm -Wl,--end-group
Finished building target: GPIO_Timer_Start.elf
 
arm-none-eabi-size  GPIO_Timer_Start.elf 
arm-none-eabi-objdump -h -S GPIO_Timer_Start.elf  > "GPIO_Timer_Start.list"
   text	   data	    bss	    dec	    hex	filename
  39816	    124	   4196	  44136	   ac68	GPIO_Timer_Start.elf
Finished building: default.size.stdout
 
Finished building: GPIO_Timer_Start.list
 

13:14:26 Build Finished. 0 errors, 0 warnings. (took 1s.677ms)

