12:48:16 **** Incremental Build of configuration Debug for project PWM_with_Timer ****
make -j16 all 
arm-none-eabi-gcc "../Core/Src/main.c" -mcpu=cortex-m4 -std=gnu11 -g3 -DDEBUG -DUSE_HAL_DRIVER -DSTM32F407xx -c -I../USB_HOST/App -I../USB_HOST/Target -I../Core/Inc -I../Drivers/STM32F4xx_HAL_Driver/Inc -I../Drivers/STM32F4xx_HAL_Driver/Inc/Legacy -I../Middlewares/ST/STM32_USB_Host_Library/Core/Inc -I../Middlewares/ST/STM32_USB_Host_Library/Class/CDC/Inc -I../Drivers/CMSIS/Device/ST/STM32F4xx/Include -I../Drivers/CMSIS/Include -O0 -ffunction-sections -fdata-sections -Wall -fstack-usage -fcyclomatic-complexity -MMD -MP -MF"Core/Src/main.d" -MT"Core/Src/main.o" --specs=nano.specs -mfpu=fpv4-sp-d16 -mfloat-abi=hard -mthumb -o "Core/Src/main.o"
arm-none-eabi-gcc -o "PWM_with_Timer.elf" @"objects.list"   -mcpu=cortex-m4 -T"C:\Users\Jackson.Hall\Desktop\ENCE_4231_Jackson_Hall\STM32CubeIDE Projects\PWM_with_Timer\STM32F407VGTX_FLASH.ld" --specs=nosys.specs -Wl,-Map="PWM_with_Timer.map" -Wl,--gc-sections -static --specs=nano.specs -mfpu=fpv4-sp-d16 -mfloat-abi=hard -mthumb -Wl,--start-group -lc -lm -Wl,--end-group
Finished building target: PWM_with_Timer.elf
 
arm-none-eabi-size  PWM_with_Timer.elf 
arm-none-eabi-objdump -h -S PWM_with_Timer.elf  > "PWM_with_Timer.list"
   text	   data	    bss	    dec	    hex	filename
  39860	    124	   4116	  44100	   ac44	PWM_with_Timer.elf
Finished building: default.size.stdout
 
Finished building: PWM_with_Timer.list
 

12:48:17 Build Finished. 0 errors, 0 warnings. (took 876ms)

