../Core/Src/main.c:82:6:get_SineVal	16	static
../Core/Src/main.c:87:6:map	24	static
../Core/Src/main.c:96:5:main	16	static
../Core/Src/main.c:162:6:SystemClock_Config	88	static
../Core/Src/main.c:208:13:MX_ADC1_Init	24	static
../Core/Src/main.c:260:13:MX_DAC_Init	16	static
../Core/Src/main.c:300:13:MX_I2C1_Init	8	static
../Core/Src/main.c:334:13:MX_SPI1_Init	8	static
../Core/Src/main.c:372:13:MX_TIM1_Init	32	static
../Core/Src/main.c:421:13:MX_TIM2_Init	32	static
../Core/Src/main.c:464:13:MX_DMA_Init	16	static
../Core/Src/main.c:482:13:MX_GPIO_Init	56	static
../Core/Src/main.c:590:6:HAL_ADC_ConvCpltCallback	24	static
../Core/Src/main.c:602:6:Error_Handler	4	static,ignoring_inline_asm
