Archive member included to satisfy reference by file (symbol)

C:/ST/STM32CubeIDE_1.18.0/STM32CubeIDE/plugins/com.st.stm32cube.ide.mcu.externaltools.gnu-tools-for-stm32.13.3.rel1.win32_1.0.0.202411081344/tools/bin/../lib/gcc/arm-none-eabi/13.3.1/../../../../arm-none-eabi/lib/thumb/v7e-m+fp/hard\libc_nano.a(libc_a-exit.o)
                              C:/ST/STM32CubeIDE_1.18.0/STM32CubeIDE/plugins/com.st.stm32cube.ide.mcu.externaltools.gnu-tools-for-stm32.13.3.rel1.win32_1.0.0.202411081344/tools/bin/../lib/gcc/arm-none-eabi/13.3.1/../../../../arm-none-eabi/lib/thumb/v7e-m+fp/hard/crt0.o (exit)
C:/ST/STM32CubeIDE_1.18.0/STM32CubeIDE/plugins/com.st.stm32cube.ide.mcu.externaltools.gnu-tools-for-stm32.13.3.rel1.win32_1.0.0.202411081344/tools/bin/../lib/gcc/arm-none-eabi/13.3.1/../../../../arm-none-eabi/lib/thumb/v7e-m+fp/hard\libc_nano.a(libc_a-malloc.o)
                              ./Middlewares/ST/STM32_USB_Host_Library/Class/CDC/Src/usbh_cdc.o (malloc)
C:/ST/STM32CubeIDE_1.18.0/STM32CubeIDE/plugins/com.st.stm32cube.ide.mcu.externaltools.gnu-tools-for-stm32.13.3.rel1.win32_1.0.0.202411081344/tools/bin/../lib/gcc/arm-none-eabi/13.3.1/../../../../arm-none-eabi/lib/thumb/v7e-m+fp/hard\libc_nano.a(libc_a-mallocr.o)
                              C:/ST/STM32CubeIDE_1.18.0/STM32CubeIDE/plugins/com.st.stm32cube.ide.mcu.externaltools.gnu-tools-for-stm32.13.3.rel1.win32_1.0.0.202411081344/tools/bin/../lib/gcc/arm-none-eabi/13.3.1/../../../../arm-none-eabi/lib/thumb/v7e-m+fp/hard\libc_nano.a(libc_a-malloc.o) (_malloc_r)
C:/ST/STM32CubeIDE_1.18.0/STM32CubeIDE/plugins/com.st.stm32cube.ide.mcu.externaltools.gnu-tools-for-stm32.13.3.rel1.win32_1.0.0.202411081344/tools/bin/../lib/gcc/arm-none-eabi/13.3.1/../../../../arm-none-eabi/lib/thumb/v7e-m+fp/hard\libc_nano.a(libc_a-mlock.o)
                              C:/ST/STM32CubeIDE_1.18.0/STM32CubeIDE/plugins/com.st.stm32cube.ide.mcu.externaltools.gnu-tools-for-stm32.13.3.rel1.win32_1.0.0.202411081344/tools/bin/../lib/gcc/arm-none-eabi/13.3.1/../../../../arm-none-eabi/lib/thumb/v7e-m+fp/hard\libc_nano.a(libc_a-mallocr.o) (__malloc_lock)
C:/ST/STM32CubeIDE_1.18.0/STM32CubeIDE/plugins/com.st.stm32cube.ide.mcu.externaltools.gnu-tools-for-stm32.13.3.rel1.win32_1.0.0.202411081344/tools/bin/../lib/gcc/arm-none-eabi/13.3.1/../../../../arm-none-eabi/lib/thumb/v7e-m+fp/hard\libc_nano.a(libc_a-findfp.o)
                              C:/ST/STM32CubeIDE_1.18.0/STM32CubeIDE/plugins/com.st.stm32cube.ide.mcu.externaltools.gnu-tools-for-stm32.13.3.rel1.win32_1.0.0.202411081344/tools/bin/../lib/gcc/arm-none-eabi/13.3.1/../../../../arm-none-eabi/lib/thumb/v7e-m+fp/hard\libc_nano.a(libc_a-exit.o) (__stdio_exit_handler)
C:/ST/STM32CubeIDE_1.18.0/STM32CubeIDE/plugins/com.st.stm32cube.ide.mcu.externaltools.gnu-tools-for-stm32.13.3.rel1.win32_1.0.0.202411081344/tools/bin/../lib/gcc/arm-none-eabi/13.3.1/../../../../arm-none-eabi/lib/thumb/v7e-m+fp/hard\libc_nano.a(libc_a-fwalk.o)
                              C:/ST/STM32CubeIDE_1.18.0/STM32CubeIDE/plugins/com.st.stm32cube.ide.mcu.externaltools.gnu-tools-for-stm32.13.3.rel1.win32_1.0.0.202411081344/tools/bin/../lib/gcc/arm-none-eabi/13.3.1/../../../../arm-none-eabi/lib/thumb/v7e-m+fp/hard\libc_nano.a(libc_a-findfp.o) (_fwalk_sglue)
C:/ST/STM32CubeIDE_1.18.0/STM32CubeIDE/plugins/com.st.stm32cube.ide.mcu.externaltools.gnu-tools-for-stm32.13.3.rel1.win32_1.0.0.202411081344/tools/bin/../lib/gcc/arm-none-eabi/13.3.1/../../../../arm-none-eabi/lib/thumb/v7e-m+fp/hard\libc_nano.a(libc_a-stdio.o)
                              C:/ST/STM32CubeIDE_1.18.0/STM32CubeIDE/plugins/com.st.stm32cube.ide.mcu.externaltools.gnu-tools-for-stm32.13.3.rel1.win32_1.0.0.202411081344/tools/bin/../lib/gcc/arm-none-eabi/13.3.1/../../../../arm-none-eabi/lib/thumb/v7e-m+fp/hard\libc_nano.a(libc_a-findfp.o) (__sread)
C:/ST/STM32CubeIDE_1.18.0/STM32CubeIDE/plugins/com.st.stm32cube.ide.mcu.externaltools.gnu-tools-for-stm32.13.3.rel1.win32_1.0.0.202411081344/tools/bin/../lib/gcc/arm-none-eabi/13.3.1/../../../../arm-none-eabi/lib/thumb/v7e-m+fp/hard\libc_nano.a(libc_a-memset.o)
                              C:/ST/STM32CubeIDE_1.18.0/STM32CubeIDE/plugins/com.st.stm32cube.ide.mcu.externaltools.gnu-tools-for-stm32.13.3.rel1.win32_1.0.0.202411081344/tools/bin/../lib/gcc/arm-none-eabi/13.3.1/../../../../arm-none-eabi/lib/thumb/v7e-m+fp/hard/crt0.o (memset)
C:/ST/STM32CubeIDE_1.18.0/STM32CubeIDE/plugins/com.st.stm32cube.ide.mcu.externaltools.gnu-tools-for-stm32.13.3.rel1.win32_1.0.0.202411081344/tools/bin/../lib/gcc/arm-none-eabi/13.3.1/../../../../arm-none-eabi/lib/thumb/v7e-m+fp/hard\libc_nano.a(libc_a-closer.o)
                              C:/ST/STM32CubeIDE_1.18.0/STM32CubeIDE/plugins/com.st.stm32cube.ide.mcu.externaltools.gnu-tools-for-stm32.13.3.rel1.win32_1.0.0.202411081344/tools/bin/../lib/gcc/arm-none-eabi/13.3.1/../../../../arm-none-eabi/lib/thumb/v7e-m+fp/hard\libc_nano.a(libc_a-stdio.o) (_close_r)
[...]
Memory Configuration

Name             Origin             Length             Attributes
CCMRAM           0x10000000         0x00010000         xrw
RAM              0x20000000         0x00020000         xrw
FLASH            0x08000000         0x00100000         xr
*default*        0x00000000         0xffffffff

Linker script and memory map

LOAD C:/ST/STM32CubeIDE_1.18.0/STM32CubeIDE/plugins/com.st.stm32cube.ide.mcu.externaltools.gnu-tools-for-stm32.13.3.rel1.win32_1.0.0.202411081344/tools/bin/../lib/gcc/arm-none-eabi/13.3.1/thumb/v7e-m+fp/hard/crti.o
LOAD C:/ST/STM32CubeIDE_1.18.0/STM32CubeIDE/plugins/com.st.stm32cube.ide.mcu.externaltools.gnu-tools-for-stm32.13.3.rel1.win32_1.0.0.202411081344/tools/bin/../lib/gcc/arm-none-eabi/13.3.1/thumb/v7e-m+fp/hard/crtbegin.o
LOAD C:/ST/STM32CubeIDE_1.18.0/STM32CubeIDE/plugins/com.st.stm32cube.ide.mcu.externaltools.gnu-tools-for-stm32.13.3.rel1.win32_1.0.0.202411081344/tools/bin/../lib/gcc/arm-none-eabi/13.3.1/../../../../arm-none-eabi/lib/thumb/v7e-m+fp/hard/crt0.o
LOAD ./Core/Src/main.o
LOAD ./Core/Src/stm32f4xx_hal_msp.o
LOAD ./Core/Src/stm32f4xx_it.o
LOAD ./Core/Src/syscalls.o
LOAD ./Core/Src/sysmem.o
LOAD ./Core/Src/system_stm32f4xx.o
LOAD ./Core/Startup/startup_stm32f407vgtx.o
LOAD ./Drivers/STM32F4xx_HAL_Driver/Src/stm32f4xx_hal.o
LOAD ./Drivers/STM32F4xx_HAL_Driver/Src/stm32f4xx_hal_adc.o
LOAD ./Drivers/STM32F4xx_HAL_Driver/Src/stm32f4xx_hal_adc_ex.o
LOAD ./Drivers/STM32F4xx_HAL_Driver/Src/stm32f4xx_hal_cortex.o
LOAD ./Drivers/STM32F4xx_HAL_Driver/Src/stm32f4xx_hal_dma.o
LOAD ./Drivers/STM32F4xx_HAL_Driver/Src/stm32f4xx_hal_dma_ex.o
LOAD ./Drivers/STM32F4xx_HAL_Driver/Src/stm32f4xx_hal_exti.o
LOAD ./Drivers/STM32F4xx_HAL_Driver/Src/stm32f4xx_hal_flash.o
LOAD ./Drivers/STM32F4xx_HAL_Driver/Src/stm32f4xx_hal_flash_ex.o
LOAD ./Drivers/STM32F4xx_HAL_Driver/Src/stm32f4xx_hal_flash_ramfunc.o
LOAD ./Drivers/STM32F4xx_HAL_Driver/Src/stm32f4xx_hal_gpio.o
LOAD ./Drivers/STM32F4xx_HAL_Driver/Src/stm32f4xx_hal_hcd.o
LOAD ./Drivers/STM32F4xx_HAL_Driver/Src/stm32f4xx_hal_i2c.o
LOAD ./Drivers/STM32F4xx_HAL_Driver/Src/stm32f4xx_hal_i2c_ex.o
LOAD ./Drivers/STM32F4xx_HAL_Driver/Src/stm32f4xx_hal_i2s.o
LOAD ./Drivers/STM32F4xx_HAL_Driver/Src/stm32f4xx_hal_i2s_ex.o
LOAD ./Drivers/STM32F4xx_HAL_Driver/Src/stm32f4xx_hal_pwr.o
LOAD ./Drivers/STM32F4xx_HAL_Driver/Src/stm32f4xx_hal_pwr_ex.o
LOAD ./Drivers/STM32F4xx_HAL_Driver/Src/stm32f4xx_hal_rcc.o
LOAD ./Drivers/STM32F4xx_HAL_Driver/Src/stm32f4xx_hal_rcc_ex.o
LOAD ./Drivers/STM32F4xx_HAL_Driver/Src/stm32f4xx_hal_spi.o
LOAD ./Drivers/STM32F4xx_HAL_Driver/Src/stm32f4xx_ll_adc.o
LOAD ./Drivers/STM32F4xx_HAL_Driver/Src/stm32f4xx_ll_usb.o
LOAD ./Middlewares/ST/STM32_USB_Host_Library/Class/CDC/Src/usbh_cdc.o
LOAD ./Middlewares/ST/STM32_USB_Host_Library/Core/Src/usbh_core.o
LOAD ./Middlewares/ST/STM32_USB_Host_Library/Core/Src/usbh_ctlreq.o
LOAD ./Middlewares/ST/STM32_USB_Host_Library/Core/Src/usbh_ioreq.o
LOAD ./Middlewares/ST/STM32_USB_Host_Library/Core/Src/usbh_pipes.o
LOAD ./USB_HOST/App/usb_host.o
LOAD ./USB_HOST/Target/usbh_conf.o
LOAD ./USB_HOST/Target/usbh_platform.o
START GROUP
LOAD C:/ST/STM32CubeIDE_1.18.0/STM32CubeIDE/plugins/com.st.stm32cube.ide.mcu.externaltools.gnu-tools-for-stm32.13.3.rel1.win32_1.0.0.202411081344/tools/bin/../lib/gcc/arm-none-eabi/13.3.1/../../../../arm-none-eabi/lib/thumb/v7e-m+fp/hard\libc_nano.a
LOAD C:/ST/STM32CubeIDE_1.18.0/STM32CubeIDE/plugins/com.st.stm32cube.ide.mcu.externaltools.gnu-tools-for-stm32.13.3.rel1.win32_1.0.0.202411081344/tools/bin/../lib/gcc/arm-none-eabi/13.3.1/../../../../arm-none-eabi/lib/thumb/v7e-m+fp/hard\libm.a
END GROUP
START GROUP
LOAD C:/ST/STM32CubeIDE_1.18.0/STM32CubeIDE/plugins/com.st.stm32cube.ide.mcu.externaltools.gnu-tools-for-stm32.13.3.rel1.win32_1.0.0.202411081344/tools/bin/../lib/gcc/arm-none-eabi/13.3.1/thumb/v7e-m+fp/hard\libgcc.a
LOAD C:/ST/STM32CubeIDE_1.18.0/STM32CubeIDE/plugins/com.st.stm32cube.ide.mcu.externaltools.gnu-tools-for-stm32.13.3.rel1.win32_1.0.0.202411081344/tools/bin/../lib/gcc/arm-none-eabi/13.3.1/../../../../arm-none-eabi/lib/thumb/v7e-m+fp/hard\libc_nano.a
END GROUP
START GROUP
LOAD C:/ST/STM32CubeIDE_1.18.0/STM32CubeIDE/plugins/com.st.stm32cube.ide.mcu.externaltools.gnu-tools-for-stm32.13.3.rel1.win32_1.0.0.202411081344/tools/bin/../lib/gcc/arm-none-eabi/13.3.1/thumb/v7e-m+fp/hard\libgcc.a
LOAD C:/ST/STM32CubeIDE_1.18.0/STM32CubeIDE/plugins/com.st.stm32cube.ide.mcu.externaltools.gnu-tools-for-stm32.13.3.rel1.win32_1.0.0.202411081344/tools/bin/../lib/gcc/arm-none-eabi/13.3.1/../../../../arm-none-eabi/lib/thumb/v7e-m+fp/hard\libc_nano.a
LOAD C:/ST/STM32CubeIDE_1.18.0/STM32CubeIDE/plugins/com.st.stm32cube.ide.mcu.externaltools.gnu-tools-for-stm32.13.3.rel1.win32_1.0.0.202411081344/tools/bin/../lib/gcc/arm-none-eabi/13.3.1/../../../../arm-none-eabi/lib/thumb/v7e-m+fp/hard\libnosys.a
END GROUP
START GROUP
LOAD C:/ST/STM32CubeIDE_1.18.0/STM32CubeIDE/plugins/com.st.stm32cube.ide.mcu.externaltools.gnu-tools-for-stm32.13.3.rel1.win32_1.0.0.202411081344/tools/bin/../lib/gcc/arm-none-eabi/13.3.1/thumb/v7e-m+fp/hard\libgcc.a
LOAD C:/ST/STM32CubeIDE_1.18.0/STM32CubeIDE/plugins/com.st.stm32cube.ide.mcu.externaltools.gnu-tools-for-stm32.13.3.rel1.win32_1.0.0.202411081344/tools/bin/../lib/gcc/arm-none-eabi/13.3.1/../../../../arm-none-eabi/lib/thumb/v7e-m+fp/hard\libc_nano.a
LOAD C:/ST/STM32CubeIDE_1.18.0/STM32CubeIDE/plugins/com.st.stm32cube.ide.mcu.externaltools.gnu-tools-for-stm32.13.3.rel1.win32_1.0.0.202411081344/tools/bin/../lib/gcc/arm-none-eabi/13.3.1/../../../../arm-none-eabi/lib/thumb/v7e-m+fp/hard\libnosys.a
END GROUP
LOAD C:/ST/STM32CubeIDE_1.18.0/STM32CubeIDE/plugins/com.st.stm32cube.ide.mcu.externaltools.gnu-tools-for-stm32.13.3.rel1.win32_1.0.0.202411081344/tools/bin/../lib/gcc/arm-none-eabi/13.3.1/thumb/v7e-m+fp/hard/crtend.o
LOAD C:/ST/STM32CubeIDE_1.18.0/STM32CubeIDE/plugins/com.st.stm32cube.ide.mcu.externaltools.gnu-tools-for-stm32.13.3.rel1.win32_1.0.0.202411081344/tools/bin/../lib/gcc/arm-none-eabi/13.3.1/thumb/v7e-m+fp/hard/crtn.o
                0x20020000                        _estack = (ORIGIN (RAM) + LENGTH (RAM))
                0x00000200                        _Min_Heap_Size = 0x200
                0x00000400                        _Min_Stack_Size = 0x400

.isr_vector     0x08000000      0x188
                0x08000000                        . = ALIGN (0x4)
 *(.isr_vector)
 .isr_vector    0x08000000      0x188 ./Core/Startup/startup_stm32f407vgtx.o
                0x08000000                g_pfnVectors
                0x08000188                        . = ALIGN (0x4)

.text           0x08000188     0x9364
                0x08000188                        . = ALIGN (0x4)
 *(.text)
 .text          0x08000188       0x40 C:/ST/STM32CubeIDE_1.18.0/STM32CubeIDE/plugins/com.st.stm32cube.ide.mcu.externaltools.gnu-tools-for-stm32.13.3.rel1.win32_1.0.0.202411081344/tools/bin/../lib/gcc/arm-none-eabi/13.3.1/thumb/v7e-m+fp/hard/crtbegin.o
 .text          0x080001c8       0x30 C:/ST/STM32CubeIDE_1.18.0/STM32CubeIDE/plugins/com.st.stm32cube.ide.mcu.externaltools.gnu-tools-for-stm32.13.3.rel1.win32_1.0.0.202411081344/tools/bin/../lib/gcc/arm-none-eabi/13.3.1/thumb/v7e-m+fp/hard\libgcc.a(_aeabi_uldivmod.o)
                0x080001c8                __aeabi_uldivmod
 .text          0x080001f8      0x2f8 C:/ST/STM32CubeIDE_1.18.0/STM32CubeIDE/plugins/com.st.stm32cube.ide.mcu.externaltools.gnu-tools-for-stm32.13.3.rel1.win32_1.0.0.202411081344/tools/bin/../lib/gcc/arm-none-eabi/13.3.1/thumb/v7e-m+fp/hard\libgcc.a(_udivmoddi4.o)
                0x080001f8                __udivmoddi4
 .text          0x080004f0        0x4 C:/ST/STM32CubeIDE_1.18.0/STM32CubeIDE/plugins/com.st.stm32cube.ide.mcu.externaltools.gnu-tools-for-stm32.13.3.rel1.win32_1.0.0.202411081344/tools/bin/../lib/gcc/arm-none-eabi/13.3.1/thumb/v7e-m+fp/hard\libgcc.a(_dvmd_tls.o)
                0x080004f0                __aeabi_idiv0
                0x080004f0                __aeabi_ldiv0
 *(.text*)
 .text.map      0x080004f4       0x3c ./Core/Src/main.o
                0x080004f4                map
 .text.main     0x08000530       0x84 ./Core/Src/main.o
                0x08000530                main
 .text.SystemClock_Config
                0x080005b4       0xd4 ./Core/Src/main.o
                0x080005b4                SystemClock_Config
 .text.MX_ADC1_Init
                0x08000688       0xa4 ./Core/Src/main.o
 .text.MX_I2C1_Init
                0x0800072c       0x5c ./Core/Src/main.o
 .text.MX_I2S3_Init
                0x08000788       0x60 ./Core/Src/main.o
 .text.MX_SPI1_Init
                0x080007e8       0x6c ./Core/Src/main.o
 .text.MX_GPIO_Init
                0x08000854      0x214 ./Core/Src/main.o
 .text.Error_Handler
                0x08000a68        0xc ./Core/Src/main.o
                0x08000a68                Error_Handler
 .text.HAL_MspInit
                0x08000a74       0x50 ./Core/Src/stm32f4xx_hal_msp.o
                0x08000a74                HAL_MspInit
 .text.HAL_ADC_MspInit
                0x08000ac4       0x88 ./Core/Src/stm32f4xx_hal_msp.o
                0x08000ac4                HAL_ADC_MspInit
 .text.HAL_I2C_MspInit
                0x08000b4c       0x90 ./Core/Src/stm32f4xx_hal_msp.o
                0x08000b4c                HAL_I2C_MspInit
 .text.HAL_I2S_MspInit
                0x08000bdc      0x100 ./Core/Src/stm32f4xx_hal_msp.o
                0x08000bdc                HAL_I2S_MspInit
 .text.HAL_SPI_MspInit
                0x08000cdc       0x90 ./Core/Src/stm32f4xx_hal_msp.o
                0x08000cdc                HAL_SPI_MspInit
 .text.NMI_Handler
                0x08000d6c        0x8 ./Core/Src/stm32f4xx_it.o
                0x08000d6c                NMI_Handler
 .text.HardFault_Handler
                0x08000d74        0x8 ./Core/Src/stm32f4xx_it.o
                0x08000d74                HardFault_Handler
 .text.MemManage_Handler
                0x08000d7c        0x8 ./Core/Src/stm32f4xx_it.o
                0x08000d7c                MemManage_Handler
 .text.BusFault_Handler
                0x08000d84        0x8 ./Core/Src/stm32f4xx_it.o
                0x08000d84                BusFault_Handler
 .text.UsageFault_Handler
                0x08000d8c        0x8 ./Core/Src/stm32f4xx_it.o
                0x08000d8c                UsageFault_Handler
 .text.SVC_Handler
                0x08000d94        0xe ./Core/Src/stm32f4xx_it.o
                0x08000d94                SVC_Handler
 .text.DebugMon_Handler
                0x08000da2        0xe ./Core/Src/stm32f4xx_it.o
                0x08000da2                DebugMon_Handler
 .text.PendSV_Handler
                0x08000db0        0xe ./Core/Src/stm32f4xx_it.o
                0x08000db0                PendSV_Handler
 .text.SysTick_Handler
                0x08000dbe        0xc ./Core/Src/stm32f4xx_it.o
                0x08000dbe                SysTick_Handler
 *fill*         0x08000dca        0x2 
 .text.OTG_FS_IRQHandler
                0x08000dcc       0x14 ./Core/Src/stm32f4xx_it.o
                0x08000dcc                OTG_FS_IRQHandler
 .text._sbrk    0x08000de0       0x6c ./Core/Src/sysmem.o
                0x08000de0                _sbrk
 .text.SystemInit
                0x08000e4c       0x24 ./Core/Src/system_stm32f4xx.o
                0x08000e4c                SystemInit
 .text.Reset_Handler
                0x08000e70       0x50 ./Core/Startup/startup_stm32f407vgtx.o
                0x08000e70                Reset_Handler
 .text.Default_Handler
                0x08000ec0        0x2 ./Core/Startup/startup_stm32f407vgtx.o
                0x08000ec0                RTC_Alarm_IRQHandler
                0x08000ec0                HASH_RNG_IRQHandler
                0x08000ec0                EXTI2_IRQHandler
                0x08000ec0                TIM8_CC_IRQHandler
                0x08000ec0                TIM1_CC_IRQHandler
                0x08000ec0                DMA2_Stream5_IRQHandler
                0x08000ec0                DMA1_Stream5_IRQHandler
                0x08000ec0                PVD_IRQHandler
                0x08000ec0                SDIO_IRQHandler
                0x08000ec0                TAMP_STAMP_IRQHandler
                0x08000ec0                CAN2_RX1_IRQHandler
                0x08000ec0                EXTI3_IRQHandler
                0x08000ec0                TIM8_TRG_COM_TIM14_IRQHandler
                0x08000ec0                TIM1_UP_TIM10_IRQHandler
                0x08000ec0                TIM8_UP_TIM13_IRQHandler
                0x08000ec0                I2C3_ER_IRQHandler
                0x08000ec0                EXTI0_IRQHandler
                0x08000ec0                I2C2_EV_IRQHandler
                0x08000ec0                DMA1_Stream2_IRQHandler
                0x08000ec0                CAN1_RX0_IRQHandler
                0x08000ec0                FPU_IRQHandler
                0x08000ec0                OTG_HS_WKUP_IRQHandler
                0x08000ec0                CAN2_SCE_IRQHandler
                0x08000ec0                DMA2_Stream2_IRQHandler
                0x08000ec0                SPI1_IRQHandler
                0x08000ec0                TIM6_DAC_IRQHandler
                0x08000ec0                TIM1_BRK_TIM9_IRQHandler
                0x08000ec0                DCMI_IRQHandler
                0x08000ec0                CAN2_RX0_IRQHandler
                0x08000ec0                DMA2_Stream3_IRQHandler
                0x08000ec0                USART6_IRQHandler
                0x08000ec0                USART3_IRQHandler
                0x08000ec0                CAN1_RX1_IRQHandler
                0x08000ec0                UART5_IRQHandler
                0x08000ec0                DMA2_Stream0_IRQHandler
                0x08000ec0                TIM4_IRQHandler
                0x08000ec0                I2C1_EV_IRQHandler
                0x08000ec0                DMA1_Stream6_IRQHandler
                0x08000ec0                DMA1_Stream1_IRQHandler
                0x08000ec0                UART4_IRQHandler
                0x08000ec0                TIM3_IRQHandler
                0x08000ec0                RCC_IRQHandler
                0x08000ec0                TIM8_BRK_TIM12_IRQHandler
                0x08000ec0                Default_Handler
                0x08000ec0                EXTI15_10_IRQHandler
                0x08000ec0                ADC_IRQHandler
                0x08000ec0                DMA1_Stream7_IRQHandler
                0x08000ec0                TIM7_IRQHandler
                0x08000ec0                CAN2_TX_IRQHandler
                0x08000ec0                TIM5_IRQHandler
                0x08000ec0                DMA2_Stream7_IRQHandler
                0x08000ec0                I2C3_EV_IRQHandler
                0x08000ec0                EXTI9_5_IRQHandler
                0x08000ec0                RTC_WKUP_IRQHandler
                0x08000ec0                ETH_WKUP_IRQHandler
                0x08000ec0                SPI2_IRQHandler
                0x08000ec0                OTG_HS_EP1_IN_IRQHandler
                0x08000ec0                DMA1_Stream0_IRQHandler
                0x08000ec0                CAN1_TX_IRQHandler
                0x08000ec0                EXTI4_IRQHandler
                0x08000ec0                FSMC_IRQHandler
                0x08000ec0                ETH_IRQHandler
                0x08000ec0                OTG_HS_EP1_OUT_IRQHandler
                0x08000ec0                WWDG_IRQHandler
                0x08000ec0                TIM2_IRQHandler
                0x08000ec0                OTG_FS_WKUP_IRQHandler
                0x08000ec0                TIM1_TRG_COM_TIM11_IRQHandler
                0x08000ec0                OTG_HS_IRQHandler
                0x08000ec0                EXTI1_IRQHandler
                0x08000ec0                USART2_IRQHandler
                0x08000ec0                I2C2_ER_IRQHandler
                0x08000ec0                DMA2_Stream1_IRQHandler
                0x08000ec0                CAN1_SCE_IRQHandler
                0x08000ec0                FLASH_IRQHandler
                0x08000ec0                DMA2_Stream4_IRQHandler
                0x08000ec0                USART1_IRQHandler
                0x08000ec0                SPI3_IRQHandler
                0x08000ec0                DMA1_Stream4_IRQHandler
                0x08000ec0                I2C1_ER_IRQHandler
                0x08000ec0                DMA2_Stream6_IRQHandler
                0x08000ec0                DMA1_Stream3_IRQHandler
 *fill*         0x08000ec2        0x2 
 .text.HAL_Init
                0x08000ec4       0x44 ./Drivers/STM32F4xx_HAL_Driver/Src/stm32f4xx_hal.o
                0x08000ec4                HAL_Init
 .text.HAL_InitTick
                0x08000f08       0x60 ./Drivers/STM32F4xx_HAL_Driver/Src/stm32f4xx_hal.o
                0x08000f08                HAL_InitTick
 .text.HAL_IncTick
                0x08000f68       0x28 ./Drivers/STM32F4xx_HAL_Driver/Src/stm32f4xx_hal.o
                0x08000f68                HAL_IncTick
 .text.HAL_GetTick
                0x08000f90       0x18 ./Drivers/STM32F4xx_HAL_Driver/Src/stm32f4xx_hal.o
                0x08000f90                HAL_GetTick
 .text.HAL_Delay
                0x08000fa8       0x48 ./Drivers/STM32F4xx_HAL_Driver/Src/stm32f4xx_hal.o
                0x08000fa8                HAL_Delay
 .text.HAL_ADC_Init
                0x08000ff0       0x86 ./Drivers/STM32F4xx_HAL_Driver/Src/stm32f4xx_hal_adc.o
                0x08000ff0                HAL_ADC_Init
 *fill*         0x08001076        0x2 
 .text.HAL_ADC_Start
                0x08001078      0x1a4 ./Drivers/STM32F4xx_HAL_Driver/Src/stm32f4xx_hal_adc.o
                0x08001078                HAL_ADC_Start
 .text.HAL_ADC_Stop
                0x0800121c       0x66 ./Drivers/STM32F4xx_HAL_Driver/Src/stm32f4xx_hal_adc.o
                0x0800121c                HAL_ADC_Stop
 .text.HAL_ADC_PollForConversion
                0x08001282      0x116 ./Drivers/STM32F4xx_HAL_Driver/Src/stm32f4xx_hal_adc.o
                0x08001282                HAL_ADC_PollForConversion
 .text.HAL_ADC_GetValue
                0x08001398       0x1a ./Drivers/STM32F4xx_HAL_Driver/Src/stm32f4xx_hal_adc.o
                0x08001398                HAL_ADC_GetValue
 *fill*         0x080013b2        0x2 
 .text.HAL_ADC_ConfigChannel
                0x080013b4      0x244 ./Drivers/STM32F4xx_HAL_Driver/Src/stm32f4xx_hal_adc.o
                0x080013b4                HAL_ADC_ConfigChannel
 .text.ADC_Init
                0x080015f8      0x1f8 ./Drivers/STM32F4xx_HAL_Driver/Src/stm32f4xx_hal_adc.o
 .text.__NVIC_SetPriorityGrouping
                0x080017f0       0x48 ./Drivers/STM32F4xx_HAL_Driver/Src/stm32f4xx_hal_cortex.o
 .text.__NVIC_GetPriorityGrouping
                0x08001838       0x1c ./Drivers/STM32F4xx_HAL_Driver/Src/stm32f4xx_hal_cortex.o
 .text.__NVIC_EnableIRQ
                0x08001854       0x3c ./Drivers/STM32F4xx_HAL_Driver/Src/stm32f4xx_hal_cortex.o
 .text.__NVIC_SetPriority
                0x08001890       0x54 ./Drivers/STM32F4xx_HAL_Driver/Src/stm32f4xx_hal_cortex.o
 .text.NVIC_EncodePriority
                0x080018e4       0x66 ./Drivers/STM32F4xx_HAL_Driver/Src/stm32f4xx_hal_cortex.o
 *fill*         0x0800194a        0x2 
 .text.SysTick_Config
                0x0800194c       0x44 ./Drivers/STM32F4xx_HAL_Driver/Src/stm32f4xx_hal_cortex.o
 .text.HAL_NVIC_SetPriorityGrouping
                0x08001990       0x16 ./Drivers/STM32F4xx_HAL_Driver/Src/stm32f4xx_hal_cortex.o
                0x08001990                HAL_NVIC_SetPriorityGrouping
 .text.HAL_NVIC_SetPriority
                0x080019a6       0x38 ./Drivers/STM32F4xx_HAL_Driver/Src/stm32f4xx_hal_cortex.o
                0x080019a6                HAL_NVIC_SetPriority
 .text.HAL_NVIC_EnableIRQ
                0x080019de       0x1c ./Drivers/STM32F4xx_HAL_Driver/Src/stm32f4xx_hal_cortex.o
                0x080019de                HAL_NVIC_EnableIRQ
 .text.HAL_SYSTICK_Config
                0x080019fa       0x18 ./Drivers/STM32F4xx_HAL_Driver/Src/stm32f4xx_hal_cortex.o
                0x080019fa                HAL_SYSTICK_Config
 *fill*         0x08001a12        0x2 
 .text.HAL_GPIO_Init
                0x08001a14      0x338 ./Drivers/STM32F4xx_HAL_Driver/Src/stm32f4xx_hal_gpio.o
                0x08001a14                HAL_GPIO_Init
 .text.HAL_GPIO_WritePin
                0x08001d4c       0x32 ./Drivers/STM32F4xx_HAL_Driver/Src/stm32f4xx_hal_gpio.o
                0x08001d4c                HAL_GPIO_WritePin
 .text.HAL_HCD_Init
                0x08001d7e       0xce ./Drivers/STM32F4xx_HAL_Driver/Src/stm32f4xx_hal_hcd.o
                0x08001d7e                HAL_HCD_Init
 .text.HAL_HCD_HC_Init
                0x08001e4c      0x170 ./Drivers/STM32F4xx_HAL_Driver/Src/stm32f4xx_hal_hcd.o
                0x08001e4c                HAL_HCD_HC_Init
 .text.HAL_HCD_HC_Halt
                0x08001fbc       0x46 ./Drivers/STM32F4xx_HAL_Driver/Src/stm32f4xx_hal_hcd.o
                0x08001fbc                HAL_HCD_HC_Halt
 *fill*         0x08002002        0x2 
 .text.HAL_HCD_HC_SubmitRequest
                0x08002004      0x33c ./Drivers/STM32F4xx_HAL_Driver/Src/stm32f4xx_hal_hcd.o
                0x08002004                HAL_HCD_HC_SubmitRequest
 .text.HAL_HCD_IRQHandler
                0x08002340      0x220 ./Drivers/STM32F4xx_HAL_Driver/Src/stm32f4xx_hal_hcd.o
                0x08002340                HAL_HCD_IRQHandler
 .text.HAL_HCD_Start
                0x08002560       0x46 ./Drivers/STM32F4xx_HAL_Driver/Src/stm32f4xx_hal_hcd.o
                0x08002560                HAL_HCD_Start
 .text.HAL_HCD_Stop
                0x080025a6       0x3a ./Drivers/STM32F4xx_HAL_Driver/Src/stm32f4xx_hal_hcd.o
                0x080025a6                HAL_HCD_Stop
 .text.HAL_HCD_ResetPort
                0x080025e0       0x1c ./Drivers/STM32F4xx_HAL_Driver/Src/stm32f4xx_hal_hcd.o
                0x080025e0                HAL_HCD_ResetPort
 .text.HAL_HCD_HC_GetURBState
                0x080025fc       0x2a ./Drivers/STM32F4xx_HAL_Driver/Src/stm32f4xx_hal_hcd.o
                0x080025fc                HAL_HCD_HC_GetURBState
 .text.HAL_HCD_HC_GetXferCount
                0x08002626       0x2a ./Drivers/STM32F4xx_HAL_Driver/Src/stm32f4xx_hal_hcd.o
                0x08002626                HAL_HCD_HC_GetXferCount
 .text.HAL_HCD_GetCurrentFrame
                0x08002650       0x1c ./Drivers/STM32F4xx_HAL_Driver/Src/stm32f4xx_hal_hcd.o
                0x08002650                HAL_HCD_GetCurrentFrame
 .text.HAL_HCD_GetCurrentSpeed
                0x0800266c       0x1c ./Drivers/STM32F4xx_HAL_Driver/Src/stm32f4xx_hal_hcd.o
                0x0800266c                HAL_HCD_GetCurrentSpeed
 .text.HAL_HCD_HC_ClearHubInfo
                0x08002688       0x6a ./Drivers/STM32F4xx_HAL_Driver/Src/stm32f4xx_hal_hcd.o
                0x08002688                HAL_HCD_HC_ClearHubInfo
 .text.HCD_HC_IN_IRQHandler
                0x080026f2      0xcd2 ./Drivers/STM32F4xx_HAL_Driver/Src/stm32f4xx_hal_hcd.o
 .text.HCD_HC_OUT_IRQHandler
                0x080033c4      0x97e ./Drivers/STM32F4xx_HAL_Driver/Src/stm32f4xx_hal_hcd.o
 .text.HCD_RXQLVL_IRQHandler
                0x08003d42      0x1be ./Drivers/STM32F4xx_HAL_Driver/Src/stm32f4xx_hal_hcd.o
 .text.HCD_Port_IRQHandler
                0x08003f00       0xe6 ./Drivers/STM32F4xx_HAL_Driver/Src/stm32f4xx_hal_hcd.o
 *fill*         0x08003fe6        0x2 
 .text.HAL_I2C_Init
                0x08003fe8      0x288 ./Drivers/STM32F4xx_HAL_Driver/Src/stm32f4xx_hal_i2c.o
                0x08003fe8                HAL_I2C_Init
 .text.HAL_I2S_Init
                0x08004270      0x280 ./Drivers/STM32F4xx_HAL_Driver/Src/stm32f4xx_hal_i2s.o
                0x08004270                HAL_I2S_Init
 .text.HAL_I2S_TxCpltCallback
                0x080044f0       0x14 ./Drivers/STM32F4xx_HAL_Driver/Src/stm32f4xx_hal_i2s.o
                0x080044f0                HAL_I2S_TxCpltCallback
 .text.HAL_I2S_RxCpltCallback
                0x08004504       0x14 ./Drivers/STM32F4xx_HAL_Driver/Src/stm32f4xx_hal_i2s.o
                0x08004504                HAL_I2S_RxCpltCallback
 .text.HAL_I2S_ErrorCallback
                0x08004518       0x14 ./Drivers/STM32F4xx_HAL_Driver/Src/stm32f4xx_hal_i2s.o
                0x08004518                HAL_I2S_ErrorCallback
 .text.I2S_Transmit_IT
                0x0800452c       0x5c ./Drivers/STM32F4xx_HAL_Driver/Src/stm32f4xx_hal_i2s.o
 .text.I2S_Receive_IT
                0x08004588       0x5e ./Drivers/STM32F4xx_HAL_Driver/Src/stm32f4xx_hal_i2s.o
 .text.I2S_IRQHandler
                0x080045e6      0x114 ./Drivers/STM32F4xx_HAL_Driver/Src/stm32f4xx_hal_i2s.o
 *fill*         0x080046fa        0x2 
 .text.HAL_I2SEx_FullDuplex_IRQHandler
                0x080046fc      0x2a8 ./Drivers/STM32F4xx_HAL_Driver/Src/stm32f4xx_hal_i2s_ex.o
                0x080046fc                HAL_I2SEx_FullDuplex_IRQHandler
 .text.HAL_I2SEx_TxRxCpltCallback
                0x080049a4       0x14 ./Drivers/STM32F4xx_HAL_Driver/Src/stm32f4xx_hal_i2s_ex.o
                0x080049a4                HAL_I2SEx_TxRxCpltCallback
 .text.I2SEx_TxISR_I2S
                0x080049b8       0x62 ./Drivers/STM32F4xx_HAL_Driver/Src/stm32f4xx_hal_i2s_ex.o
 *fill*         0x08004a1a        0x2 
 .text.I2SEx_TxISR_I2SExt
                0x08004a1c       0x98 ./Drivers/STM32F4xx_HAL_Driver/Src/stm32f4xx_hal_i2s_ex.o
 .text.I2SEx_RxISR_I2S
                0x08004ab4       0x64 ./Drivers/STM32F4xx_HAL_Driver/Src/stm32f4xx_hal_i2s_ex.o
 .text.I2SEx_RxISR_I2SExt
                0x08004b18       0x98 ./Drivers/STM32F4xx_HAL_Driver/Src/stm32f4xx_hal_i2s_ex.o
 .text.HAL_RCC_OscConfig
                0x08004bb0      0x4f0 ./Drivers/STM32F4xx_HAL_Driver/Src/stm32f4xx_hal_rcc.o
                0x08004bb0                HAL_RCC_OscConfig
 .text.HAL_RCC_ClockConfig
                0x080050a0      0x1cc ./Drivers/STM32F4xx_HAL_Driver/Src/stm32f4xx_hal_rcc.o
                0x080050a0                HAL_RCC_ClockConfig
 .text.HAL_RCC_GetSysClockFreq
                0x0800526c      0x20c ./Drivers/STM32F4xx_HAL_Driver/Src/stm32f4xx_hal_rcc.o
                0x0800526c                HAL_RCC_GetSysClockFreq
 .text.HAL_RCC_GetHCLKFreq
                0x08005478       0x18 ./Drivers/STM32F4xx_HAL_Driver/Src/stm32f4xx_hal_rcc.o
                0x08005478                HAL_RCC_GetHCLKFreq
 .text.HAL_RCC_GetPCLK1Freq
                0x08005490       0x28 ./Drivers/STM32F4xx_HAL_Driver/Src/stm32f4xx_hal_rcc.o
                0x08005490                HAL_RCC_GetPCLK1Freq
 .text.HAL_RCCEx_PeriphCLKConfig
                0x080054b8      0x1c4 ./Drivers/STM32F4xx_HAL_Driver/Src/stm32f4xx_hal_rcc_ex.o
                0x080054b8                HAL_RCCEx_PeriphCLKConfig
 .text.HAL_RCCEx_GetPeriphCLKFreq
                0x0800567c       0xc0 ./Drivers/STM32F4xx_HAL_Driver/Src/stm32f4xx_hal_rcc_ex.o
                0x0800567c                HAL_RCCEx_GetPeriphCLKFreq
 .text.HAL_SPI_Init
                0x0800573c      0x112 ./Drivers/STM32F4xx_HAL_Driver/Src/stm32f4xx_hal_spi.o
                0x0800573c                HAL_SPI_Init
 .text.USB_CoreInit
                0x0800584e       0xc8 ./Drivers/STM32F4xx_HAL_Driver/Src/stm32f4xx_ll_usb.o
                0x0800584e                USB_CoreInit
 .text.USB_EnableGlobalInt
                0x08005916       0x22 ./Drivers/STM32F4xx_HAL_Driver/Src/stm32f4xx_ll_usb.o
                0x08005916                USB_EnableGlobalInt
 .text.USB_DisableGlobalInt
                0x08005938       0x22 ./Drivers/STM32F4xx_HAL_Driver/Src/stm32f4xx_ll_usb.o
                0x08005938                USB_DisableGlobalInt
 .text.USB_SetCurrentMode
                0x0800595a       0x98 ./Drivers/STM32F4xx_HAL_Driver/Src/stm32f4xx_ll_usb.o
                0x0800595a                USB_SetCurrentMode
 .text.USB_FlushTxFifo
                0x080059f2       0x64 ./Drivers/STM32F4xx_HAL_Driver/Src/stm32f4xx_ll_usb.o
                0x080059f2                USB_FlushTxFifo
 .text.USB_FlushRxFifo
                0x08005a56       0x5c ./Drivers/STM32F4xx_HAL_Driver/Src/stm32f4xx_ll_usb.o
                0x08005a56                USB_FlushRxFifo
 .text.USB_WritePacket
                0x08005ab2       0x7c ./Drivers/STM32F4xx_HAL_Driver/Src/stm32f4xx_ll_usb.o
                0x08005ab2                USB_WritePacket
 .text.USB_ReadPacket
                0x08005b2e       0xb0 ./Drivers/STM32F4xx_HAL_Driver/Src/stm32f4xx_ll_usb.o
                0x08005b2e                USB_ReadPacket
 .text.USB_ReadInterrupts
                0x08005bde       0x26 ./Drivers/STM32F4xx_HAL_Driver/Src/stm32f4xx_ll_usb.o
                0x08005bde                USB_ReadInterrupts
 .text.USB_ReadChInterrupts
                0x08005c04       0x42 ./Drivers/STM32F4xx_HAL_Driver/Src/stm32f4xx_ll_usb.o
                0x08005c04                USB_ReadChInterrupts
 .text.USB_GetMode
                0x08005c46       0x1c ./Drivers/STM32F4xx_HAL_Driver/Src/stm32f4xx_ll_usb.o
                0x08005c46                USB_GetMode
 .text.USB_CoreReset
                0x08005c62       0x62 ./Drivers/STM32F4xx_HAL_Driver/Src/stm32f4xx_ll_usb.o
 .text.USB_HostInit
                0x08005cc4      0x188 ./Drivers/STM32F4xx_HAL_Driver/Src/stm32f4xx_ll_usb.o
                0x08005cc4                USB_HostInit
 .text.USB_InitFSLSPClkSel
                0x08005e4c       0x7a ./Drivers/STM32F4xx_HAL_Driver/Src/stm32f4xx_ll_usb.o
                0x08005e4c                USB_InitFSLSPClkSel
 .text.USB_ResetPort
                0x08005ec6       0x54 ./Drivers/STM32F4xx_HAL_Driver/Src/stm32f4xx_ll_usb.o
                0x08005ec6                USB_ResetPort
 .text.USB_DriveVbus
                0x08005f1a       0x72 ./Drivers/STM32F4xx_HAL_Driver/Src/stm32f4xx_ll_usb.o
                0x08005f1a                USB_DriveVbus
 .text.USB_GetHostSpeed
                0x08005f8c       0x2e ./Drivers/STM32F4xx_HAL_Driver/Src/stm32f4xx_ll_usb.o
                0x08005f8c                USB_GetHostSpeed
 .text.USB_GetCurrentFrame
                0x08005fba       0x22 ./Drivers/STM32F4xx_HAL_Driver/Src/stm32f4xx_ll_usb.o
                0x08005fba                USB_GetCurrentFrame
 .text.USB_HC_Init
                0x08005fdc      0x258 ./Drivers/STM32F4xx_HAL_Driver/Src/stm32f4xx_ll_usb.o
                0x08005fdc                USB_HC_Init
 .text.USB_HC_StartXfer
                0x08006234      0x4f4 ./Drivers/STM32F4xx_HAL_Driver/Src/stm32f4xx_ll_usb.o
                0x08006234                USB_HC_StartXfer
 .text.USB_HC_ReadInterrupt
                0x08006728       0x22 ./Drivers/STM32F4xx_HAL_Driver/Src/stm32f4xx_ll_usb.o
                0x08006728                USB_HC_ReadInterrupt
 .text.USB_HC_Halt
                0x0800674a      0x240 ./Drivers/STM32F4xx_HAL_Driver/Src/stm32f4xx_ll_usb.o
                0x0800674a                USB_HC_Halt
 *fill*         0x0800698a        0x2 
 .text.USB_DoPing
                0x0800698c       0x78 ./Drivers/STM32F4xx_HAL_Driver/Src/stm32f4xx_ll_usb.o
                0x0800698c                USB_DoPing
 .text.USB_StopHost
                0x08006a04      0x124 ./Drivers/STM32F4xx_HAL_Driver/Src/stm32f4xx_ll_usb.o
                0x08006a04                USB_StopHost
 .text.USBH_CDC_InterfaceInit
                0x08006b28      0x2ac ./Middlewares/ST/STM32_USB_Host_Library/Class/CDC/Src/usbh_cdc.o
 .text.USBH_CDC_InterfaceDeInit
                0x08006dd4       0xb2 ./Middlewares/ST/STM32_USB_Host_Library/Class/CDC/Src/usbh_cdc.o
 .text.USBH_CDC_ClassRequest
                0x08006e86       0x3e ./Middlewares/ST/STM32_USB_Host_Library/Class/CDC/Src/usbh_cdc.o
 .text.USBH_CDC_Process
                0x08006ec4      0x12c ./Middlewares/ST/STM32_USB_Host_Library/Class/CDC/Src/usbh_cdc.o
 .text.USBH_CDC_SOFProcess
                0x08006ff0       0x16 ./Middlewares/ST/STM32_USB_Host_Library/Class/CDC/Src/usbh_cdc.o
 .text.GetLineCoding
                0x08007006       0x3e ./Middlewares/ST/STM32_USB_Host_Library/Class/CDC/Src/usbh_cdc.o
 .text.SetLineCoding
                0x08007044       0x3e ./Middlewares/ST/STM32_USB_Host_Library/Class/CDC/Src/usbh_cdc.o
 .text.CDC_ProcessTransmission
                0x08007082       0xec ./Middlewares/ST/STM32_USB_Host_Library/Class/CDC/Src/usbh_cdc.o
 .text.CDC_ProcessReception
                0x0800716e       0xb6 ./Middlewares/ST/STM32_USB_Host_Library/Class/CDC/Src/usbh_cdc.o
 .text.USBH_CDC_TransmitCallback
                0x08007224       0x14 ./Middlewares/ST/STM32_USB_Host_Library/Class/CDC/Src/usbh_cdc.o
                0x08007224                USBH_CDC_TransmitCallback
 .text.USBH_CDC_ReceiveCallback
                0x08007238       0x14 ./Middlewares/ST/STM32_USB_Host_Library/Class/CDC/Src/usbh_cdc.o
                0x08007238                USBH_CDC_ReceiveCallback
 .text.USBH_CDC_LineCodingChanged
                0x0800724c       0x14 ./Middlewares/ST/STM32_USB_Host_Library/Class/CDC/Src/usbh_cdc.o
                0x0800724c                USBH_CDC_LineCodingChanged
 .text.USBH_Init
                0x08007260       0x74 ./Middlewares/ST/STM32_USB_Host_Library/Core/Src/usbh_core.o
                0x08007260                USBH_Init
 .text.DeInitStateMachine
                0x080072d4       0xe6 ./Middlewares/ST/STM32_USB_Host_Library/Core/Src/usbh_core.o
 .text.USBH_RegisterClass
                0x080073ba       0x54 ./Middlewares/ST/STM32_USB_Host_Library/Core/Src/usbh_core.o
                0x080073ba                USBH_RegisterClass
 .text.USBH_SelectInterface
                0x0800740e       0x38 ./Middlewares/ST/STM32_USB_Host_Library/Core/Src/usbh_core.o
                0x0800740e                USBH_SelectInterface
 .text.USBH_FindInterface
                0x08007446       0x8c ./Middlewares/ST/STM32_USB_Host_Library/Core/Src/usbh_core.o
                0x08007446                USBH_FindInterface
 .text.USBH_Start
                0x080074d2       0x20 ./Middlewares/ST/STM32_USB_Host_Library/Core/Src/usbh_core.o
                0x080074d2                USBH_Start
 *fill*         0x080074f2        0x2 
 .text.USBH_Process
                0x080074f4      0x3d0 ./Middlewares/ST/STM32_USB_Host_Library/Core/Src/usbh_core.o
                0x080074f4                USBH_Process
 .text.USBH_HandleEnum
                0x080078c4      0x3c0 ./Middlewares/ST/STM32_USB_Host_Library/Core/Src/usbh_core.o
 .text.USBH_LL_SetTimer
                0x08007c84       0x1e ./Middlewares/ST/STM32_USB_Host_Library/Core/Src/usbh_core.o
                0x08007c84                USBH_LL_SetTimer
 .text.USBH_LL_IncTimer
                0x08007ca2       0x24 ./Middlewares/ST/STM32_USB_Host_Library/Core/Src/usbh_core.o
                0x08007ca2                USBH_LL_IncTimer
 .text.USBH_HandleSof
                0x08007cc6       0x30 ./Middlewares/ST/STM32_USB_Host_Library/Core/Src/usbh_core.o
 .text.USBH_LL_PortEnabled
                0x08007cf6       0x1c ./Middlewares/ST/STM32_USB_Host_Library/Core/Src/usbh_core.o
                0x08007cf6                USBH_LL_PortEnabled
 .text.USBH_LL_PortDisabled
                0x08007d12       0x1c ./Middlewares/ST/STM32_USB_Host_Library/Core/Src/usbh_core.o
                0x08007d12                USBH_LL_PortDisabled
 .text.USBH_LL_Connect
                0x08007d2e       0x2e ./Middlewares/ST/STM32_USB_Host_Library/Core/Src/usbh_core.o
                0x08007d2e                USBH_LL_Connect
 .text.USBH_LL_Disconnect
                0x08007d5c       0x48 ./Middlewares/ST/STM32_USB_Host_Library/Core/Src/usbh_core.o
                0x08007d5c                USBH_LL_Disconnect
 .text.USBH_Get_DevDesc
                0x08007da4       0x58 ./Middlewares/ST/STM32_USB_Host_Library/Core/Src/usbh_ctlreq.o
                0x08007da4                USBH_Get_DevDesc
 .text.USBH_Get_CfgDesc
                0x08007dfc       0x54 ./Middlewares/ST/STM32_USB_Host_Library/Core/Src/usbh_ctlreq.o
                0x08007dfc                USBH_Get_CfgDesc
 .text.USBH_Get_StringDesc
                0x08007e50       0x68 ./Middlewares/ST/STM32_USB_Host_Library/Core/Src/usbh_ctlreq.o
                0x08007e50                USBH_Get_StringDesc
 .text.USBH_GetDescriptor
                0x08007eb8       0x6a ./Middlewares/ST/STM32_USB_Host_Library/Core/Src/usbh_ctlreq.o
                0x08007eb8                USBH_GetDescriptor
 .text.USBH_SetAddress
                0x08007f22       0x48 ./Middlewares/ST/STM32_USB_Host_Library/Core/Src/usbh_ctlreq.o
                0x08007f22                USBH_SetAddress
 .text.USBH_SetCfg
                0x08007f6a       0x46 ./Middlewares/ST/STM32_USB_Host_Library/Core/Src/usbh_ctlreq.o
                0x08007f6a                USBH_SetCfg
 .text.USBH_SetFeature
                0x08007fb0       0x48 ./Middlewares/ST/STM32_USB_Host_Library/Core/Src/usbh_ctlreq.o
                0x08007fb0                USBH_SetFeature
 .text.USBH_ClrFeature
                0x08007ff8       0x48 ./Middlewares/ST/STM32_USB_Host_Library/Core/Src/usbh_ctlreq.o
                0x08007ff8                USBH_ClrFeature
 .text.USBH_ParseDevDesc
                0x08008040      0x160 ./Middlewares/ST/STM32_USB_Host_Library/Core/Src/usbh_ctlreq.o
 .text.USBH_ParseCfgDesc
                0x080081a0      0x1f0 ./Middlewares/ST/STM32_USB_Host_Library/Core/Src/usbh_ctlreq.o
 .text.USBH_ParseInterfaceDesc
                0x08008390       0x68 ./Middlewares/ST/STM32_USB_Host_Library/Core/Src/usbh_ctlreq.o
 .text.USBH_ParseEPDesc
                0x080083f8      0x1d0 ./Middlewares/ST/STM32_USB_Host_Library/Core/Src/usbh_ctlreq.o
 .text.USBH_ParseStringDesc
                0x080085c8       0x66 ./Middlewares/ST/STM32_USB_Host_Library/Core/Src/usbh_ctlreq.o
 .text.USBH_GetNextDesc
                0x0800862e       0x34 ./Middlewares/ST/STM32_USB_Host_Library/Core/Src/usbh_ctlreq.o
                0x0800862e                USBH_GetNextDesc
 .text.USBH_CtlReq
                0x08008662       0x7a ./Middlewares/ST/STM32_USB_Host_Library/Core/Src/usbh_ctlreq.o
                0x08008662                USBH_CtlReq
 .text.USBH_HandleControl
                0x080086dc      0x2e8 ./Middlewares/ST/STM32_USB_Host_Library/Core/Src/usbh_ctlreq.o
 .text.USBH_CtlSendSetup
                0x080089c4       0x34 ./Middlewares/ST/STM32_USB_Host_Library/Core/Src/usbh_ioreq.o
                0x080089c4                USBH_CtlSendSetup
 .text.USBH_CtlSendData
                0x080089f8       0x4a ./Middlewares/ST/STM32_USB_Host_Library/Core/Src/usbh_ioreq.o
                0x080089f8                USBH_CtlSendData
 .text.USBH_CtlReceiveData
                0x08008a42       0x3c ./Middlewares/ST/STM32_USB_Host_Library/Core/Src/usbh_ioreq.o
                0x08008a42                USBH_CtlReceiveData
 .text.USBH_BulkSendData
                0x08008a7e       0x4a ./Middlewares/ST/STM32_USB_Host_Library/Core/Src/usbh_ioreq.o
                0x08008a7e                USBH_BulkSendData
 .text.USBH_BulkReceiveData
                0x08008ac8       0x3c ./Middlewares/ST/STM32_USB_Host_Library/Core/Src/usbh_ioreq.o
                0x08008ac8                USBH_BulkReceiveData
 .text.USBH_OpenPipe
                0x08008b04       0x3e ./Middlewares/ST/STM32_USB_Host_Library/Core/Src/usbh_pipes.o
                0x08008b04                USBH_OpenPipe
 .text.USBH_ClosePipe
                0x08008b42       0x20 ./Middlewares/ST/STM32_USB_Host_Library/Core/Src/usbh_pipes.o
                0x08008b42                USBH_ClosePipe
 .text.USBH_AllocPipe
                0x08008b62       0x42 ./Middlewares/ST/STM32_USB_Host_Library/Core/Src/usbh_pipes.o
                0x08008b62                USBH_AllocPipe
 .text.USBH_FreePipe
                0x08008ba4       0x3c ./Middlewares/ST/STM32_USB_Host_Library/Core/Src/usbh_pipes.o
                0x08008ba4                USBH_FreePipe
 .text.USBH_GetFreePipe
                0x08008be0       0x48 ./Middlewares/ST/STM32_USB_Host_Library/Core/Src/usbh_pipes.o
 .text.MX_USB_HOST_Init
                0x08008c28       0x4c ./USB_HOST/App/usb_host.o
                0x08008c28                MX_USB_HOST_Init
 .text.MX_USB_HOST_Process
                0x08008c74       0x14 ./USB_HOST/App/usb_host.o
                0x08008c74                MX_USB_HOST_Process
 .text.USBH_UserProcess
                0x08008c88       0x5c ./USB_HOST/App/usb_host.o
 .text.HAL_HCD_MspInit
                0x08008ce4       0xc4 ./USB_HOST/Target/usbh_conf.o
                0x08008ce4                HAL_HCD_MspInit
 .text.HAL_HCD_SOF_Callback
                0x08008da8       0x1c ./USB_HOST/Target/usbh_conf.o
                0x08008da8                HAL_HCD_SOF_Callback
 .text.HAL_HCD_Connect_Callback
                0x08008dc4       0x1c ./USB_HOST/Target/usbh_conf.o
                0x08008dc4                HAL_HCD_Connect_Callback
 .text.HAL_HCD_Disconnect_Callback
                0x08008de0       0x1c ./USB_HOST/Target/usbh_conf.o
                0x08008de0                HAL_HCD_Disconnect_Callback
 .text.HAL_HCD_HC_NotifyURBChange_Callback
                0x08008dfc       0x1c ./USB_HOST/Target/usbh_conf.o
                0x08008dfc                HAL_HCD_HC_NotifyURBChange_Callback
 .text.HAL_HCD_PortEnabled_Callback
                0x08008e18       0x1c ./USB_HOST/Target/usbh_conf.o
                0x08008e18                HAL_HCD_PortEnabled_Callback
 .text.HAL_HCD_PortDisabled_Callback
                0x08008e34       0x1c ./USB_HOST/Target/usbh_conf.o
                0x08008e34                HAL_HCD_PortDisabled_Callback
 .text.USBH_LL_Init
                0x08008e50       0x78 ./USB_HOST/Target/usbh_conf.o
                0x08008e50                USBH_LL_Init
 .text.USBH_LL_Start
                0x08008ec8       0x36 ./USB_HOST/Target/usbh_conf.o
                0x08008ec8                USBH_LL_Start
 .text.USBH_LL_Stop
                0x08008efe       0x36 ./USB_HOST/Target/usbh_conf.o
                0x08008efe                USBH_LL_Stop
 .text.USBH_LL_GetSpeed
                0x08008f34       0x4e ./USB_HOST/Target/usbh_conf.o
                0x08008f34                USBH_LL_GetSpeed
 .text.USBH_LL_ResetPort
                0x08008f82       0x36 ./USB_HOST/Target/usbh_conf.o
                0x08008f82                USBH_LL_ResetPort
 .text.USBH_LL_GetLastXferSize
                0x08008fb8       0x26 ./USB_HOST/Target/usbh_conf.o
                0x08008fb8                USBH_LL_GetLastXferSize
 .text.USBH_LL_OpenPipe
                0x08008fde       0x5e ./USB_HOST/Target/usbh_conf.o
                0x08008fde                USBH_LL_OpenPipe
 .text.USBH_LL_ClosePipe
                0x0800903c       0x3e ./USB_HOST/Target/usbh_conf.o
                0x0800903c                USBH_LL_ClosePipe
 .text.USBH_LL_SubmitURB
                0x0800907a       0x62 ./USB_HOST/Target/usbh_conf.o
                0x0800907a                USBH_LL_SubmitURB
 .text.USBH_LL_GetURBState
                0x080090dc       0x26 ./USB_HOST/Target/usbh_conf.o
                0x080090dc                USBH_LL_GetURBState
 .text.USBH_LL_DriverVBUS
                0x08009102       0x2e ./USB_HOST/Target/usbh_conf.o
                0x08009102                USBH_LL_DriverVBUS
 .text.USBH_LL_SetToggle
                0x08009130       0x66 ./USB_HOST/Target/usbh_conf.o
                0x08009130                USBH_LL_SetToggle
 .text.USBH_Delay
                0x08009196       0x16 ./USB_HOST/Target/usbh_conf.o
                0x08009196                USBH_Delay
 .text.USBH_Get_USB_Status
                0x080091ac       0x58 ./USB_HOST/Target/usbh_conf.o
                0x080091ac                USBH_Get_USB_Status
 .text.MX_DriverVbusFS
                0x08009204       0x38 ./USB_HOST/Target/usbh_platform.o
                0x08009204                MX_DriverVbusFS
 .text.malloc   0x0800923c       0x10 C:/ST/STM32CubeIDE_1.18.0/STM32CubeIDE/plugins/com.st.stm32cube.ide.mcu.externaltools.gnu-tools-for-stm32.13.3.rel1.win32_1.0.0.202411081344/tools/bin/../lib/gcc/arm-none-eabi/13.3.1/../../../../arm-none-eabi/lib/thumb/v7e-m+fp/hard\libc_nano.a(libc_a-malloc.o)
                0x0800923c                malloc
 .text.free     0x0800924c       0x10 C:/ST/STM32CubeIDE_1.18.0/STM32CubeIDE/plugins/com.st.stm32cube.ide.mcu.externaltools.gnu-tools-for-stm32.13.3.rel1.win32_1.0.0.202411081344/tools/bin/../lib/gcc/arm-none-eabi/13.3.1/../../../../arm-none-eabi/lib/thumb/v7e-m+fp/hard\libc_nano.a(libc_a-malloc.o)
                0x0800924c                free
 .text.sbrk_aligned
                0x0800925c       0x44 C:/ST/STM32CubeIDE_1.18.0/STM32CubeIDE/plugins/com.st.stm32cube.ide.mcu.externaltools.gnu-tools-for-stm32.13.3.rel1.win32_1.0.0.202411081344/tools/bin/../lib/gcc/arm-none-eabi/13.3.1/../../../../arm-none-eabi/lib/thumb/v7e-m+fp/hard\libc_nano.a(libc_a-mallocr.o)
 .text._malloc_r
                0x080092a0      0x100 C:/ST/STM32CubeIDE_1.18.0/STM32CubeIDE/plugins/com.st.stm32cube.ide.mcu.externaltools.gnu-tools-for-stm32.13.3.rel1.win32_1.0.0.202411081344/tools/bin/../lib/gcc/arm-none-eabi/13.3.1/../../../../arm-none-eabi/lib/thumb/v7e-m+fp/hard\libc_nano.a(libc_a-mallocr.o)
                0x080092a0                _malloc_r
 .text.__malloc_lock
                0x080093a0        0xc C:/ST/STM32CubeIDE_1.18.0/STM32CubeIDE/plugins/com.st.stm32cube.ide.mcu.externaltools.gnu-tools-for-stm32.13.3.rel1.win32_1.0.0.202411081344/tools/bin/../lib/gcc/arm-none-eabi/13.3.1/../../../../arm-none-eabi/lib/thumb/v7e-m+fp/hard\libc_nano.a(libc_a-mlock.o)
                0x080093a0                __malloc_lock
 .text.__malloc_unlock
                0x080093ac        0xc C:/ST/STM32CubeIDE_1.18.0/STM32CubeIDE/plugins/com.st.stm32cube.ide.mcu.externaltools.gnu-tools-for-stm32.13.3.rel1.win32_1.0.0.202411081344/tools/bin/../lib/gcc/arm-none-eabi/13.3.1/../../../../arm-none-eabi/lib/thumb/v7e-m+fp/hard\libc_nano.a(libc_a-mlock.o)
                0x080093ac                __malloc_unlock
 .text.memset   0x080093b8       0x10 C:/ST/STM32CubeIDE_1.18.0/STM32CubeIDE/plugins/com.st.stm32cube.ide.mcu.externaltools.gnu-tools-for-stm32.13.3.rel1.win32_1.0.0.202411081344/tools/bin/../lib/gcc/arm-none-eabi/13.3.1/../../../../arm-none-eabi/lib/thumb/v7e-m+fp/hard\libc_nano.a(libc_a-memset.o)
                0x080093b8                memset
 .text._sbrk_r  0x080093c8       0x20 C:/ST/STM32CubeIDE_1.18.0/STM32CubeIDE/plugins/com.st.stm32cube.ide.mcu.externaltools.gnu-tools-for-stm32.13.3.rel1.win32_1.0.0.202411081344/tools/bin/../lib/gcc/arm-none-eabi/13.3.1/../../../../arm-none-eabi/lib/thumb/v7e-m+fp/hard\libc_nano.a(libc_a-sbrkr.o)
                0x080093c8                _sbrk_r
 .text.__errno  0x080093e8        0xc C:/ST/STM32CubeIDE_1.18.0/STM32CubeIDE/plugins/com.st.stm32cube.ide.mcu.externaltools.gnu-tools-for-stm32.13.3.rel1.win32_1.0.0.202411081344/tools/bin/../lib/gcc/arm-none-eabi/13.3.1/../../../../arm-none-eabi/lib/thumb/v7e-m+fp/hard\libc_nano.a(libc_a-errno.o)
                0x080093e8                __errno
 .text.__libc_init_array
                0x080093f4       0x48 C:/ST/STM32CubeIDE_1.18.0/STM32CubeIDE/plugins/com.st.stm32cube.ide.mcu.externaltools.gnu-tools-for-stm32.13.3.rel1.win32_1.0.0.202411081344/tools/bin/../lib/gcc/arm-none-eabi/13.3.1/../../../../arm-none-eabi/lib/thumb/v7e-m+fp/hard\libc_nano.a(libc_a-init.o)
                0x080093f4                __libc_init_array
 .text.__retarget_lock_acquire_recursive
                0x0800943c        0x2 C:/ST/STM32CubeIDE_1.18.0/STM32CubeIDE/plugins/com.st.stm32cube.ide.mcu.externaltools.gnu-tools-for-stm32.13.3.rel1.win32_1.0.0.202411081344/tools/bin/../lib/gcc/arm-none-eabi/13.3.1/../../../../arm-none-eabi/lib/thumb/v7e-m+fp/hard\libc_nano.a(libc_a-lock.o)
                0x0800943c                __retarget_lock_acquire_recursive
 .text.__retarget_lock_release_recursive
                0x0800943e        0x2 C:/ST/STM32CubeIDE_1.18.0/STM32CubeIDE/plugins/com.st.stm32cube.ide.mcu.externaltools.gnu-tools-for-stm32.13.3.rel1.win32_1.0.0.202411081344/tools/bin/../lib/gcc/arm-none-eabi/13.3.1/../../../../arm-none-eabi/lib/thumb/v7e-m+fp/hard\libc_nano.a(libc_a-lock.o)
                0x0800943e                __retarget_lock_release_recursive
 .text._free_r  0x08009440       0x94 C:/ST/STM32CubeIDE_1.18.0/STM32CubeIDE/plugins/com.st.stm32cube.ide.mcu.externaltools.gnu-tools-for-stm32.13.3.rel1.win32_1.0.0.202411081344/tools/bin/../lib/gcc/arm-none-eabi/13.3.1/../../../../arm-none-eabi/lib/thumb/v7e-m+fp/hard\libc_nano.a(libc_a-freer.o)
                0x08009440                _free_r
 *(.glue_7)
 .glue_7        0x080094d4        0x0 linker stubs
 *(.glue_7t)
 .glue_7t       0x080094d4        0x0 linker stubs
 *(.eh_frame)
 .eh_frame      0x080094d4        0x0 C:/ST/STM32CubeIDE_1.18.0/STM32CubeIDE/plugins/com.st.stm32cube.ide.mcu.externaltools.gnu-tools-for-stm32.13.3.rel1.win32_1.0.0.202411081344/tools/bin/../lib/gcc/arm-none-eabi/13.3.1/thumb/v7e-m+fp/hard/crtbegin.o
 *(.init)
 .init          0x080094d4        0x4 C:/ST/STM32CubeIDE_1.18.0/STM32CubeIDE/plugins/com.st.stm32cube.ide.mcu.externaltools.gnu-tools-for-stm32.13.3.rel1.win32_1.0.0.202411081344/tools/bin/../lib/gcc/arm-none-eabi/13.3.1/thumb/v7e-m+fp/hard/crti.o
                0x080094d4                _init
 .init          0x080094d8        0x8 C:/ST/STM32CubeIDE_1.18.0/STM32CubeIDE/plugins/com.st.stm32cube.ide.mcu.externaltools.gnu-tools-for-stm32.13.3.rel1.win32_1.0.0.202411081344/tools/bin/../lib/gcc/arm-none-eabi/13.3.1/thumb/v7e-m+fp/hard/crtn.o
 *(.fini)
 .fini          0x080094e0        0x4 C:/ST/STM32CubeIDE_1.18.0/STM32CubeIDE/plugins/com.st.stm32cube.ide.mcu.externaltools.gnu-tools-for-stm32.13.3.rel1.win32_1.0.0.202411081344/tools/bin/../lib/gcc/arm-none-eabi/13.3.1/thumb/v7e-m+fp/hard/crti.o
                0x080094e0                _fini
 .fini          0x080094e4        0x8 C:/ST/STM32CubeIDE_1.18.0/STM32CubeIDE/plugins/com.st.stm32cube.ide.mcu.externaltools.gnu-tools-for-stm32.13.3.rel1.win32_1.0.0.202411081344/tools/bin/../lib/gcc/arm-none-eabi/13.3.1/thumb/v7e-m+fp/hard/crtn.o
                0x080094ec                        . = ALIGN (0x4)
                0x080094ec                        _etext = .

.vfp11_veneer   0x080094ec        0x0
 .vfp11_veneer  0x080094ec        0x0 linker stubs

.v4_bx          0x080094ec        0x0
 .v4_bx         0x080094ec        0x0 linker stubs

.iplt           0x080094ec        0x0
 .iplt          0x080094ec        0x0 C:/ST/STM32CubeIDE_1.18.0/STM32CubeIDE/plugins/com.st.stm32cube.ide.mcu.externaltools.gnu-tools-for-stm32.13.3.rel1.win32_1.0.0.202411081344/tools/bin/../lib/gcc/arm-none-eabi/13.3.1/thumb/v7e-m+fp/hard/crtbegin.o

.rodata         0x080094ec       0x1c
                0x080094ec                        . = ALIGN (0x4)
 *(.rodata)
 .rodata        0x080094ec        0x4 ./Middlewares/ST/STM32_USB_Host_Library/Class/CDC/Src/usbh_cdc.o
 *(.rodata*)
 .rodata.AHBPrescTable
                0x080094f0       0x10 ./Core/Src/system_stm32f4xx.o
                0x080094f0                AHBPrescTable
 .rodata.APBPrescTable
                0x08009500        0x8 ./Core/Src/system_stm32f4xx.o
                0x08009500                APBPrescTable
                0x08009508                        . = ALIGN (0x4)

.ARM.extab      0x08009508        0x0
                0x08009508                        . = ALIGN (0x4)
 *(.ARM.extab* .gnu.linkonce.armextab.*)
                0x08009508                        . = ALIGN (0x4)

.ARM            0x08009508        0x8
                0x08009508                        . = ALIGN (0x4)
                0x08009508                        __exidx_start = .
 *(.ARM.exidx*)
 .ARM.exidx     0x08009508        0x8 C:/ST/STM32CubeIDE_1.18.0/STM32CubeIDE/plugins/com.st.stm32cube.ide.mcu.externaltools.gnu-tools-for-stm32.13.3.rel1.win32_1.0.0.202411081344/tools/bin/../lib/gcc/arm-none-eabi/13.3.1/thumb/v7e-m+fp/hard\libgcc.a(_udivmoddi4.o)
                0x08009510                        __exidx_end = .
                0x08009510                        . = ALIGN (0x4)

.preinit_array  0x08009510        0x0
                0x08009510                        . = ALIGN (0x4)
                0x08009510                        PROVIDE (__preinit_array_start = .)
 *(.preinit_array*)
                0x08009510                        PROVIDE (__preinit_array_end = .)
                0x08009510                        . = ALIGN (0x4)

.init_array     0x08009510        0x4
                0x08009510                        . = ALIGN (0x4)
                0x08009510                        PROVIDE (__init_array_start = .)
 *(SORT_BY_NAME(.init_array.*))
 *(.init_array*)
 .init_array    0x08009510        0x4 C:/ST/STM32CubeIDE_1.18.0/STM32CubeIDE/plugins/com.st.stm32cube.ide.mcu.externaltools.gnu-tools-for-stm32.13.3.rel1.win32_1.0.0.202411081344/tools/bin/../lib/gcc/arm-none-eabi/13.3.1/thumb/v7e-m+fp/hard/crtbegin.o
                0x08009514                        PROVIDE (__init_array_end = .)
                0x08009514                        . = ALIGN (0x4)

.fini_array     0x08009514        0x4
                0x08009514                        . = ALIGN (0x4)
                [!provide]                        PROVIDE (__fini_array_start = .)
 *(SORT_BY_NAME(.fini_array.*))
 *(.fini_array*)
 .fini_array    0x08009514        0x4 C:/ST/STM32CubeIDE_1.18.0/STM32CubeIDE/plugins/com.st.stm32cube.ide.mcu.externaltools.gnu-tools-for-stm32.13.3.rel1.win32_1.0.0.202411081344/tools/bin/../lib/gcc/arm-none-eabi/13.3.1/thumb/v7e-m+fp/hard/crtbegin.o
                [!provide]                        PROVIDE (__fini_array_end = .)
                0x08009518                        . = ALIGN (0x4)
                0x08009518                        _sidata = LOADADDR (.data)

.rel.dyn        0x08009518        0x0
 .rel.iplt      0x08009518        0x0 C:/ST/STM32CubeIDE_1.18.0/STM32CubeIDE/plugins/com.st.stm32cube.ide.mcu.externaltools.gnu-tools-for-stm32.13.3.rel1.win32_1.0.0.202411081344/tools/bin/../lib/gcc/arm-none-eabi/13.3.1/thumb/v7e-m+fp/hard/crtbegin.o

.data           0x20000000       0x7c load address 0x08009518
                0x20000000                        . = ALIGN (0x4)
                0x20000000                        _sdata = .
 *(.data)
 *(.data*)
 .data.SystemCoreClock
                0x20000000        0x4 ./Core/Src/system_stm32f4xx.o
                0x20000000                SystemCoreClock
 .data.uwTickPrio
                0x20000004        0x4 ./Drivers/STM32F4xx_HAL_Driver/Src/stm32f4xx_hal.o
                0x20000004                uwTickPrio
 .data.uwTickFreq
                0x20000008        0x1 ./Drivers/STM32F4xx_HAL_Driver/Src/stm32f4xx_hal.o
                0x20000008                uwTickFreq
 *fill*         0x20000009        0x3 
 .data.CDC_Class
                0x2000000c       0x20 ./Middlewares/ST/STM32_USB_Host_Library/Class/CDC/Src/usbh_cdc.o
                0x2000000c                CDC_Class
 .data._impure_ptr
                0x2000002c        0x4 C:/ST/STM32CubeIDE_1.18.0/STM32CubeIDE/plugins/com.st.stm32cube.ide.mcu.externaltools.gnu-tools-for-stm32.13.3.rel1.win32_1.0.0.202411081344/tools/bin/../lib/gcc/arm-none-eabi/13.3.1/../../../../arm-none-eabi/lib/thumb/v7e-m+fp/hard\libc_nano.a(libc_a-impure.o)
                0x2000002c                _impure_ptr
 .data._impure_data
                0x20000030       0x4c C:/ST/STM32CubeIDE_1.18.0/STM32CubeIDE/plugins/com.st.stm32cube.ide.mcu.externaltools.gnu-tools-for-stm32.13.3.rel1.win32_1.0.0.202411081344/tools/bin/../lib/gcc/arm-none-eabi/13.3.1/../../../../arm-none-eabi/lib/thumb/v7e-m+fp/hard\libc_nano.a(libc_a-impure.o)
                0x20000030                _impure_data
 *(.RamFunc)
 *(.RamFunc*)
                0x2000007c                        . = ALIGN (0x4)
                0x2000007c                        _edata = .
                0x08009594                        _siccmram = LOADADDR (.ccmram)

.igot.plt       0x2000007c        0x0 load address 0x08009594
 .igot.plt      0x2000007c        0x0 C:/ST/STM32CubeIDE_1.18.0/STM32CubeIDE/plugins/com.st.stm32cube.ide.mcu.externaltools.gnu-tools-for-stm32.13.3.rel1.win32_1.0.0.202411081344/tools/bin/../lib/gcc/arm-none-eabi/13.3.1/thumb/v7e-m+fp/hard/crtbegin.o

.ccmram         0x10000000        0x0 load address 0x08009594
                0x10000000                        . = ALIGN (0x4)
                0x10000000                        _sccmram = .
 *(.ccmram)
 *(.ccmram*)
                0x10000000                        . = ALIGN (0x4)
                0x10000000                        _eccmram = .
                0x10000000                        . = ALIGN (0x4)

.bss            0x2000007c      0xa68
                0x2000007c                        _sbss = .
                0x2000007c                        __bss_start__ = _sbss
 *(.bss)
 .bss           0x2000007c       0x1c C:/ST/STM32CubeIDE_1.18.0/STM32CubeIDE/plugins/com.st.stm32cube.ide.mcu.externaltools.gnu-tools-for-stm32.13.3.rel1.win32_1.0.0.202411081344/tools/bin/../lib/gcc/arm-none-eabi/13.3.1/thumb/v7e-m+fp/hard/crtbegin.o
 *(.bss*)
 .bss.hadc1     0x20000098       0x48 ./Core/Src/main.o
                0x20000098                hadc1
 .bss.hi2c1     0x200000e0       0x54 ./Core/Src/main.o
                0x200000e0                hi2c1
 .bss.hi2s3     0x20000134       0x48 ./Core/Src/main.o
                0x20000134                hi2s3
 .bss.hspi1     0x2000017c       0x58 ./Core/Src/main.o
                0x2000017c                hspi1
 .bss.gADC_Value
                0x200001d4        0x2 ./Core/Src/main.o
                0x200001d4                gADC_Value
 .bss.gADC_Percent
                0x200001d6        0x2 ./Core/Src/main.o
                0x200001d6                gADC_Percent
 .bss.__sbrk_heap_end
                0x200001d8        0x4 ./Core/Src/sysmem.o
 .bss.uwTick    0x200001dc        0x4 ./Drivers/STM32F4xx_HAL_Driver/Src/stm32f4xx_hal.o
                0x200001dc                uwTick
 .bss.hUsbHostFS
                0x200001e0      0x3d8 ./USB_HOST/App/usb_host.o
                0x200001e0                hUsbHostFS
 .bss.Appli_state
                0x200005b8        0x1 ./USB_HOST/App/usb_host.o
                0x200005b8                Appli_state
 *fill*         0x200005b9        0x3 
 .bss.hhcd_USB_OTG_FS
                0x200005bc      0x3e0 ./USB_HOST/Target/usbh_conf.o
                0x200005bc                hhcd_USB_OTG_FS
 .bss.__malloc_sbrk_start
                0x2000099c        0x4 C:/ST/STM32CubeIDE_1.18.0/STM32CubeIDE/plugins/com.st.stm32cube.ide.mcu.externaltools.gnu-tools-for-stm32.13.3.rel1.win32_1.0.0.202411081344/tools/bin/../lib/gcc/arm-none-eabi/13.3.1/../../../../arm-none-eabi/lib/thumb/v7e-m+fp/hard\libc_nano.a(libc_a-mallocr.o)
                0x2000099c                __malloc_sbrk_start
 .bss.__malloc_free_list
                0x200009a0        0x4 C:/ST/STM32CubeIDE_1.18.0/STM32CubeIDE/plugins/com.st.stm32cube.ide.mcu.externaltools.gnu-tools-for-stm32.13.3.rel1.win32_1.0.0.202411081344/tools/bin/../lib/gcc/arm-none-eabi/13.3.1/../../../../arm-none-eabi/lib/thumb/v7e-m+fp/hard\libc_nano.a(libc_a-mallocr.o)
                0x200009a0                __malloc_free_list
 .bss.__sf      0x200009a4      0x138 C:/ST/STM32CubeIDE_1.18.0/STM32CubeIDE/plugins/com.st.stm32cube.ide.mcu.externaltools.gnu-tools-for-stm32.13.3.rel1.win32_1.0.0.202411081344/tools/bin/../lib/gcc/arm-none-eabi/13.3.1/../../../../arm-none-eabi/lib/thumb/v7e-m+fp/hard\libc_nano.a(libc_a-findfp.o)
                0x200009a4                __sf
 .bss.errno     0x20000adc        0x4 C:/ST/STM32CubeIDE_1.18.0/STM32CubeIDE/plugins/com.st.stm32cube.ide.mcu.externaltools.gnu-tools-for-stm32.13.3.rel1.win32_1.0.0.202411081344/tools/bin/../lib/gcc/arm-none-eabi/13.3.1/../../../../arm-none-eabi/lib/thumb/v7e-m+fp/hard\libc_nano.a(libc_a-reent.o)
                0x20000adc                errno
 .bss.__lock___malloc_recursive_mutex
                0x20000ae0        0x1 C:/ST/STM32CubeIDE_1.18.0/STM32CubeIDE/plugins/com.st.stm32cube.ide.mcu.externaltools.gnu-tools-for-stm32.13.3.rel1.win32_1.0.0.202411081344/tools/bin/../lib/gcc/arm-none-eabi/13.3.1/../../../../arm-none-eabi/lib/thumb/v7e-m+fp/hard\libc_nano.a(libc_a-lock.o)
                0x20000ae0                __lock___malloc_recursive_mutex
 *(COMMON)
                0x20000ae4                        . = ALIGN (0x4)
 *fill*         0x20000ae1        0x3 
                0x20000ae4                        _ebss = .
                0x20000ae4                        __bss_end__ = _ebss

._user_heap_stack
                0x20000ae4      0x604
                0x20000ae8                        . = ALIGN (0x8)
 *fill*         0x20000ae4        0x4 
                [!provide]                        PROVIDE (end = .)
                0x20000ae8                        PROVIDE (_end = .)
                0x20000ce8                        . = (. + _Min_Heap_Size)
 *fill*         0x20000ae8      0x200 
                0x200010e8                        . = (. + _Min_Stack_Size)
 *fill*         0x20000ce8      0x400 
                0x200010e8                        . = ALIGN (0x8)

/DISCARD/
 libc.a(*)
 libm.a(*)
 libgcc.a(*)

.ARM.attributes
                0x00000000       0x30
 *(.ARM.attributes)
 .ARM.attributes
                0x00000000       0x22 C:/ST/STM32CubeIDE_1.18.0/STM32CubeIDE/plugins/com.st.stm32cube.ide.mcu.externaltools.gnu-tools-for-stm32.13.3.rel1.win32_1.0.0.202411081344/tools/bin/../lib/gcc/arm-none-eabi/13.3.1/thumb/v7e-m+fp/hard/crti.o
 .ARM.attributes
                0x00000022       0x34 C:/ST/STM32CubeIDE_1.18.0/STM32CubeIDE/plugins/com.st.stm32cube.ide.mcu.externaltools.gnu-tools-for-stm32.13.3.rel1.win32_1.0.0.202411081344/tools/bin/../lib/gcc/arm-none-eabi/13.3.1/thumb/v7e-m+fp/hard/crtbegin.o
 .ARM.attributes
                0x00000056       0x34 ./Core/Src/main.o
 .ARM.attributes
                0x0000008a       0x34 ./Core/Src/stm32f4xx_hal_msp.o
 .ARM.attributes
                0x000000be       0x34 ./Core/Src/stm32f4xx_it.o
 .ARM.attributes
                0x000000f2       0x34 ./Core/Src/sysmem.o
 .ARM.attributes
                0x00000126       0x34 ./Core/Src/system_stm32f4xx.o
 .ARM.attributes
                0x0000015a       0x21 ./Core/Startup/startup_stm32f407vgtx.o
 .ARM.attributes
                0x0000017b       0x34 ./Drivers/STM32F4xx_HAL_Driver/Src/stm32f4xx_hal.o
 .ARM.attributes
                0x000001af       0x34 ./Drivers/STM32F4xx_HAL_Driver/Src/stm32f4xx_hal_adc.o
 .ARM.attributes
                0x000001e3       0x34 ./Drivers/STM32F4xx_HAL_Driver/Src/stm32f4xx_hal_cortex.o
 .ARM.attributes
                0x00000217       0x34 ./Drivers/STM32F4xx_HAL_Driver/Src/stm32f4xx_hal_gpio.o
 .ARM.attributes
                0x0000024b       0x34 ./Drivers/STM32F4xx_HAL_Driver/Src/stm32f4xx_hal_hcd.o
 .ARM.attributes
                0x0000027f       0x34 ./Drivers/STM32F4xx_HAL_Driver/Src/stm32f4xx_hal_i2c.o
 .ARM.attributes
                0x000002b3       0x34 ./Drivers/STM32F4xx_HAL_Driver/Src/stm32f4xx_hal_i2s.o
 .ARM.attributes
                0x000002e7       0x34 ./Drivers/STM32F4xx_HAL_Driver/Src/stm32f4xx_hal_i2s_ex.o
 .ARM.attributes
                0x0000031b       0x34 ./Drivers/STM32F4xx_HAL_Driver/Src/stm32f4xx_hal_rcc.o
 .ARM.attributes
                0x0000034f       0x34 ./Drivers/STM32F4xx_HAL_Driver/Src/stm32f4xx_hal_rcc_ex.o
 .ARM.attributes
                0x00000383       0x34 ./Drivers/STM32F4xx_HAL_Driver/Src/stm32f4xx_hal_spi.o
 .ARM.attributes
                0x000003b7       0x34 ./Drivers/STM32F4xx_HAL_Driver/Src/stm32f4xx_ll_usb.o
 .ARM.attributes
                0x000003eb       0x34 ./Middlewares/ST/STM32_USB_Host_Library/Class/CDC/Src/usbh_cdc.o
 .ARM.attributes
                0x0000041f       0x34 ./Middlewares/ST/STM32_USB_Host_Library/Core/Src/usbh_core.o
 .ARM.attributes
                0x00000453       0x34 ./Middlewares/ST/STM32_USB_Host_Library/Core/Src/usbh_ctlreq.o
 .ARM.attributes
                0x00000487       0x34 ./Middlewares/ST/STM32_USB_Host_Library/Core/Src/usbh_ioreq.o
 .ARM.attributes
                0x000004bb       0x34 ./Middlewares/ST/STM32_USB_Host_Library/Core/Src/usbh_pipes.o
 .ARM.attributes
                0x000004ef       0x34 ./USB_HOST/App/usb_host.o
 .ARM.attributes
                0x00000523       0x34 ./USB_HOST/Target/usbh_conf.o
 .ARM.attributes
                0x00000557       0x34 ./USB_HOST/Target/usbh_platform.o
 .ARM.attributes
                0x0000058b       0x34 C:/ST/STM32CubeIDE_1.18.0/STM32CubeIDE/plugins/com.st.stm32cube.ide.mcu.externaltools.gnu-tools-for-stm32.13.3.rel1.win32_1.0.0.202411081344/tools/bin/../lib/gcc/arm-none-eabi/13.3.1/../../../../arm-none-eabi/lib/thumb/v7e-m+fp/hard\libc_nano.a(libc_a-malloc.o)
 .ARM.attributes
                0x000005bf       0x34 C:/ST/STM32CubeIDE_1.18.0/STM32CubeIDE/plugins/com.st.stm32cube.ide.mcu.externaltools.gnu-tools-for-stm32.13.3.rel1.win32_1.0.0.202411081344/tools/bin/../lib/gcc/arm-none-eabi/13.3.1/../../../../arm-none-eabi/lib/thumb/v7e-m+fp/hard\libc_nano.a(libc_a-mallocr.o)
 .ARM.attributes
                0x000005f3       0x34 C:/ST/STM32CubeIDE_1.18.0/STM32CubeIDE/plugins/com.st.stm32cube.ide.mcu.externaltools.gnu-tools-for-stm32.13.3.rel1.win32_1.0.0.202411081344/tools/bin/../lib/gcc/arm-none-eabi/13.3.1/../../../../arm-none-eabi/lib/thumb/v7e-m+fp/hard\libc_nano.a(libc_a-mlock.o)
 .ARM.attributes
                0x00000627       0x34 C:/ST/STM32CubeIDE_1.18.0/STM32CubeIDE/plugins/com.st.stm32cube.ide.mcu.externaltools.gnu-tools-for-stm32.13.3.rel1.win32_1.0.0.202411081344/tools/bin/../lib/gcc/arm-none-eabi/13.3.1/../../../../arm-none-eabi/lib/thumb/v7e-m+fp/hard\libc_nano.a(libc_a-findfp.o)
 .ARM.attributes
                0x0000065b       0x34 C:/ST/STM32CubeIDE_1.18.0/STM32CubeIDE/plugins/com.st.stm32cube.ide.mcu.externaltools.gnu-tools-for-stm32.13.3.rel1.win32_1.0.0.202411081344/tools/bin/../lib/gcc/arm-none-eabi/13.3.1/../../../../arm-none-eabi/lib/thumb/v7e-m+fp/hard\libc_nano.a(libc_a-memset.o)
 .ARM.attributes
                0x0000068f       0x34 C:/ST/STM32CubeIDE_1.18.0/STM32CubeIDE/plugins/com.st.stm32cube.ide.mcu.externaltools.gnu-tools-for-stm32.13.3.rel1.win32_1.0.0.202411081344/tools/bin/../lib/gcc/arm-none-eabi/13.3.1/../../../../arm-none-eabi/lib/thumb/v7e-m+fp/hard\libc_nano.a(libc_a-reent.o)
 .ARM.attributes
                0x000006c3       0x34 C:/ST/STM32CubeIDE_1.18.0/STM32CubeIDE/plugins/com.st.stm32cube.ide.mcu.externaltools.gnu-tools-for-stm32.13.3.rel1.win32_1.0.0.202411081344/tools/bin/../lib/gcc/arm-none-eabi/13.3.1/../../../../arm-none-eabi/lib/thumb/v7e-m+fp/hard\libc_nano.a(libc_a-impure.o)
 .ARM.attributes
                0x000006f7       0x34 C:/ST/STM32CubeIDE_1.18.0/STM32CubeIDE/plugins/com.st.stm32cube.ide.mcu.externaltools.gnu-tools-for-stm32.13.3.rel1.win32_1.0.0.202411081344/tools/bin/../lib/gcc/arm-none-eabi/13.3.1/../../../../arm-none-eabi/lib/thumb/v7e-m+fp/hard\libc_nano.a(libc_a-sbrkr.o)
 .ARM.attributes
                0x0000072b       0x34 C:/ST/STM32CubeIDE_1.18.0/STM32CubeIDE/plugins/com.st.stm32cube.ide.mcu.externaltools.gnu-tools-for-stm32.13.3.rel1.win32_1.0.0.202411081344/tools/bin/../lib/gcc/arm-none-eabi/13.3.1/../../../../arm-none-eabi/lib/thumb/v7e-m+fp/hard\libc_nano.a(libc_a-errno.o)
 .ARM.attributes
                0x0000075f       0x34 C:/ST/STM32CubeIDE_1.18.0/STM32CubeIDE/plugins/com.st.stm32cube.ide.mcu.externaltools.gnu-tools-for-stm32.13.3.rel1.win32_1.0.0.202411081344/tools/bin/../lib/gcc/arm-none-eabi/13.3.1/../../../../arm-none-eabi/lib/thumb/v7e-m+fp/hard\libc_nano.a(libc_a-init.o)
 .ARM.attributes
                0x00000793       0x34 C:/ST/STM32CubeIDE_1.18.0/STM32CubeIDE/plugins/com.st.stm32cube.ide.mcu.externaltools.gnu-tools-for-stm32.13.3.rel1.win32_1.0.0.202411081344/tools/bin/../lib/gcc/arm-none-eabi/13.3.1/../../../../arm-none-eabi/lib/thumb/v7e-m+fp/hard\libc_nano.a(libc_a-lock.o)
 .ARM.attributes
                0x000007c7       0x34 C:/ST/STM32CubeIDE_1.18.0/STM32CubeIDE/plugins/com.st.stm32cube.ide.mcu.externaltools.gnu-tools-for-stm32.13.3.rel1.win32_1.0.0.202411081344/tools/bin/../lib/gcc/arm-none-eabi/13.3.1/../../../../arm-none-eabi/lib/thumb/v7e-m+fp/hard\libc_nano.a(libc_a-freer.o)
 .ARM.attributes
                0x000007fb       0x22 C:/ST/STM32CubeIDE_1.18.0/STM32CubeIDE/plugins/com.st.stm32cube.ide.mcu.externaltools.gnu-tools-for-stm32.13.3.rel1.win32_1.0.0.202411081344/tools/bin/../lib/gcc/arm-none-eabi/13.3.1/thumb/v7e-m+fp/hard\libgcc.a(_aeabi_uldivmod.o)
 .ARM.attributes
                0x0000081d       0x34 C:/ST/STM32CubeIDE_1.18.0/STM32CubeIDE/plugins/com.st.stm32cube.ide.mcu.externaltools.gnu-tools-for-stm32.13.3.rel1.win32_1.0.0.202411081344/tools/bin/../lib/gcc/arm-none-eabi/13.3.1/thumb/v7e-m+fp/hard\libgcc.a(_udivmoddi4.o)
 .ARM.attributes
                0x00000851       0x22 C:/ST/STM32CubeIDE_1.18.0/STM32CubeIDE/plugins/com.st.stm32cube.ide.mcu.externaltools.gnu-tools-for-stm32.13.3.rel1.win32_1.0.0.202411081344/tools/bin/../lib/gcc/arm-none-eabi/13.3.1/thumb/v7e-m+fp/hard\libgcc.a(_dvmd_tls.o)
 .ARM.attributes
                0x00000873       0x22 C:/ST/STM32CubeIDE_1.18.0/STM32CubeIDE/plugins/com.st.stm32cube.ide.mcu.externaltools.gnu-tools-for-stm32.13.3.rel1.win32_1.0.0.202411081344/tools/bin/../lib/gcc/arm-none-eabi/13.3.1/thumb/v7e-m+fp/hard/crtn.o
OUTPUT(ADC_Demo.elf elf32-littlearm)
LOAD linker stubs
LOAD C:/ST/STM32CubeIDE_1.18.0/STM32CubeIDE/plugins/com.st.stm32cube.ide.mcu.externaltools.gnu-tools-for-stm32.13.3.rel1.win32_1.0.0.202411081344/tools/bin/../lib/gcc/arm-none-eabi/13.3.1/../../../../arm-none-eabi/lib/thumb/v7e-m+fp/hard\libc.a
LOAD C:/ST/STM32CubeIDE_1.18.0/STM32CubeIDE/plugins/com.st.stm32cube.ide.mcu.externaltools.gnu-tools-for-stm32.13.3.rel1.win32_1.0.0.202411081344/tools/bin/../lib/gcc/arm-none-eabi/13.3.1/../../../../arm-none-eabi/lib/thumb/v7e-m+fp/hard\libm.a
LOAD C:/ST/STM32CubeIDE_1.18.0/STM32CubeIDE/plugins/com.st.stm32cube.ide.mcu.externaltools.gnu-tools-for-stm32.13.3.rel1.win32_1.0.0.202411081344/tools/bin/../lib/gcc/arm-none-eabi/13.3.1/thumb/v7e-m+fp/hard\libgcc.a

.debug_info     0x00000000    0x15d45
 .debug_info    0x00000000     0x14db ./Core/Src/main.o
 .debug_info    0x000014db     0x12d0 ./Core/Src/stm32f4xx_hal_msp.o
 .debug_info    0x000027ab      0x6a5 ./Core/Src/stm32f4xx_it.o
 .debug_info    0x00002e50      0x168 ./Core/Src/sysmem.o
 .debug_info    0x00002fb8      0x512 ./Core/Src/system_stm32f4xx.o
 .debug_info    0x000034ca       0x30 ./Core/Startup/startup_stm32f407vgtx.o
 .debug_info    0x000034fa      0x944 ./Drivers/STM32F4xx_HAL_Driver/Src/stm32f4xx_hal.o
 .debug_info    0x00003e3e      0xcd4 ./Drivers/STM32F4xx_HAL_Driver/Src/stm32f4xx_hal_adc.o
 .debug_info    0x00004b12      0xd8c ./Drivers/STM32F4xx_HAL_Driver/Src/stm32f4xx_hal_cortex.o
 .debug_info    0x0000589e      0x6c3 ./Drivers/STM32F4xx_HAL_Driver/Src/stm32f4xx_hal_gpio.o
 .debug_info    0x00005f61     0x114c ./Drivers/STM32F4xx_HAL_Driver/Src/stm32f4xx_hal_hcd.o
 .debug_info    0x000070ad     0x2415 ./Drivers/STM32F4xx_HAL_Driver/Src/stm32f4xx_hal_i2c.o
 .debug_info    0x000094c2      0xdf8 ./Drivers/STM32F4xx_HAL_Driver/Src/stm32f4xx_hal_i2s.o
 .debug_info    0x0000a2ba      0xa9f ./Drivers/STM32F4xx_HAL_Driver/Src/stm32f4xx_hal_i2s_ex.o
 .debug_info    0x0000ad59      0x8af ./Drivers/STM32F4xx_HAL_Driver/Src/stm32f4xx_hal_rcc.o
 .debug_info    0x0000b608      0x536 ./Drivers/STM32F4xx_HAL_Driver/Src/stm32f4xx_hal_rcc_ex.o
 .debug_info    0x0000bb3e     0x1525 ./Drivers/STM32F4xx_HAL_Driver/Src/stm32f4xx_hal_spi.o
 .debug_info    0x0000d063     0x1993 ./Drivers/STM32F4xx_HAL_Driver/Src/stm32f4xx_ll_usb.o
 .debug_info    0x0000e9f6     0x1470 ./Middlewares/ST/STM32_USB_Host_Library/Class/CDC/Src/usbh_cdc.o
 .debug_info    0x0000fe66      0xfb2 ./Middlewares/ST/STM32_USB_Host_Library/Core/Src/usbh_core.o
 .debug_info    0x00010e18      0xfa6 ./Middlewares/ST/STM32_USB_Host_Library/Core/Src/usbh_ctlreq.o
 .debug_info    0x00011dbe      0xc2b ./Middlewares/ST/STM32_USB_Host_Library/Core/Src/usbh_ioreq.o
 .debug_info    0x000129e9      0xa8e ./Middlewares/ST/STM32_USB_Host_Library/Core/Src/usbh_pipes.o
 .debug_info    0x00013477      0xa10 ./USB_HOST/App/usb_host.o
 .debug_info    0x00013e87     0x1ce6 ./USB_HOST/Target/usbh_conf.o
 .debug_info    0x00015b6d      0x1d8 ./USB_HOST/Target/usbh_platform.o

.debug_abbrev   0x00000000     0x3b10
 .debug_abbrev  0x00000000      0x2e0 ./Core/Src/main.o
 .debug_abbrev  0x000002e0      0x229 ./Core/Src/stm32f4xx_hal_msp.o
 .debug_abbrev  0x00000509      0x1a4 ./Core/Src/stm32f4xx_it.o
 .debug_abbrev  0x000006ad       0xbc ./Core/Src/sysmem.o
 .debug_abbrev  0x00000769      0x11a ./Core/Src/system_stm32f4xx.o
 .debug_abbrev  0x00000883       0x24 ./Core/Startup/startup_stm32f407vgtx.o
 .debug_abbrev  0x000008a7      0x214 ./Drivers/STM32F4xx_HAL_Driver/Src/stm32f4xx_hal.o
 .debug_abbrev  0x00000abb      0x252 ./Drivers/STM32F4xx_HAL_Driver/Src/stm32f4xx_hal_adc.o
 .debug_abbrev  0x00000d0d      0x31d ./Drivers/STM32F4xx_HAL_Driver/Src/stm32f4xx_hal_cortex.o
 .debug_abbrev  0x0000102a      0x1d4 ./Drivers/STM32F4xx_HAL_Driver/Src/stm32f4xx_hal_gpio.o
 .debug_abbrev  0x000011fe      0x296 ./Drivers/STM32F4xx_HAL_Driver/Src/stm32f4xx_hal_hcd.o
 .debug_abbrev  0x00001494      0x2ad ./Drivers/STM32F4xx_HAL_Driver/Src/stm32f4xx_hal_i2c.o
 .debug_abbrev  0x00001741      0x256 ./Drivers/STM32F4xx_HAL_Driver/Src/stm32f4xx_hal_i2s.o
 .debug_abbrev  0x00001997      0x276 ./Drivers/STM32F4xx_HAL_Driver/Src/stm32f4xx_hal_i2s_ex.o
 .debug_abbrev  0x00001c0d      0x2b7 ./Drivers/STM32F4xx_HAL_Driver/Src/stm32f4xx_hal_rcc.o
 .debug_abbrev  0x00001ec4      0x1b0 ./Drivers/STM32F4xx_HAL_Driver/Src/stm32f4xx_hal_rcc_ex.o
 .debug_abbrev  0x00002074      0x27a ./Drivers/STM32F4xx_HAL_Driver/Src/stm32f4xx_hal_spi.o
 .debug_abbrev  0x000022ee      0x2b3 ./Drivers/STM32F4xx_HAL_Driver/Src/stm32f4xx_ll_usb.o
 .debug_abbrev  0x000025a1      0x33c ./Middlewares/ST/STM32_USB_Host_Library/Class/CDC/Src/usbh_cdc.o
 .debug_abbrev  0x000028dd      0x32a ./Middlewares/ST/STM32_USB_Host_Library/Core/Src/usbh_core.o
 .debug_abbrev  0x00002c07      0x2ff ./Middlewares/ST/STM32_USB_Host_Library/Core/Src/usbh_ctlreq.o
 .debug_abbrev  0x00002f06      0x245 ./Middlewares/ST/STM32_USB_Host_Library/Core/Src/usbh_ioreq.o
 .debug_abbrev  0x0000314b      0x281 ./Middlewares/ST/STM32_USB_Host_Library/Core/Src/usbh_pipes.o
 .debug_abbrev  0x000033cc      0x26e ./USB_HOST/App/usb_host.o
 .debug_abbrev  0x0000363a      0x3c2 ./USB_HOST/Target/usbh_conf.o
 .debug_abbrev  0x000039fc      0x114 ./USB_HOST/Target/usbh_platform.o

.debug_aranges  0x00000000     0x1248
 .debug_aranges
                0x00000000       0x60 ./Core/Src/main.o
 .debug_aranges
                0x00000060       0x60 ./Core/Src/stm32f4xx_hal_msp.o
 .debug_aranges
                0x000000c0       0x68 ./Core/Src/stm32f4xx_it.o
 .debug_aranges
                0x00000128       0x20 ./Core/Src/sysmem.o
 .debug_aranges
                0x00000148       0x28 ./Core/Src/system_stm32f4xx.o
 .debug_aranges
                0x00000170       0x28 ./Core/Startup/startup_stm32f407vgtx.o
 .debug_aranges
                0x00000198       0xf0 ./Drivers/STM32F4xx_HAL_Driver/Src/stm32f4xx_hal.o
 .debug_aranges
                0x00000288       0xe8 ./Drivers/STM32F4xx_HAL_Driver/Src/stm32f4xx_hal_adc.o
 .debug_aranges
                0x00000370      0x130 ./Drivers/STM32F4xx_HAL_Driver/Src/stm32f4xx_hal_cortex.o
 .debug_aranges
                0x000004a0       0x58 ./Drivers/STM32F4xx_HAL_Driver/Src/stm32f4xx_hal_gpio.o
 .debug_aranges
                0x000004f8      0x108 ./Drivers/STM32F4xx_HAL_Driver/Src/stm32f4xx_hal_hcd.o
 .debug_aranges
                0x00000600      0x2a8 ./Drivers/STM32F4xx_HAL_Driver/Src/stm32f4xx_hal_i2c.o
 .debug_aranges
                0x000008a8      0x108 ./Drivers/STM32F4xx_HAL_Driver/Src/stm32f4xx_hal_i2s.o
 .debug_aranges
                0x000009b0       0x88 ./Drivers/STM32F4xx_HAL_Driver/Src/stm32f4xx_hal_i2s_ex.o
 .debug_aranges
                0x00000a38       0x88 ./Drivers/STM32F4xx_HAL_Driver/Src/stm32f4xx_hal_rcc.o
 .debug_aranges
                0x00000ac0       0x48 ./Drivers/STM32F4xx_HAL_Driver/Src/stm32f4xx_hal_rcc_ex.o
 .debug_aranges
                0x00000b08      0x1d0 ./Drivers/STM32F4xx_HAL_Driver/Src/stm32f4xx_hal_spi.o
 .debug_aranges
                0x00000cd8      0x1a0 ./Drivers/STM32F4xx_HAL_Driver/Src/stm32f4xx_ll_usb.o
 .debug_aranges
                0x00000e78       0xa8 ./Middlewares/ST/STM32_USB_Host_Library/Class/CDC/Src/usbh_cdc.o
 .debug_aranges
                0x00000f20       0xc0 ./Middlewares/ST/STM32_USB_Host_Library/Core/Src/usbh_core.o
 .debug_aranges
                0x00000fe0       0xa0 ./Middlewares/ST/STM32_USB_Host_Library/Core/Src/usbh_ctlreq.o
 .debug_aranges
                0x00001080       0x60 ./Middlewares/ST/STM32_USB_Host_Library/Core/Src/usbh_ioreq.o
 .debug_aranges
                0x000010e0       0x40 ./Middlewares/ST/STM32_USB_Host_Library/Core/Src/usbh_pipes.o
 .debug_aranges
                0x00001120       0x30 ./USB_HOST/App/usb_host.o
 .debug_aranges
                0x00001150       0xd8 ./USB_HOST/Target/usbh_conf.o
 .debug_aranges
                0x00001228       0x20 ./USB_HOST/Target/usbh_platform.o

.debug_rnglists
                0x00000000      0xdef
 .debug_rnglists
                0x00000000       0x47 ./Core/Src/main.o
 .debug_rnglists
                0x00000047       0x47 ./Core/Src/stm32f4xx_hal_msp.o
 .debug_rnglists
                0x0000008e       0x49 ./Core/Src/stm32f4xx_it.o
 .debug_rnglists
                0x000000d7       0x13 ./Core/Src/sysmem.o
 .debug_rnglists
                0x000000ea       0x1a ./Core/Src/system_stm32f4xx.o
 .debug_rnglists
                0x00000104       0x19 ./Core/Startup/startup_stm32f407vgtx.o
 .debug_rnglists
                0x0000011d       0xaf ./Drivers/STM32F4xx_HAL_Driver/Src/stm32f4xx_hal.o
 .debug_rnglists
                0x000001cc       0xb5 ./Drivers/STM32F4xx_HAL_Driver/Src/stm32f4xx_hal_adc.o
 .debug_rnglists
                0x00000281       0xe0 ./Drivers/STM32F4xx_HAL_Driver/Src/stm32f4xx_hal_cortex.o
 .debug_rnglists
                0x00000361       0x3f ./Drivers/STM32F4xx_HAL_Driver/Src/stm32f4xx_hal_gpio.o
 .debug_rnglists
                0x000003a0       0xca ./Drivers/STM32F4xx_HAL_Driver/Src/stm32f4xx_hal_hcd.o
 .debug_rnglists
                0x0000046a      0x23c ./Drivers/STM32F4xx_HAL_Driver/Src/stm32f4xx_hal_i2c.o
 .debug_rnglists
                0x000006a6       0xcc ./Drivers/STM32F4xx_HAL_Driver/Src/stm32f4xx_hal_i2s.o
 .debug_rnglists
                0x00000772       0x6a ./Drivers/STM32F4xx_HAL_Driver/Src/stm32f4xx_hal_i2s_ex.o
 .debug_rnglists
                0x000007dc       0x66 ./Drivers/STM32F4xx_HAL_Driver/Src/stm32f4xx_hal_rcc.o
 .debug_rnglists
                0x00000842       0x35 ./Drivers/STM32F4xx_HAL_Driver/Src/stm32f4xx_hal_rcc_ex.o
 .debug_rnglists
                0x00000877      0x16f ./Drivers/STM32F4xx_HAL_Driver/Src/stm32f4xx_hal_spi.o
 .debug_rnglists
                0x000009e6      0x147 ./Drivers/STM32F4xx_HAL_Driver/Src/stm32f4xx_ll_usb.o
 .debug_rnglists
                0x00000b2d       0x7e ./Middlewares/ST/STM32_USB_Host_Library/Class/CDC/Src/usbh_cdc.o
 .debug_rnglists
                0x00000bab       0x8f ./Middlewares/ST/STM32_USB_Host_Library/Core/Src/usbh_core.o
 .debug_rnglists
                0x00000c3a       0x77 ./Middlewares/ST/STM32_USB_Host_Library/Core/Src/usbh_ctlreq.o
 .debug_rnglists
                0x00000cb1       0x43 ./Middlewares/ST/STM32_USB_Host_Library/Core/Src/usbh_ioreq.o
 .debug_rnglists
                0x00000cf4       0x2b ./Middlewares/ST/STM32_USB_Host_Library/Core/Src/usbh_pipes.o
 .debug_rnglists
                0x00000d1f       0x1f ./USB_HOST/App/usb_host.o
 .debug_rnglists
                0x00000d3e       0x9e ./USB_HOST/Target/usbh_conf.o
 .debug_rnglists
                0x00000ddc       0x13 ./USB_HOST/Target/usbh_platform.o

.debug_macro    0x00000000    0x24ba3
 .debug_macro   0x00000000      0x247 ./Core/Src/main.o
 .debug_macro   0x00000247      0xad8 ./Core/Src/main.o
 .debug_macro   0x00000d1f      0x2ad ./Core/Src/main.o
 .debug_macro   0x00000fcc       0x2e ./Core/Src/main.o
 .debug_macro   0x00000ffa       0x2f ./Core/Src/main.o
 .debug_macro   0x00001029       0x22 ./Core/Src/main.o
 .debug_macro   0x0000104b       0x8e ./Core/Src/main.o
 .debug_macro   0x000010d9       0x51 ./Core/Src/main.o
 .debug_macro   0x0000112a      0x103 ./Core/Src/main.o
 .debug_macro   0x0000122d       0x6a ./Core/Src/main.o
 .debug_macro   0x00001297      0x1df ./Core/Src/main.o
 .debug_macro   0x00001476       0x1c ./Core/Src/main.o
 .debug_macro   0x00001492       0x22 ./Core/Src/main.o
 .debug_macro   0x000014b4       0xfb ./Core/Src/main.o
 .debug_macro   0x000015af     0x1011 ./Core/Src/main.o
 .debug_macro   0x000025c0      0x11f ./Core/Src/main.o
 .debug_macro   0x000026df    0x15e97 ./Core/Src/main.o
 .debug_macro   0x00018576       0x6d ./Core/Src/main.o
 .debug_macro   0x000185e3     0x369a ./Core/Src/main.o
 .debug_macro   0x0001bc7d      0x190 ./Core/Src/main.o
 .debug_macro   0x0001be0d       0x5c ./Core/Src/main.o
 .debug_macro   0x0001be69      0x980 ./Core/Src/main.o
 .debug_macro   0x0001c7e9      0x9e9 ./Core/Src/main.o
 .debug_macro   0x0001d1d2      0x115 ./Core/Src/main.o
 .debug_macro   0x0001d2e7      0x13e ./Core/Src/main.o
 .debug_macro   0x0001d425       0xa5 ./Core/Src/main.o
 .debug_macro   0x0001d4ca      0x174 ./Core/Src/main.o
 .debug_macro   0x0001d63e      0x287 ./Core/Src/main.o
 .debug_macro   0x0001d8c5       0x5f ./Core/Src/main.o
 .debug_macro   0x0001d924      0x236 ./Core/Src/main.o
 .debug_macro   0x0001db5a      0xb5b ./Core/Src/main.o
 .debug_macro   0x0001e6b5      0x38b ./Core/Src/main.o
 .debug_macro   0x0001ea40      0x176 ./Core/Src/main.o
 .debug_macro   0x0001ebb6       0xf9 ./Core/Src/main.o
 .debug_macro   0x0001ecaf      0x12c ./Core/Src/main.o
 .debug_macro   0x0001eddb      0x21e ./Core/Src/main.o
 .debug_macro   0x0001eff9       0x2e ./Core/Src/main.o
 .debug_macro   0x0001f027      0x1b5 ./Core/Src/main.o
 .debug_macro   0x0001f1dc       0xd6 ./Core/Src/main.o
 .debug_macro   0x0001f2b2      0x1a7 ./Core/Src/main.o
 .debug_macro   0x0001f459       0x46 ./Core/Src/main.o
 .debug_macro   0x0001f49f       0x4a ./Core/Src/main.o
 .debug_macro   0x0001f4e9      0x127 ./Core/Src/main.o
 .debug_macro   0x0001f610       0x7e ./Core/Src/main.o
 .debug_macro   0x0001f68e       0x89 ./Core/Src/main.o
 .debug_macro   0x0001f717      0x225 ./Core/Src/main.o
 .debug_macro   0x0001f93c      0x293 ./Core/Src/main.o
 .debug_macro   0x0001fbcf       0x98 ./Core/Src/main.o
 .debug_macro   0x0001fc67      0x12d ./Core/Src/main.o
 .debug_macro   0x0001fd94      0x19c ./Core/Src/main.o
 .debug_macro   0x0001ff30      0x23d ./Core/Src/stm32f4xx_hal_msp.o
 .debug_macro   0x0002016d      0x247 ./Core/Src/stm32f4xx_it.o
 .debug_macro   0x000203b4      0x112 ./Core/Src/sysmem.o
 .debug_macro   0x000204c6      0x23c ./Core/Src/sysmem.o
 .debug_macro   0x00020702      0x22e ./Core/Src/system_stm32f4xx.o
 .debug_macro   0x00020930      0x28e ./Drivers/STM32F4xx_HAL_Driver/Src/stm32f4xx_hal.o
 .debug_macro   0x00020bbe      0x22f ./Drivers/STM32F4xx_HAL_Driver/Src/stm32f4xx_hal_adc.o
 .debug_macro   0x00020ded      0x22e ./Drivers/STM32F4xx_HAL_Driver/Src/stm32f4xx_hal_cortex.o
 .debug_macro   0x0002101b      0x234 ./Drivers/STM32F4xx_HAL_Driver/Src/stm32f4xx_hal_gpio.o
 .debug_macro   0x0002124f      0x22e ./Drivers/STM32F4xx_HAL_Driver/Src/stm32f4xx_hal_hcd.o
 .debug_macro   0x0002147d      0x27c ./Drivers/STM32F4xx_HAL_Driver/Src/stm32f4xx_hal_i2c.o
 .debug_macro   0x000216f9      0x236 ./Drivers/STM32F4xx_HAL_Driver/Src/stm32f4xx_hal_i2s.o
 .debug_macro   0x0002192f      0x22e ./Drivers/STM32F4xx_HAL_Driver/Src/stm32f4xx_hal_i2s_ex.o
 .debug_macro   0x00021b5d      0x252 ./Drivers/STM32F4xx_HAL_Driver/Src/stm32f4xx_hal_rcc.o
 .debug_macro   0x00021daf      0x22e ./Drivers/STM32F4xx_HAL_Driver/Src/stm32f4xx_hal_rcc_ex.o
 .debug_macro   0x00021fdd      0x23d ./Drivers/STM32F4xx_HAL_Driver/Src/stm32f4xx_hal_spi.o
 .debug_macro   0x0002221a      0x22e ./Drivers/STM32F4xx_HAL_Driver/Src/stm32f4xx_ll_usb.o
 .debug_macro   0x00022448      0x3d5 ./Middlewares/ST/STM32_USB_Host_Library/Class/CDC/Src/usbh_cdc.o
 .debug_macro   0x0002281d       0x16 ./Middlewares/ST/STM32_USB_Host_Library/Class/CDC/Src/usbh_cdc.o
 .debug_macro   0x00022833       0x9e ./Middlewares/ST/STM32_USB_Host_Library/Class/CDC/Src/usbh_cdc.o
 .debug_macro   0x000228d1      0x112 ./Middlewares/ST/STM32_USB_Host_Library/Class/CDC/Src/usbh_cdc.o
 .debug_macro   0x000229e3       0x16 ./Middlewares/ST/STM32_USB_Host_Library/Class/CDC/Src/usbh_cdc.o
 .debug_macro   0x000229f9       0x16 ./Middlewares/ST/STM32_USB_Host_Library/Class/CDC/Src/usbh_cdc.o
 .debug_macro   0x00022a0f       0x20 ./Middlewares/ST/STM32_USB_Host_Library/Class/CDC/Src/usbh_cdc.o
 .debug_macro   0x00022a2f       0x56 ./Middlewares/ST/STM32_USB_Host_Library/Class/CDC/Src/usbh_cdc.o
 .debug_macro   0x00022a85       0x73 ./Middlewares/ST/STM32_USB_Host_Library/Class/CDC/Src/usbh_cdc.o
 .debug_macro   0x00022af8      0x233 ./Middlewares/ST/STM32_USB_Host_Library/Class/CDC/Src/usbh_cdc.o
 .debug_macro   0x00022d2b       0x2e ./Middlewares/ST/STM32_USB_Host_Library/Class/CDC/Src/usbh_cdc.o
 .debug_macro   0x00022d59       0x2e ./Middlewares/ST/STM32_USB_Host_Library/Class/CDC/Src/usbh_cdc.o
 .debug_macro   0x00022d87       0x28 ./Middlewares/ST/STM32_USB_Host_Library/Class/CDC/Src/usbh_cdc.o
 .debug_macro   0x00022daf      0x15b ./Middlewares/ST/STM32_USB_Host_Library/Class/CDC/Src/usbh_cdc.o
 .debug_macro   0x00022f0a      0x3d2 ./Middlewares/ST/STM32_USB_Host_Library/Core/Src/usbh_core.o
 .debug_macro   0x000232dc      0x3ca ./Middlewares/ST/STM32_USB_Host_Library/Core/Src/usbh_ctlreq.o
 .debug_macro   0x000236a6       0x28 ./Middlewares/ST/STM32_USB_Host_Library/Core/Src/usbh_ctlreq.o
 .debug_macro   0x000236ce      0x3c4 ./Middlewares/ST/STM32_USB_Host_Library/Core/Src/usbh_ioreq.o
 .debug_macro   0x00023a92      0x3c4 ./Middlewares/ST/STM32_USB_Host_Library/Core/Src/usbh_pipes.o
 .debug_macro   0x00023e56      0x3d3 ./USB_HOST/App/usb_host.o
 .debug_macro   0x00024229       0x61 ./USB_HOST/App/usb_host.o
 .debug_macro   0x0002428a      0x1a2 ./USB_HOST/App/usb_host.o
 .debug_macro   0x0002442c      0x161 ./USB_HOST/App/usb_host.o
 .debug_macro   0x0002458d      0x3d4 ./USB_HOST/Target/usbh_conf.o
 .debug_macro   0x00024961      0x242 ./USB_HOST/Target/usbh_platform.o

.debug_line     0x00000000    0x19bc0
 .debug_line    0x00000000      0xa94 ./Core/Src/main.o
 .debug_line    0x00000a94      0x945 ./Core/Src/stm32f4xx_hal_msp.o
 .debug_line    0x000013d9      0x8b1 ./Core/Src/stm32f4xx_it.o
 .debug_line    0x00001c8a      0x588 ./Core/Src/sysmem.o
 .debug_line    0x00002212      0x86f ./Core/Src/system_stm32f4xx.o
 .debug_line    0x00002a81       0x7a ./Core/Startup/startup_stm32f407vgtx.o
 .debug_line    0x00002afb      0xadc ./Drivers/STM32F4xx_HAL_Driver/Src/stm32f4xx_hal.o
 .debug_line    0x000035d7     0x12f0 ./Drivers/STM32F4xx_HAL_Driver/Src/stm32f4xx_hal_adc.o
 .debug_line    0x000048c7      0xdac ./Drivers/STM32F4xx_HAL_Driver/Src/stm32f4xx_hal_cortex.o
 .debug_line    0x00005673      0xc34 ./Drivers/STM32F4xx_HAL_Driver/Src/stm32f4xx_hal_gpio.o
 .debug_line    0x000062a7     0x166d ./Drivers/STM32F4xx_HAL_Driver/Src/stm32f4xx_hal_hcd.o
 .debug_line    0x00007914     0x3b8e ./Drivers/STM32F4xx_HAL_Driver/Src/stm32f4xx_hal_i2c.o
 .debug_line    0x0000b4a2     0x1434 ./Drivers/STM32F4xx_HAL_Driver/Src/stm32f4xx_hal_i2s.o
 .debug_line    0x0000c8d6     0x132c ./Drivers/STM32F4xx_HAL_Driver/Src/stm32f4xx_hal_i2s_ex.o
 .debug_line    0x0000dc02      0xeeb ./Drivers/STM32F4xx_HAL_Driver/Src/stm32f4xx_hal_rcc.o
 .debug_line    0x0000eaed      0xb4b ./Drivers/STM32F4xx_HAL_Driver/Src/stm32f4xx_hal_rcc_ex.o
 .debug_line    0x0000f638     0x1d71 ./Drivers/STM32F4xx_HAL_Driver/Src/stm32f4xx_hal_spi.o
 .debug_line    0x000113a9     0x1e03 ./Drivers/STM32F4xx_HAL_Driver/Src/stm32f4xx_ll_usb.o
 .debug_line    0x000131ac      0xf7b ./Middlewares/ST/STM32_USB_Host_Library/Class/CDC/Src/usbh_cdc.o
 .debug_line    0x00014127     0x121c ./Middlewares/ST/STM32_USB_Host_Library/Core/Src/usbh_core.o
 .debug_line    0x00015343     0x1174 ./Middlewares/ST/STM32_USB_Host_Library/Core/Src/usbh_ctlreq.o
 .debug_line    0x000164b7      0xb49 ./Middlewares/ST/STM32_USB_Host_Library/Core/Src/usbh_ioreq.o
 .debug_line    0x00017000      0xaf6 ./Middlewares/ST/STM32_USB_Host_Library/Core/Src/usbh_pipes.o
 .debug_line    0x00017af6      0xae9 ./USB_HOST/App/usb_host.o
 .debug_line    0x000185df      0xdc4 ./USB_HOST/Target/usbh_conf.o
 .debug_line    0x000193a3      0x81d ./USB_HOST/Target/usbh_platform.o

.debug_str      0x00000000    0xd83c0
 .debug_str     0x00000000    0xd83c0 ./Core/Src/main.o
                              0xcdf4a (size before relaxing)
 .debug_str     0x000d83c0    0xcdd85 ./Core/Src/stm32f4xx_hal_msp.o
 .debug_str     0x000d83c0    0xcd628 ./Core/Src/stm32f4xx_it.o
 .debug_str     0x000d83c0     0x779c ./Core/Src/sysmem.o
 .debug_str     0x000d83c0    0xccbf2 ./Core/Src/system_stm32f4xx.o
 .debug_str     0x000d83c0       0x9e ./Core/Startup/startup_stm32f407vgtx.o
 .debug_str     0x000d83c0    0xcd776 ./Drivers/STM32F4xx_HAL_Driver/Src/stm32f4xx_hal.o
 .debug_str     0x000d83c0    0xcd1df ./Drivers/STM32F4xx_HAL_Driver/Src/stm32f4xx_hal_adc.o
 .debug_str     0x000d83c0    0xcd4f2 ./Drivers/STM32F4xx_HAL_Driver/Src/stm32f4xx_hal_cortex.o
 .debug_str     0x000d83c0    0xccd6d ./Drivers/STM32F4xx_HAL_Driver/Src/stm32f4xx_hal_gpio.o
 .debug_str     0x000d83c0    0xcd4da ./Drivers/STM32F4xx_HAL_Driver/Src/stm32f4xx_hal_hcd.o
 .debug_str     0x000d83c0    0xcdc10 ./Drivers/STM32F4xx_HAL_Driver/Src/stm32f4xx_hal_i2c.o
 .debug_str     0x000d83c0    0xcd1e3 ./Drivers/STM32F4xx_HAL_Driver/Src/stm32f4xx_hal_i2s.o
 .debug_str     0x000d83c0    0xcd0de ./Drivers/STM32F4xx_HAL_Driver/Src/stm32f4xx_hal_i2s_ex.o
 .debug_str     0x000d83c0    0xcd026 ./Drivers/STM32F4xx_HAL_Driver/Src/stm32f4xx_hal_rcc.o
 .debug_str     0x000d83c0    0xccd44 ./Drivers/STM32F4xx_HAL_Driver/Src/stm32f4xx_hal_rcc_ex.o
 .debug_str     0x000d83c0    0xcd4b0 ./Drivers/STM32F4xx_HAL_Driver/Src/stm32f4xx_hal_spi.o
 .debug_str     0x000d83c0    0xcd5ab ./Drivers/STM32F4xx_HAL_Driver/Src/stm32f4xx_ll_usb.o
 .debug_str     0x000d83c0    0xd316d ./Middlewares/ST/STM32_USB_Host_Library/Class/CDC/Src/usbh_cdc.o
 .debug_str     0x000d83c0    0xd268c ./Middlewares/ST/STM32_USB_Host_Library/Core/Src/usbh_core.o
 .debug_str     0x000d83c0    0xd2622 ./Middlewares/ST/STM32_USB_Host_Library/Core/Src/usbh_ctlreq.o
 .debug_str     0x000d83c0    0xd2427 ./Middlewares/ST/STM32_USB_Host_Library/Core/Src/usbh_ioreq.o
 .debug_str     0x000d83c0    0xd23bd ./Middlewares/ST/STM32_USB_Host_Library/Core/Src/usbh_pipes.o
 .debug_str     0x000d83c0    0xd2ac8 ./USB_HOST/App/usb_host.o
 .debug_str     0x000d83c0    0xd332b ./USB_HOST/Target/usbh_conf.o
 .debug_str     0x000d83c0    0xccb01 ./USB_HOST/Target/usbh_platform.o

.comment        0x00000000       0x43
 .comment       0x00000000       0x43 ./Core/Src/main.o
                                 0x44 (size before relaxing)
 .comment       0x00000043       0x44 ./Core/Src/stm32f4xx_hal_msp.o
 .comment       0x00000043       0x44 ./Core/Src/stm32f4xx_it.o
 .comment       0x00000043       0x44 ./Core/Src/sysmem.o
 .comment       0x00000043       0x44 ./Core/Src/system_stm32f4xx.o
 .comment       0x00000043       0x44 ./Drivers/STM32F4xx_HAL_Driver/Src/stm32f4xx_hal.o
 .comment       0x00000043       0x44 ./Drivers/STM32F4xx_HAL_Driver/Src/stm32f4xx_hal_adc.o
 .comment       0x00000043       0x44 ./Drivers/STM32F4xx_HAL_Driver/Src/stm32f4xx_hal_cortex.o
 .comment       0x00000043       0x44 ./Drivers/STM32F4xx_HAL_Driver/Src/stm32f4xx_hal_gpio.o
 .comment       0x00000043       0x44 ./Drivers/STM32F4xx_HAL_Driver/Src/stm32f4xx_hal_hcd.o
 .comment       0x00000043       0x44 ./Drivers/STM32F4xx_HAL_Driver/Src/stm32f4xx_hal_i2c.o
 .comment       0x00000043       0x44 ./Drivers/STM32F4xx_HAL_Driver/Src/stm32f4xx_hal_i2s.o
 .comment       0x00000043       0x44 ./Drivers/STM32F4xx_HAL_Driver/Src/stm32f4xx_hal_i2s_ex.o
 .comment       0x00000043       0x44 ./Drivers/STM32F4xx_HAL_Driver/Src/stm32f4xx_hal_rcc.o
 .comment       0x00000043       0x44 ./Drivers/STM32F4xx_HAL_Driver/Src/stm32f4xx_hal_rcc_ex.o
 .comment       0x00000043       0x44 ./Drivers/STM32F4xx_HAL_Driver/Src/stm32f4xx_hal_spi.o
 .comment       0x00000043       0x44 ./Drivers/STM32F4xx_HAL_Driver/Src/stm32f4xx_ll_usb.o
 .comment       0x00000043       0x44 ./Middlewares/ST/STM32_USB_Host_Library/Class/CDC/Src/usbh_cdc.o
 .comment       0x00000043       0x44 ./Middlewares/ST/STM32_USB_Host_Library/Core/Src/usbh_core.o
 .comment       0x00000043       0x44 ./Middlewares/ST/STM32_USB_Host_Library/Core/Src/usbh_ctlreq.o
 .comment       0x00000043       0x44 ./Middlewares/ST/STM32_USB_Host_Library/Core/Src/usbh_ioreq.o
 .comment       0x00000043       0x44 ./Middlewares/ST/STM32_USB_Host_Library/Core/Src/usbh_pipes.o
 .comment       0x00000043       0x44 ./USB_HOST/App/usb_host.o
 .comment       0x00000043       0x44 ./USB_HOST/Target/usbh_conf.o
 .comment       0x00000043       0x44 ./USB_HOST/Target/usbh_platform.o

.debug_frame    0x00000000     0x4f58
 .debug_frame   0x00000000      0x130 ./Core/Src/main.o
 .debug_frame   0x00000130      0x154 ./Core/Src/stm32f4xx_hal_msp.o
 .debug_frame   0x00000284      0x120 ./Core/Src/stm32f4xx_it.o
 .debug_frame   0x000003a4       0x34 ./Core/Src/sysmem.o
 .debug_frame   0x000003d8       0x58 ./Core/Src/system_stm32f4xx.o
 .debug_frame   0x00000430      0x374 ./Drivers/STM32F4xx_HAL_Driver/Src/stm32f4xx_hal.o
 .debug_frame   0x000007a4      0x3fc ./Drivers/STM32F4xx_HAL_Driver/Src/stm32f4xx_hal_adc.o
 .debug_frame   0x00000ba0      0x508 ./Drivers/STM32F4xx_HAL_Driver/Src/stm32f4xx_hal_cortex.o
 .debug_frame   0x000010a8      0x14c ./Drivers/STM32F4xx_HAL_Driver/Src/stm32f4xx_hal_gpio.o
 .debug_frame   0x000011f4      0x498 ./Drivers/STM32F4xx_HAL_Driver/Src/stm32f4xx_hal_hcd.o
 .debug_frame   0x0000168c      0xc84 ./Drivers/STM32F4xx_HAL_Driver/Src/stm32f4xx_hal_i2c.o
 .debug_frame   0x00002310      0x484 ./Drivers/STM32F4xx_HAL_Driver/Src/stm32f4xx_hal_i2s.o
 .debug_frame   0x00002794      0x220 ./Drivers/STM32F4xx_HAL_Driver/Src/stm32f4xx_hal_i2s_ex.o
 .debug_frame   0x000029b4      0x1f4 ./Drivers/STM32F4xx_HAL_Driver/Src/stm32f4xx_hal_rcc.o
 .debug_frame   0x00002ba8       0xf0 ./Drivers/STM32F4xx_HAL_Driver/Src/stm32f4xx_hal_rcc_ex.o