../Core/Src/main.c:86:5:main	8	static
../Core/Src/main.c:140:6:SystemClock_Config	88	static
../Core/Src/main.c:186:13:MX_I2C1_Init	8	static
../Core/Src/main.c:220:13:MX_I2S3_Init	8	static
../Core/Src/main.c:254:13:MX_SPI1_Init	8	static
../Core/Src/main.c:292:13:MX_TIM1_Init	80	static
../Core/Src/main.c:357:13:MX_TIM2_Init	32	static
../Core/Src/main.c:405:13:MX_GPIO_Init	56	static
../Core/Src/main.c:512:6:HAL_TIM_IC_CaptureCallback	16	static
../Core/Src/main.c:593:6:Error_Handler	4	static,ignoring_inline_asm
