../Core/Src/main.c:77:6:get_SineVal	16	static
../Core/Src/main.c:88:5:main	16	static
../Core/Src/main.c:144:6:SystemClock_Config	88	static
../Core/Src/main.c:190:13:MX_DAC_Init	16	static
../Core/Src/main.c:230:13:MX_I2C1_Init	8	static
../Core/Src/main.c:264:13:MX_SPI1_Init	8	static
../Core/Src/main.c:302:13:MX_TIM1_Init	32	static
../Core/Src/main.c:351:13:MX_TIM2_Init	32	static
../Core/Src/main.c:394:13:MX_DMA_Init	16	static
../Core/Src/main.c:412:13:MX_GPIO_Init	56	static
../Core/Src/main.c:527:6:Error_Handler	4	static,ignoring_inline_asm
