Archive member included to satisfy reference by file (symbol)

C:/ST/STM32CubeIDE_1.18.0/STM32CubeIDE/plugins/com.st.stm32cube.ide.mcu.externaltools.gnu-tools-for-stm32.13.3.rel1.win32_1.0.0.202411081344/tools/bin/../lib/gcc/arm-none-eabi/13.3.1/../../../../arm-none-eabi/lib/thumb/v7e-m+fp/hard\libc_nano.a(libc_a-exit.o)
                              C:/ST/STM32CubeIDE_1.18.0/STM32CubeIDE/plugins/com.st.stm32cube.ide.mcu.externaltools.gnu-tools-for-stm32.13.3.rel1.win32_1.0.0.202411081344/tools/bin/../lib/gcc/arm-none-eabi/13.3.1/../../../../arm-none-eabi/lib/thumb/v7e-m+fp/hard/crt0.o (exit)
C:/ST/STM32CubeIDE_1.18.0/STM32CubeIDE/plugins/com.st.stm32cube.ide.mcu.externaltools.gnu-tools-for-stm32.13.3.rel1.win32_1.0.0.202411081344/tools/bin/../lib/gcc/arm-none-eabi/13.3.1/../../../../arm-none-eabi/lib/thumb/v7e-m+fp/hard\libc_nano.a(libc_a-malloc.o)
                              ./Middlewares/ST/STM32_USB_Host_Library/Class/CDC/Src/usbh_cdc.o (malloc)
C:/ST/STM32CubeIDE_1.18.0/STM32CubeIDE/plugins/com.st.stm32cube.ide.mcu.externaltools.gnu-tools-for-stm32.13.3.rel1.win32_1.0.0.202411081344/tools/bin/../lib/gcc/arm-none-eabi/13.3.1/../../../../arm-none-eabi/lib/thumb/v7e-m+fp/hard\libc_nano.a(libc_a-mallocr.o)
                              C:/ST/STM32CubeIDE_1.18.0/STM32CubeIDE/plugins/com.st.stm32cube.ide.mcu.externaltools.gnu-tools-for-stm32.13.3.rel1.win32_1.0.0.202411081344/tools/bin/../lib/gcc/arm-none-eabi/13.3.1/../../../../arm-none-eabi/lib/thumb/v7e-m+fp/hard\libc_nano.a(libc_a-malloc.o) (_malloc_r)
C:/ST/STM32CubeIDE_1.18.0/STM32CubeIDE/plugins/com.st.stm32cube.ide.mcu.externaltools.gnu-tools-for-stm32.13.3.rel1.win32_1.0.0.202411081344/tools/bin/../lib/gcc/arm-none-eabi/13.3.1/../../../../arm-none-eabi/lib/thumb/v7e-m+fp/hard\libc_nano.a(libc_a-mlock.o)
                              C:/ST/STM32CubeIDE_1.18.0/STM32CubeIDE/plugins/com.st.stm32cube.ide.mcu.externaltools.gnu-tools-for-stm32.13.3.rel1.win32_1.0.0.202411081344/tools/bin/../lib/gcc/arm-none-eabi/13.3.1/../../../../arm-none-eabi/lib/thumb/v7e-m+fp/hard\libc_nano.a(libc_a-mallocr.o) (__malloc_lock)
C:/ST/STM32CubeIDE_1.18.0/STM32CubeIDE/plugins/com.st.stm32cube.ide.mcu.externaltools.gnu-tools-for-stm32.13.3.rel1.win32_1.0.0.202411081344/tools/bin/../lib/gcc/arm-none-eabi/13.3.1/../../../../arm-none-eabi/lib/thumb/v7e-m+fp/hard\libc_nano.a(libc_a-findfp.o)
                              C:/ST/STM32CubeIDE_1.18.0/STM32CubeIDE/plugins/com.st.stm32cube.ide.mcu.externaltools.gnu-tools-for-stm32.13.3.rel1.win32_1.0.0.202411081344/tools/bin/../lib/gcc/arm-none-eabi/13.3.1/../../../../arm-none-eabi/lib/thumb/v7e-m+fp/hard\libc_nano.a(libc_a-exit.o) (__stdio_exit_handler)
C:/ST/STM32CubeIDE_1.18.0/STM32CubeIDE/plugins/com.st.stm32cube.ide.mcu.externaltools.gnu-tools-for-stm32.13.3.rel1.win32_1.0.0.202411081344/tools/bin/../lib/gcc/arm-none-eabi/13.3.1/../../../../arm-none-eabi/lib/thumb/v7e-m+fp/hard\libc_nano.a(libc_a-fwalk.o)
                              C:/ST/STM32CubeIDE_1.18.0/STM32CubeIDE/plugins/com.st.stm32cube.ide.mcu.externaltools.gnu-tools-for-stm32.13.3.rel1.win32_1.0.0.202411081344/tools/bin/../lib/gcc/arm-none-eabi/13.3.1/../../../../arm-none-eabi/lib/thumb/v7e-m+fp/hard\libc_nano.a(libc_a-findfp.o) (_fwalk_sglue)
C:/ST/STM32CubeIDE_1.18.0/STM32CubeIDE/plugins/com.st.stm32cube.ide.mcu.externaltools.gnu-tools-for-stm32.13.3.rel1.win32_1.0.0.202411081344/tools/bin/../lib/gcc/arm-none-eabi/13.3.1/../../../../arm-none-eabi/lib/thumb/v7e-m+fp/hard\libc_nano.a(libc_a-stdio.o)
                              C:/ST/STM32CubeIDE_1.18.0/STM32CubeIDE/plugins/com.st.stm32cube.ide.mcu.externaltools.gnu-tools-for-stm32.13.3.rel1.win32_1.0.0.202411081344/tools/bin/../lib/gcc/arm-none-eabi/13.3.1/../../../../arm-none-eabi/lib/thumb/v7e-m+fp/hard\libc_nano.a(libc_a-findfp.o) (__sread)
C:/ST/STM32CubeIDE_1.18.0/STM32CubeIDE/plugins/com.st.stm32cube.ide.mcu.externaltools.gnu-tools-for-stm32.13.3.rel1.win32_1.0.0.202411081344/tools/bin/../lib/gcc/arm-none-eabi/13.3.1/../../../../arm-none-eabi/lib/thumb/v7e-m+fp/hard\libc_nano.a(libc_a-memset.o)
                              C:/ST/STM32CubeIDE_1.18.0/STM32CubeIDE/plugins/com.st.stm32cube.ide.mcu.externaltools.gnu-tools-for-stm32.13.3.rel1.win32_1.0.0.202411081344/tools/bin/../lib/gcc/arm-none-eabi/13.3.1/../../../../arm-none-eabi/lib/thumb/v7e-m+fp/hard/crt0.o (memset)
C:/ST/STM32CubeIDE_1.18.0/STM32CubeIDE/plugins/com.st.stm32cube.ide.mcu.externaltools.gnu-tools-for-stm32.13.3.rel1.win32_1.0.0.202411081344/tools/bin/../lib/gcc/arm-none-eabi/13.3.1/../../../../arm-none-eabi/lib/thumb/v7e-m+fp/hard\libc_nano.a(libc_a-closer.o)
                              C:/ST/STM32CubeIDE_1.18.0/STM32CubeIDE/plugins/com.st.stm32cube.ide.mcu.externaltools.gnu-tools-for-stm32.13.3.rel1.win32_1.0.0.202411081344/tools/bin/../lib/gcc/arm-none-eabi/13.3.1/../../../../arm-none-eabi/lib/thumb/v7e-m+fp/hard\libc_nano.a(libc_a-stdio.o) (_close_r)
[...]
Memory Configuration

Name             Origin             Length             Attributes
CCMRAM           0x10000000         0x00010000         xrw
RAM              0x20000000         0x00020000         xrw
FLASH            0x08000000         0x00100000         xr
*default*        0x00000000         0xffffffff

Linker script and memory map

LOAD C:/ST/STM32CubeIDE_1.18.0/STM32CubeIDE/plugins/com.st.stm32cube.ide.mcu.externaltools.gnu-tools-for-stm32.13.3.rel1.win32_1.0.0.202411081344/tools/bin/../lib/gcc/arm-none-eabi/13.3.1/thumb/v7e-m+fp/hard/crti.o
LOAD C:/ST/STM32CubeIDE_1.18.0/STM32CubeIDE/plugins/com.st.stm32cube.ide.mcu.externaltools.gnu-tools-for-stm32.13.3.rel1.win32_1.0.0.202411081344/tools/bin/../lib/gcc/arm-none-eabi/13.3.1/thumb/v7e-m+fp/hard/crtbegin.o
LOAD C:/ST/STM32CubeIDE_1.18.0/STM32CubeIDE/plugins/com.st.stm32cube.ide.mcu.externaltools.gnu-tools-for-stm32.13.3.rel1.win32_1.0.0.202411081344/tools/bin/../lib/gcc/arm-none-eabi/13.3.1/../../../../arm-none-eabi/lib/thumb/v7e-m+fp/hard/crt0.o
LOAD ./Core/Src/DS3231.o
LOAD ./Core/Src/MAX7219.o
LOAD ./Core/Src/main.o
LOAD ./Core/Src/stm32f4xx_hal_msp.o
LOAD ./Core/Src/stm32f4xx_it.o
LOAD ./Core/Src/syscalls.o
LOAD ./Core/Src/sysmem.o
LOAD ./Core/Src/system_stm32f4xx.o
LOAD ./Core/Startup/startup_stm32f407vgtx.o
LOAD ./Drivers/STM32F4xx_HAL_Driver/Src/stm32f4xx_hal.o
LOAD ./Drivers/STM32F4xx_HAL_Driver/Src/stm32f4xx_hal_cortex.o
LOAD ./Drivers/STM32F4xx_HAL_Driver/Src/stm32f4xx_hal_dma.o
LOAD ./Drivers/STM32F4xx_HAL_Driver/Src/stm32f4xx_hal_dma_ex.o
LOAD ./Drivers/STM32F4xx_HAL_Driver/Src/stm32f4xx_hal_exti.o
LOAD ./Drivers/STM32F4xx_HAL_Driver/Src/stm32f4xx_hal_flash.o
LOAD ./Drivers/STM32F4xx_HAL_Driver/Src/stm32f4xx_hal_flash_ex.o
LOAD ./Drivers/STM32F4xx_HAL_Driver/Src/stm32f4xx_hal_flash_ramfunc.o
LOAD ./Drivers/STM32F4xx_HAL_Driver/Src/stm32f4xx_hal_gpio.o
LOAD ./Drivers/STM32F4xx_HAL_Driver/Src/stm32f4xx_hal_hcd.o
LOAD ./Drivers/STM32F4xx_HAL_Driver/Src/stm32f4xx_hal_i2c.o
LOAD ./Drivers/STM32F4xx_HAL_Driver/Src/stm32f4xx_hal_i2c_ex.o
LOAD ./Drivers/STM32F4xx_HAL_Driver/Src/stm32f4xx_hal_pwr.o
LOAD ./Drivers/STM32F4xx_HAL_Driver/Src/stm32f4xx_hal_pwr_ex.o
LOAD ./Drivers/STM32F4xx_HAL_Driver/Src/stm32f4xx_hal_rcc.o
LOAD ./Drivers/STM32F4xx_HAL_Driver/Src/stm32f4xx_hal_rcc_ex.o
LOAD ./Drivers/STM32F4xx_HAL_Driver/Src/stm32f4xx_hal_spi.o
LOAD ./Drivers/STM32F4xx_HAL_Driver/Src/stm32f4xx_hal_tim.o
LOAD ./Drivers/STM32F4xx_HAL_Driver/Src/stm32f4xx_hal_tim_ex.o
LOAD ./Drivers/STM32F4xx_HAL_Driver/Src/stm32f4xx_ll_usb.o
LOAD ./Middlewares/ST/STM32_USB_Host_Library/Class/CDC/Src/usbh_cdc.o
LOAD ./Middlewares/ST/STM32_USB_Host_Library/Core/Src/usbh_core.o
LOAD ./Middlewares/ST/STM32_USB_Host_Library/Core/Src/usbh_ctlreq.o
LOAD ./Middlewares/ST/STM32_USB_Host_Library/Core/Src/usbh_ioreq.o
LOAD ./Middlewares/ST/STM32_USB_Host_Library/Core/Src/usbh_pipes.o
LOAD ./USB_HOST/App/usb_host.o
LOAD ./USB_HOST/Target/usbh_conf.o
LOAD ./USB_HOST/Target/usbh_platform.o
START GROUP
LOAD C:/ST/STM32CubeIDE_1.18.0/STM32CubeIDE/plugins/com.st.stm32cube.ide.mcu.externaltools.gnu-tools-for-stm32.13.3.rel1.win32_1.0.0.202411081344/tools/bin/../lib/gcc/arm-none-eabi/13.3.1/../../../../arm-none-eabi/lib/thumb/v7e-m+fp/hard\libc_nano.a
LOAD C:/ST/STM32CubeIDE_1.18.0/STM32CubeIDE/plugins/com.st.stm32cube.ide.mcu.externaltools.gnu-tools-for-stm32.13.3.rel1.win32_1.0.0.202411081344/tools/bin/../lib/gcc/arm-none-eabi/13.3.1/../../../../arm-none-eabi/lib/thumb/v7e-m+fp/hard\libm.a
END GROUP
START GROUP
LOAD C:/ST/STM32CubeIDE_1.18.0/STM32CubeIDE/plugins/com.st.stm32cube.ide.mcu.externaltools.gnu-tools-for-stm32.13.3.rel1.win32_1.0.0.202411081344/tools/bin/../lib/gcc/arm-none-eabi/13.3.1/thumb/v7e-m+fp/hard\libgcc.a
LOAD C:/ST/STM32CubeIDE_1.18.0/STM32CubeIDE/plugins/com.st.stm32cube.ide.mcu.externaltools.gnu-tools-for-stm32.13.3.rel1.win32_1.0.0.202411081344/tools/bin/../lib/gcc/arm-none-eabi/13.3.1/../../../../arm-none-eabi/lib/thumb/v7e-m+fp/hard\libc_nano.a
END GROUP
START GROUP
LOAD C:/ST/STM32CubeIDE_1.18.0/STM32CubeIDE/plugins/com.st.stm32cube.ide.mcu.externaltools.gnu-tools-for-stm32.13.3.rel1.win32_1.0.0.202411081344/tools/bin/../lib/gcc/arm-none-eabi/13.3.1/thumb/v7e-m+fp/hard\libgcc.a
LOAD C:/ST/STM32CubeIDE_1.18.0/STM32CubeIDE/plugins/com.st.stm32cube.ide.mcu.externaltools.gnu-tools-for-stm32.13.3.rel1.win32_1.0.0.202411081344/tools/bin/../lib/gcc/arm-none-eabi/13.3.1/../../../../arm-none-eabi/lib/thumb/v7e-m+fp/hard\libc_nano.a
LOAD C:/ST/STM32CubeIDE_1.18.0/STM32CubeIDE/plugins/com.st.stm32cube.ide.mcu.externaltools.gnu-tools-for-stm32.13.3.rel1.win32_1.0.0.202411081344/tools/bin/../lib/gcc/arm-none-eabi/13.3.1/../../../../arm-none-eabi/lib/thumb/v7e-m+fp/hard\libnosys.a
END GROUP
START GROUP
LOAD C:/ST/STM32CubeIDE_1.18.0/STM32CubeIDE/plugins/com.st.stm32cube.ide.mcu.externaltools.gnu-tools-for-stm32.13.3.rel1.win32_1.0.0.202411081344/tools/bin/../lib/gcc/arm-none-eabi/13.3.1/thumb/v7e-m+fp/hard\libgcc.a
LOAD C:/ST/STM32CubeIDE_1.18.0/STM32CubeIDE/plugins/com.st.stm32cube.ide.mcu.externaltools.gnu-tools-for-stm32.13.3.rel1.win32_1.0.0.202411081344/tools/bin/../lib/gcc/arm-none-eabi/13.3.1/../../../../arm-none-eabi/lib/thumb/v7e-m+fp/hard\libc_nano.a
LOAD C:/ST/STM32CubeIDE_1.18.0/STM32CubeIDE/plugins/com.st.stm32cube.ide.mcu.externaltools.gnu-tools-for-stm32.13.3.rel1.win32_1.0.0.202411081344/tools/bin/../lib/gcc/arm-none-eabi/13.3.1/../../../../arm-none-eabi/lib/thumb/v7e-m+fp/hard\libnosys.a
END GROUP
LOAD C:/ST/STM32CubeIDE_1.18.0/STM32CubeIDE/plugins/com.st.stm32cube.ide.mcu.externaltools.gnu-tools-for-stm32.13.3.rel1.win32_1.0.0.202411081344/tools/bin/../lib/gcc/arm-none-eabi/13.3.1/thumb/v7e-m+fp/hard/crtend.o
LOAD C:/ST/STM32CubeIDE_1.18.0/STM32CubeIDE/plugins/com.st.stm32cube.ide.mcu.externaltools.gnu-tools-for-stm32.13.3.rel1.win32_1.0.0.202411081344/tools/bin/../lib/gcc/arm-none-eabi/13.3.1/thumb/v7e-m+fp/hard/crtn.o
                0x20020000                        _estack = (ORIGIN (RAM) + LENGTH (RAM))
                0x00000200                        _Min_Heap_Size = 0x200
                0x00000400                        _Min_Stack_Size = 0x400

.isr_vector     0x08000000      0x188
                0x08000000                        . = ALIGN (0x4)
 *(.isr_vector)
 .isr_vector    0x08000000      0x188 ./Core/Startup/startup_stm32f407vgtx.o
                0x08000000                g_pfnVectors
                0x08000188                        . = ALIGN (0x4)

.text           0x08000188     0x9aa0
                0x08000188                        . = ALIGN (0x4)
 *(.text)
 .text          0x08000188       0x40 C:/ST/STM32CubeIDE_1.18.0/STM32CubeIDE/plugins/com.st.stm32cube.ide.mcu.externaltools.gnu-tools-for-stm32.13.3.rel1.win32_1.0.0.202411081344/tools/bin/../lib/gcc/arm-none-eabi/13.3.1/thumb/v7e-m+fp/hard/crtbegin.o
 .text          0x080001c8       0x30 C:/ST/STM32CubeIDE_1.18.0/STM32CubeIDE/plugins/com.st.stm32cube.ide.mcu.externaltools.gnu-tools-for-stm32.13.3.rel1.win32_1.0.0.202411081344/tools/bin/../lib/gcc/arm-none-eabi/13.3.1/thumb/v7e-m+fp/hard\libgcc.a(_aeabi_uldivmod.o)
                0x080001c8                __aeabi_uldivmod
 .text          0x080001f8      0x2f8 C:/ST/STM32CubeIDE_1.18.0/STM32CubeIDE/plugins/com.st.stm32cube.ide.mcu.externaltools.gnu-tools-for-stm32.13.3.rel1.win32_1.0.0.202411081344/tools/bin/../lib/gcc/arm-none-eabi/13.3.1/thumb/v7e-m+fp/hard\libgcc.a(_udivmoddi4.o)
                0x080001f8                __udivmoddi4
 .text          0x080004f0        0x4 C:/ST/STM32CubeIDE_1.18.0/STM32CubeIDE/plugins/com.st.stm32cube.ide.mcu.externaltools.gnu-tools-for-stm32.13.3.rel1.win32_1.0.0.202411081344/tools/bin/../lib/gcc/arm-none-eabi/13.3.1/thumb/v7e-m+fp/hard\libgcc.a(_dvmd_tls.o)
                0x080004f0                __aeabi_idiv0
                0x080004f0                __aeabi_ldiv0
 *(.text*)
 .text.readBCDRegister
                0x080004f4       0x48 ./Core/Src/DS3231.o
                0x080004f4                readBCDRegister
 .text._fromBcd
                0x0800053c       0x34 ./Core/Src/DS3231.o
                0x0800053c                _fromBcd
 .text.spiWriteRegister
                0x08000570       0x50 ./Core/Src/MAX7219.o
                0x08000570                spiWriteRegister
 .text.main     0x080005c0      0x140 ./Core/Src/main.o
                0x080005c0                main
 .text.SystemClock_Config
                0x08000700       0xd4 ./Core/Src/main.o
                0x08000700                SystemClock_Config
 .text.MX_I2C1_Init
                0x080007d4       0x5c ./Core/Src/main.o
 .text.MX_SPI1_Init
                0x08000830       0x6c ./Core/Src/main.o
 .text.MX_TIM1_Init
                0x0800089c       0xac ./Core/Src/main.o
 .text.MX_GPIO_Init
                0x08000948      0x25c ./Core/Src/main.o
 .text.Error_Handler
                0x08000ba4        0xc ./Core/Src/main.o
                0x08000ba4                Error_Handler
 .text.HAL_MspInit
                0x08000bb0       0x50 ./Core/Src/stm32f4xx_hal_msp.o
                0x08000bb0                HAL_MspInit
 .text.HAL_I2C_MspInit
                0x08000c00       0x90 ./Core/Src/stm32f4xx_hal_msp.o
                0x08000c00                HAL_I2C_MspInit
 .text.HAL_SPI_MspInit
                0x08000c90       0x90 ./Core/Src/stm32f4xx_hal_msp.o
                0x08000c90                HAL_SPI_MspInit
 .text.HAL_TIM_IC_MspInit
                0x08000d20       0x90 ./Core/Src/stm32f4xx_hal_msp.o
                0x08000d20                HAL_TIM_IC_MspInit
 .text.NMI_Handler
                0x08000db0        0x8 ./Core/Src/stm32f4xx_it.o
                0x08000db0                NMI_Handler
 .text.HardFault_Handler
                0x08000db8        0x8 ./Core/Src/stm32f4xx_it.o
                0x08000db8                HardFault_Handler
 .text.MemManage_Handler
                0x08000dc0        0x8 ./Core/Src/stm32f4xx_it.o
                0x08000dc0                MemManage_Handler
 .text.BusFault_Handler
                0x08000dc8        0x8 ./Core/Src/stm32f4xx_it.o
                0x08000dc8                BusFault_Handler
 .text.UsageFault_Handler
                0x08000dd0        0x8 ./Core/Src/stm32f4xx_it.o
                0x08000dd0                UsageFault_Handler
 .text.SVC_Handler
                0x08000dd8        0xe ./Core/Src/stm32f4xx_it.o
                0x08000dd8                SVC_Handler
 .text.DebugMon_Handler
                0x08000de6        0xe ./Core/Src/stm32f4xx_it.o
                0x08000de6                DebugMon_Handler
 .text.PendSV_Handler
                0x08000df4        0xe ./Core/Src/stm32f4xx_it.o
                0x08000df4                PendSV_Handler
 .text.SysTick_Handler
                0x08000e02        0xc ./Core/Src/stm32f4xx_it.o
                0x08000e02                SysTick_Handler
 *fill*         0x08000e0e        0x2 
 .text.OTG_FS_IRQHandler
                0x08000e10       0x14 ./Core/Src/stm32f4xx_it.o
                0x08000e10                OTG_FS_IRQHandler
 .text._sbrk    0x08000e24       0x6c ./Core/Src/sysmem.o
                0x08000e24                _sbrk
 .text.SystemInit
                0x08000e90       0x24 ./Core/Src/system_stm32f4xx.o
                0x08000e90                SystemInit
 .text.Reset_Handler
                0x08000eb4       0x50 ./Core/Startup/startup_stm32f407vgtx.o
                0x08000eb4                Reset_Handler
 .text.Default_Handler
                0x08000f04        0x2 ./Core/Startup/startup_stm32f407vgtx.o
                0x08000f04                RTC_Alarm_IRQHandler
                0x08000f04                HASH_RNG_IRQHandler
                0x08000f04                EXTI2_IRQHandler
                0x08000f04                TIM8_CC_IRQHandler
                0x08000f04                TIM1_CC_IRQHandler
                0x08000f04                DMA2_Stream5_IRQHandler
                0x08000f04                DMA1_Stream5_IRQHandler
                0x08000f04                PVD_IRQHandler
                0x08000f04                SDIO_IRQHandler
                0x08000f04                TAMP_STAMP_IRQHandler
                0x08000f04                CAN2_RX1_IRQHandler
                0x08000f04                EXTI3_IRQHandler
                0x08000f04                TIM8_TRG_COM_TIM14_IRQHandler
                0x08000f04                TIM1_UP_TIM10_IRQHandler
                0x08000f04                TIM8_UP_TIM13_IRQHandler
                0x08000f04                I2C3_ER_IRQHandler
                0x08000f04                EXTI0_IRQHandler
                0x08000f04                I2C2_EV_IRQHandler
                0x08000f04                DMA1_Stream2_IRQHandler
                0x08000f04                CAN1_RX0_IRQHandler
                0x08000f04                FPU_IRQHandler
                0x08000f04                OTG_HS_WKUP_IRQHandler
                0x08000f04                CAN2_SCE_IRQHandler
                0x08000f04                DMA2_Stream2_IRQHandler
                0x08000f04                SPI1_IRQHandler
                0x08000f04                TIM6_DAC_IRQHandler
                0x08000f04                TIM1_BRK_TIM9_IRQHandler
                0x08000f04                DCMI_IRQHandler
                0x08000f04                CAN2_RX0_IRQHandler
                0x08000f04                DMA2_Stream3_IRQHandler
                0x08000f04                USART6_IRQHandler
                0x08000f04                USART3_IRQHandler
                0x08000f04                CAN1_RX1_IRQHandler
                0x08000f04                UART5_IRQHandler
                0x08000f04                DMA2_Stream0_IRQHandler
                0x08000f04                TIM4_IRQHandler
                0x08000f04                I2C1_EV_IRQHandler
                0x08000f04                DMA1_Stream6_IRQHandler
                0x08000f04                DMA1_Stream1_IRQHandler
                0x08000f04                UART4_IRQHandler
                0x08000f04                TIM3_IRQHandler
                0x08000f04                RCC_IRQHandler
                0x08000f04                TIM8_BRK_TIM12_IRQHandler
                0x08000f04                Default_Handler
                0x08000f04                EXTI15_10_IRQHandler
                0x08000f04                ADC_IRQHandler
                0x08000f04                DMA1_Stream7_IRQHandler
                0x08000f04                TIM7_IRQHandler
                0x08000f04                CAN2_TX_IRQHandler
                0x08000f04                TIM5_IRQHandler
                0x08000f04                DMA2_Stream7_IRQHandler
                0x08000f04                I2C3_EV_IRQHandler
                0x08000f04                EXTI9_5_IRQHandler
                0x08000f04                RTC_WKUP_IRQHandler
                0x08000f04                ETH_WKUP_IRQHandler
                0x08000f04                SPI2_IRQHandler
                0x08000f04                OTG_HS_EP1_IN_IRQHandler
                0x08000f04                DMA1_Stream0_IRQHandler
                0x08000f04                CAN1_TX_IRQHandler
                0x08000f04                EXTI4_IRQHandler
                0x08000f04                FSMC_IRQHandler
                0x08000f04                ETH_IRQHandler
                0x08000f04                OTG_HS_EP1_OUT_IRQHandler
                0x08000f04                WWDG_IRQHandler
                0x08000f04                TIM2_IRQHandler
                0x08000f04                OTG_FS_WKUP_IRQHandler
                0x08000f04                TIM1_TRG_COM_TIM11_IRQHandler
                0x08000f04                OTG_HS_IRQHandler
                0x08000f04                EXTI1_IRQHandler
                0x08000f04                USART2_IRQHandler
                0x08000f04                I2C2_ER_IRQHandler
                0x08000f04                DMA2_Stream1_IRQHandler
                0x08000f04                CAN1_SCE_IRQHandler
                0x08000f04                FLASH_IRQHandler
                0x08000f04                DMA2_Stream4_IRQHandler
                0x08000f04                USART1_IRQHandler
                0x08000f04                SPI3_IRQHandler
                0x08000f04                DMA1_Stream4_IRQHandler
                0x08000f04                I2C1_ER_IRQHandler
                0x08000f04                DMA2_Stream6_IRQHandler
                0x08000f04                DMA1_Stream3_IRQHandler
 *fill*         0x08000f06        0x2 
 .text.HAL_Init
                0x08000f08       0x44 ./Drivers/STM32F4xx_HAL_Driver/Src/stm32f4xx_hal.o
                0x08000f08                HAL_Init
 .text.HAL_InitTick
                0x08000f4c       0x60 ./Drivers/STM32F4xx_HAL_Driver/Src/stm32f4xx_hal.o
                0x08000f4c                HAL_InitTick
 .text.HAL_IncTick
                0x08000fac       0x28 ./Drivers/STM32F4xx_HAL_Driver/Src/stm32f4xx_hal.o
                0x08000fac                HAL_IncTick
 .text.HAL_GetTick
                0x08000fd4       0x18 ./Drivers/STM32F4xx_HAL_Driver/Src/stm32f4xx_hal.o
                0x08000fd4                HAL_GetTick
 .text.HAL_Delay
                0x08000fec       0x48 ./Drivers/STM32F4xx_HAL_Driver/Src/stm32f4xx_hal.o
                0x08000fec                HAL_Delay
 .text.__NVIC_SetPriorityGrouping
                0x08001034       0x48 ./Drivers/STM32F4xx_HAL_Driver/Src/stm32f4xx_hal_cortex.o
 .text.__NVIC_GetPriorityGrouping
                0x0800107c       0x1c ./Drivers/STM32F4xx_HAL_Driver/Src/stm32f4xx_hal_cortex.o
 .text.__NVIC_EnableIRQ
                0x08001098       0x3c ./Drivers/STM32F4xx_HAL_Driver/Src/stm32f4xx_hal_cortex.o
 .text.__NVIC_SetPriority
                0x080010d4       0x54 ./Drivers/STM32F4xx_HAL_Driver/Src/stm32f4xx_hal_cortex.o
 .text.NVIC_EncodePriority
                0x08001128       0x66 ./Drivers/STM32F4xx_HAL_Driver/Src/stm32f4xx_hal_cortex.o
 *fill*         0x0800118e        0x2 
 .text.SysTick_Config
                0x08001190       0x44 ./Drivers/STM32F4xx_HAL_Driver/Src/stm32f4xx_hal_cortex.o
 .text.HAL_NVIC_SetPriorityGrouping
                0x080011d4       0x16 ./Drivers/STM32F4xx_HAL_Driver/Src/stm32f4xx_hal_cortex.o
                0x080011d4                HAL_NVIC_SetPriorityGrouping
 .text.HAL_NVIC_SetPriority
                0x080011ea       0x38 ./Drivers/STM32F4xx_HAL_Driver/Src/stm32f4xx_hal_cortex.o
                0x080011ea                HAL_NVIC_SetPriority
 .text.HAL_NVIC_EnableIRQ
                0x08001222       0x1c ./Drivers/STM32F4xx_HAL_Driver/Src/stm32f4xx_hal_cortex.o
                0x08001222                HAL_NVIC_EnableIRQ
 .text.HAL_SYSTICK_Config
                0x0800123e       0x18 ./Drivers/STM32F4xx_HAL_Driver/Src/stm32f4xx_hal_cortex.o
                0x0800123e                HAL_SYSTICK_Config
 *fill*         0x08001256        0x2 
 .text.HAL_GPIO_Init
                0x08001258      0x338 ./Drivers/STM32F4xx_HAL_Driver/Src/stm32f4xx_hal_gpio.o
                0x08001258                HAL_GPIO_Init
 .text.HAL_GPIO_WritePin
                0x08001590       0x32 ./Drivers/STM32F4xx_HAL_Driver/Src/stm32f4xx_hal_gpio.o
                0x08001590                HAL_GPIO_WritePin
 .text.HAL_GPIO_TogglePin
                0x080015c2       0x34 ./Drivers/STM32F4xx_HAL_Driver/Src/stm32f4xx_hal_gpio.o
                0x080015c2                HAL_GPIO_TogglePin
 .text.HAL_HCD_Init
                0x080015f6       0xce ./Drivers/STM32F4xx_HAL_Driver/Src/stm32f4xx_hal_hcd.o
                0x080015f6                HAL_HCD_Init
 .text.HAL_HCD_HC_Init
                0x080016c4      0x170 ./Drivers/STM32F4xx_HAL_Driver/Src/stm32f4xx_hal_hcd.o
                0x080016c4                HAL_HCD_HC_Init
 .text.HAL_HCD_HC_Halt
                0x08001834       0x46 ./Drivers/STM32F4xx_HAL_Driver/Src/stm32f4xx_hal_hcd.o
                0x08001834                HAL_HCD_HC_Halt
 *fill*         0x0800187a        0x2 
 .text.HAL_HCD_HC_SubmitRequest
                0x0800187c      0x33c ./Drivers/STM32F4xx_HAL_Driver/Src/stm32f4xx_hal_hcd.o
                0x0800187c                HAL_HCD_HC_SubmitRequest
 .text.HAL_HCD_IRQHandler
                0x08001bb8      0x220 ./Drivers/STM32F4xx_HAL_Driver/Src/stm32f4xx_hal_hcd.o
                0x08001bb8                HAL_HCD_IRQHandler
 .text.HAL_HCD_Start
                0x08001dd8       0x46 ./Drivers/STM32F4xx_HAL_Driver/Src/stm32f4xx_hal_hcd.o
                0x08001dd8                HAL_HCD_Start
 .text.HAL_HCD_Stop
                0x08001e1e       0x3a ./Drivers/STM32F4xx_HAL_Driver/Src/stm32f4xx_hal_hcd.o
                0x08001e1e                HAL_HCD_Stop
 .text.HAL_HCD_ResetPort
                0x08001e58       0x1c ./Drivers/STM32F4xx_HAL_Driver/Src/stm32f4xx_hal_hcd.o
                0x08001e58                HAL_HCD_ResetPort
 .text.HAL_HCD_HC_GetURBState
                0x08001e74       0x2a ./Drivers/STM32F4xx_HAL_Driver/Src/stm32f4xx_hal_hcd.o
                0x08001e74                HAL_HCD_HC_GetURBState
 .text.HAL_HCD_HC_GetXferCount
                0x08001e9e       0x2a ./Drivers/STM32F4xx_HAL_Driver/Src/stm32f4xx_hal_hcd.o
                0x08001e9e                HAL_HCD_HC_GetXferCount
 .text.HAL_HCD_GetCurrentFrame
                0x08001ec8       0x1c ./Drivers/STM32F4xx_HAL_Driver/Src/stm32f4xx_hal_hcd.o
                0x08001ec8                HAL_HCD_GetCurrentFrame
 .text.HAL_HCD_GetCurrentSpeed
                0x08001ee4       0x1c ./Drivers/STM32F4xx_HAL_Driver/Src/stm32f4xx_hal_hcd.o
                0x08001ee4                HAL_HCD_GetCurrentSpeed
 .text.HAL_HCD_HC_ClearHubInfo
                0x08001f00       0x6a ./Drivers/STM32F4xx_HAL_Driver/Src/stm32f4xx_hal_hcd.o
                0x08001f00                HAL_HCD_HC_ClearHubInfo
 .text.HCD_HC_IN_IRQHandler
                0x08001f6a      0xcd2 ./Drivers/STM32F4xx_HAL_Driver/Src/stm32f4xx_hal_hcd.o
 .text.HCD_HC_OUT_IRQHandler
                0x08002c3c      0x97e ./Drivers/STM32F4xx_HAL_Driver/Src/stm32f4xx_hal_hcd.o
 .text.HCD_RXQLVL_IRQHandler
                0x080035ba      0x1be ./Drivers/STM32F4xx_HAL_Driver/Src/stm32f4xx_hal_hcd.o
 .text.HCD_Port_IRQHandler
                0x08003778       0xe6 ./Drivers/STM32F4xx_HAL_Driver/Src/stm32f4xx_hal_hcd.o
 *fill*         0x0800385e        0x2 
 .text.HAL_I2C_Init
                0x08003860      0x288 ./Drivers/STM32F4xx_HAL_Driver/Src/stm32f4xx_hal_i2c.o
                0x08003860                HAL_I2C_Init
 .text.HAL_I2C_Master_Transmit
                0x08003ae8      0x1fc ./Drivers/STM32F4xx_HAL_Driver/Src/stm32f4xx_hal_i2c.o
                0x08003ae8                HAL_I2C_Master_Transmit
 .text.HAL_I2C_Master_Receive
                0x08003ce4      0x464 ./Drivers/STM32F4xx_HAL_Driver/Src/stm32f4xx_hal_i2c.o
                0x08003ce4                HAL_I2C_Master_Receive
 .text.HAL_I2C_IsDeviceReady
                0x08004148      0x25c ./Drivers/STM32F4xx_HAL_Driver/Src/stm32f4xx_hal_i2c.o
                0x08004148                HAL_I2C_IsDeviceReady
 .text.I2C_MasterRequestWrite
                0x080043a4      0x104 ./Drivers/STM32F4xx_HAL_Driver/Src/stm32f4xx_hal_i2c.o
 .text.I2C_MasterRequestRead
                0x080044a8      0x19c ./Drivers/STM32F4xx_HAL_Driver/Src/stm32f4xx_hal_i2c.o
 .text.I2C_WaitOnFlagUntilTimeout
                0x08004644       0xf4 ./Drivers/STM32F4xx_HAL_Driver/Src/stm32f4xx_hal_i2c.o
 .text.I2C_WaitOnMasterAddressFlagUntilTimeout
                0x08004738      0x140 ./Drivers/STM32F4xx_HAL_Driver/Src/stm32f4xx_hal_i2c.o
 .text.I2C_WaitOnTXEFlagUntilTimeout
                0x08004878       0x90 ./Drivers/STM32F4xx_HAL_Driver/Src/stm32f4xx_hal_i2c.o
 .text.I2C_WaitOnBTFFlagUntilTimeout
                0x08004908       0x90 ./Drivers/STM32F4xx_HAL_Driver/Src/stm32f4xx_hal_i2c.o
 .text.I2C_WaitOnRXNEFlagUntilTimeout
                0x08004998       0xba ./Drivers/STM32F4xx_HAL_Driver/Src/stm32f4xx_hal_i2c.o
 .text.I2C_IsAcknowledgeFailed
                0x08004a52       0x5e ./Drivers/STM32F4xx_HAL_Driver/Src/stm32f4xx_hal_i2c.o
 .text.HAL_RCC_OscConfig
                0x08004ab0      0x4f0 ./Drivers/STM32F4xx_HAL_Driver/Src/stm32f4xx_hal_rcc.o
                0x08004ab0                HAL_RCC_OscConfig
 .text.HAL_RCC_ClockConfig
                0x08004fa0      0x1cc ./Drivers/STM32F4xx_HAL_Driver/Src/stm32f4xx_hal_rcc.o
                0x08004fa0                HAL_RCC_ClockConfig
 .text.HAL_RCC_GetSysClockFreq
                0x0800516c      0x20c ./Drivers/STM32F4xx_HAL_Driver/Src/stm32f4xx_hal_rcc.o
                0x0800516c                HAL_RCC_GetSysClockFreq
 .text.HAL_RCC_GetHCLKFreq
                0x08005378       0x18 ./Drivers/STM32F4xx_HAL_Driver/Src/stm32f4xx_hal_rcc.o
                0x08005378                HAL_RCC_GetHCLKFreq
 .text.HAL_RCC_GetPCLK1Freq
                0x08005390       0x28 ./Drivers/STM32F4xx_HAL_Driver/Src/stm32f4xx_hal_rcc.o
                0x08005390                HAL_RCC_GetPCLK1Freq
 .text.HAL_SPI_Init
                0x080053b8      0x112 ./Drivers/STM32F4xx_HAL_Driver/Src/stm32f4xx_hal_spi.o
                0x080053b8                HAL_SPI_Init
 .text.HAL_SPI_Transmit
                0x080054ca      0x288 ./Drivers/STM32F4xx_HAL_Driver/Src/stm32f4xx_hal_spi.o
                0x080054ca                HAL_SPI_Transmit
 *fill*         0x08005752        0x2 
 .text.SPI_WaitFlagStateUntilTimeout
                0x08005754      0x110 ./Drivers/STM32F4xx_HAL_Driver/Src/stm32f4xx_hal_spi.o
 .text.SPI_EndRxTxTransaction
                0x08005864       0xa8 ./Drivers/STM32F4xx_HAL_Driver/Src/stm32f4xx_hal_spi.o
 .text.HAL_TIM_IC_Init
                0x0800590c       0x9e ./Drivers/STM32F4xx_HAL_Driver/Src/stm32f4xx_hal_tim.o
                0x0800590c                HAL_TIM_IC_Init
 .text.HAL_TIM_IC_ConfigChannel
                0x080059aa      0x138 ./Drivers/STM32F4xx_HAL_Driver/Src/stm32f4xx_hal_tim.o
                0x080059aa                HAL_TIM_IC_ConfigChannel
 *fill*         0x08005ae2        0x2 
 .text.TIM_Base_SetConfig
                0x08005ae4      0x158 ./Drivers/STM32F4xx_HAL_Driver/Src/stm32f4xx_hal_tim.o
                0x08005ae4                TIM_Base_SetConfig
 .text.TIM_TI1_SetConfig
                0x08005c3c       0xe8 ./Drivers/STM32F4xx_HAL_Driver/Src/stm32f4xx_hal_tim.o
                0x08005c3c                TIM_TI1_SetConfig
 .text.TIM_TI2_SetConfig
                0x08005d24       0x7a ./Drivers/STM32F4xx_HAL_Driver/Src/stm32f4xx_hal_tim.o
 .text.TIM_TI3_SetConfig
                0x08005d9e       0x78 ./Drivers/STM32F4xx_HAL_Driver/Src/stm32f4xx_hal_tim.o
 .text.TIM_TI4_SetConfig
                0x08005e16       0x7a ./Drivers/STM32F4xx_HAL_Driver/Src/stm32f4xx_hal_tim.o
 .text.HAL_TIMEx_MasterConfigSynchronization
                0x08005e90       0xf8 ./Drivers/STM32F4xx_HAL_Driver/Src/stm32f4xx_hal_tim_ex.o
                0x08005e90                HAL_TIMEx_MasterConfigSynchronization
 .text.USB_CoreInit
                0x08005f88       0xc8 ./Drivers/STM32F4xx_HAL_Driver/Src/stm32f4xx_ll_usb.o
                0x08005f88                USB_CoreInit
 .text.USB_EnableGlobalInt
                0x08006050       0x22 ./Drivers/STM32F4xx_HAL_Driver/Src/stm32f4xx_ll_usb.o
                0x08006050                USB_EnableGlobalInt
 .text.USB_DisableGlobalInt
                0x08006072       0x22 ./Drivers/STM32F4xx_HAL_Driver/Src/stm32f4xx_ll_usb.o
                0x08006072                USB_DisableGlobalInt
 .text.USB_SetCurrentMode
                0x08006094       0x98 ./Drivers/STM32F4xx_HAL_Driver/Src/stm32f4xx_ll_usb.o
                0x08006094                USB_SetCurrentMode
 .text.USB_FlushTxFifo
                0x0800612c       0x64 ./Drivers/STM32F4xx_HAL_Driver/Src/stm32f4xx_ll_usb.o
                0x0800612c                USB_FlushTxFifo
 .text.USB_FlushRxFifo
                0x08006190       0x5c ./Drivers/STM32F4xx_HAL_Driver/Src/stm32f4xx_ll_usb.o
                0x08006190                USB_FlushRxFifo
 .text.USB_WritePacket
                0x080061ec       0x7c ./Drivers/STM32F4xx_HAL_Driver/Src/stm32f4xx_ll_usb.o
                0x080061ec                USB_WritePacket
 .text.USB_ReadPacket
                0x08006268       0xb0 ./Drivers/STM32F4xx_HAL_Driver/Src/stm32f4xx_ll_usb.o
                0x08006268                USB_ReadPacket
 .text.USB_ReadInterrupts
                0x08006318       0x26 ./Drivers/STM32F4xx_HAL_Driver/Src/stm32f4xx_ll_usb.o
                0x08006318                USB_ReadInterrupts
 .text.USB_ReadChInterrupts
                0x0800633e       0x42 ./Drivers/STM32F4xx_HAL_Driver/Src/stm32f4xx_ll_usb.o
                0x0800633e                USB_ReadChInterrupts
 .text.USB_GetMode
                0x08006380       0x1c ./Drivers/STM32F4xx_HAL_Driver/Src/stm32f4xx_ll_usb.o
                0x08006380                USB_GetMode
 .text.USB_CoreReset
                0x0800639c       0x62 ./Drivers/STM32F4xx_HAL_Driver/Src/stm32f4xx_ll_usb.o
 *fill*         0x080063fe        0x2 
 .text.USB_HostInit
                0x08006400      0x188 ./Drivers/STM32F4xx_HAL_Driver/Src/stm32f4xx_ll_usb.o
                0x08006400                USB_HostInit
 .text.USB_InitFSLSPClkSel
                0x08006588       0x7a ./Drivers/STM32F4xx_HAL_Driver/Src/stm32f4xx_ll_usb.o
                0x08006588                USB_InitFSLSPClkSel
 .text.USB_ResetPort
                0x08006602       0x54 ./Drivers/STM32F4xx_HAL_Driver/Src/stm32f4xx_ll_usb.o
                0x08006602                USB_ResetPort
 .text.USB_DriveVbus
                0x08006656       0x72 ./Drivers/STM32F4xx_HAL_Driver/Src/stm32f4xx_ll_usb.o
                0x08006656                USB_DriveVbus
 .text.USB_GetHostSpeed
                0x080066c8       0x2e ./Drivers/STM32F4xx_HAL_Driver/Src/stm32f4xx_ll_usb.o
                0x080066c8                USB_GetHostSpeed
 .text.USB_GetCurrentFrame
                0x080066f6       0x22 ./Drivers/STM32F4xx_HAL_Driver/Src/stm32f4xx_ll_usb.o
                0x080066f6                USB_GetCurrentFrame
 .text.USB_HC_Init
                0x08006718      0x258 ./Drivers/STM32F4xx_HAL_Driver/Src/stm32f4xx_ll_usb.o
                0x08006718                USB_HC_Init
 .text.USB_HC_StartXfer
                0x08006970      0x4f4 ./Drivers/STM32F4xx_HAL_Driver/Src/stm32f4xx_ll_usb.o
                0x08006970                USB_HC_StartXfer
 .text.USB_HC_ReadInterrupt
                0x08006e64       0x22 ./Drivers/STM32F4xx_HAL_Driver/Src/stm32f4xx_ll_usb.o
                0x08006e64                USB_HC_ReadInterrupt
 .text.USB_HC_Halt
                0x08006e86      0x240 ./Drivers/STM32F4xx_HAL_Driver/Src/stm32f4xx_ll_usb.o
                0x08006e86                USB_HC_Halt
 *fill*         0x080070c6        0x2 
 .text.USB_DoPing
                0x080070c8       0x78 ./Drivers/STM32F4xx_HAL_Driver/Src/stm32f4xx_ll_usb.o
                0x080070c8                USB_DoPing
 .text.USB_StopHost
                0x08007140      0x124 ./Drivers/STM32F4xx_HAL_Driver/Src/stm32f4xx_ll_usb.o
                0x08007140                USB_StopHost
 .text.USBH_CDC_InterfaceInit
                0x08007264      0x2ac ./Middlewares/ST/STM32_USB_Host_Library/Class/CDC/Src/usbh_cdc.o
 .text.USBH_CDC_InterfaceDeInit
                0x08007510       0xb2 ./Middlewares/ST/STM32_USB_Host_Library/Class/CDC/Src/usbh_cdc.o
 .text.USBH_CDC_ClassRequest
                0x080075c2       0x3e ./Middlewares/ST/STM32_USB_Host_Library/Class/CDC/Src/usbh_cdc.o
 .text.USBH_CDC_Process
                0x08007600      0x12c ./Middlewares/ST/STM32_USB_Host_Library/Class/CDC/Src/usbh_cdc.o
 .text.USBH_CDC_SOFProcess
                0x0800772c       0x16 ./Middlewares/ST/STM32_USB_Host_Library/Class/CDC/Src/usbh_cdc.o
 .text.GetLineCoding
                0x08007742       0x3e ./Middlewares/ST/STM32_USB_Host_Library/Class/CDC/Src/usbh_cdc.o
 .text.SetLineCoding
                0x08007780       0x3e ./Middlewares/ST/STM32_USB_Host_Library/Class/CDC/Src/usbh_cdc.o
 .text.CDC_ProcessTransmission
                0x080077be       0xec ./Middlewares/ST/STM32_USB_Host_Library/Class/CDC/Src/usbh_cdc.o
 .text.CDC_ProcessReception
                0x080078aa       0xb6 ./Middlewares/ST/STM32_USB_Host_Library/Class/CDC/Src/usbh_cdc.o
 .text.USBH_CDC_TransmitCallback
                0x08007960       0x14 ./Middlewares/ST/STM32_USB_Host_Library/Class/CDC/Src/usbh_cdc.o
                0x08007960                USBH_CDC_TransmitCallback
 .text.USBH_CDC_ReceiveCallback
                0x08007974       0x14 ./Middlewares/ST/STM32_USB_Host_Library/Class/CDC/Src/usbh_cdc.o
                0x08007974                USBH_CDC_ReceiveCallback
 .text.USBH_CDC_LineCodingChanged
                0x08007988       0x14 ./Middlewares/ST/STM32_USB_Host_Library/Class/CDC/Src/usbh_cdc.o
                0x08007988                USBH_CDC_LineCodingChanged
 .text.USBH_Init
                0x0800799c       0x74 ./Middlewares/ST/STM32_USB_Host_Library/Core/Src/usbh_core.o
                0x0800799c                USBH_Init
 .text.DeInitStateMachine
                0x08007a10       0xe6 ./Middlewares/ST/STM32_USB_Host_Library/Core/Src/usbh_core.o
 .text.USBH_RegisterClass
                0x08007af6       0x54 ./Middlewares/ST/STM32_USB_Host_Library/Core/Src/usbh_core.o
                0x08007af6                USBH_RegisterClass
 .text.USBH_SelectInterface
                0x08007b4a       0x38 ./Middlewares/ST/STM32_USB_Host_Library/Core/Src/usbh_core.o
                0x08007b4a                USBH_SelectInterface
 .text.USBH_FindInterface
                0x08007b82       0x8c ./Middlewares/ST/STM32_USB_Host_Library/Core/Src/usbh_core.o
                0x08007b82                USBH_FindInterface
 .text.USBH_Start
                0x08007c0e       0x20 ./Middlewares/ST/STM32_USB_Host_Library/Core/Src/usbh_core.o
                0x08007c0e                USBH_Start
 *fill*         0x08007c2e        0x2 
 .text.USBH_Process
                0x08007c30      0x3d0 ./Middlewares/ST/STM32_USB_Host_Library/Core/Src/usbh_core.o
                0x08007c30                USBH_Process
 .text.USBH_HandleEnum
                0x08008000      0x3c0 ./Middlewares/ST/STM32_USB_Host_Library/Core/Src/usbh_core.o
 .text.USBH_LL_SetTimer
                0x080083c0       0x1e ./Middlewares/ST/STM32_USB_Host_Library/Core/Src/usbh_core.o
                0x080083c0                USBH_LL_SetTimer
 .text.USBH_LL_IncTimer
                0x080083de       0x24 ./Middlewares/ST/STM32_USB_Host_Library/Core/Src/usbh_core.o
                0x080083de                USBH_LL_IncTimer
 .text.USBH_HandleSof
                0x08008402       0x30 ./Middlewares/ST/STM32_USB_Host_Library/Core/Src/usbh_core.o
 .text.USBH_LL_PortEnabled
                0x08008432       0x1c ./Middlewares/ST/STM32_USB_Host_Library/Core/Src/usbh_core.o
                0x08008432                USBH_LL_PortEnabled
 .text.USBH_LL_PortDisabled
                0x0800844e       0x1c ./Middlewares/ST/STM32_USB_Host_Library/Core/Src/usbh_core.o
                0x0800844e                USBH_LL_PortDisabled
 .text.USBH_LL_Connect
                0x0800846a       0x2e ./Middlewares/ST/STM32_USB_Host_Library/Core/Src/usbh_core.o
                0x0800846a                USBH_LL_Connect
 .text.USBH_LL_Disconnect
                0x08008498       0x48 ./Middlewares/ST/STM32_USB_Host_Library/Core/Src/usbh_core.o
                0x08008498                USBH_LL_Disconnect
 .text.USBH_Get_DevDesc
                0x080084e0       0x58 ./Middlewares/ST/STM32_USB_Host_Library/Core/Src/usbh_ctlreq.o
                0x080084e0                USBH_Get_DevDesc
 .text.USBH_Get_CfgDesc
                0x08008538       0x54 ./Middlewares/ST/STM32_USB_Host_Library/Core/Src/usbh_ctlreq.o
                0x08008538                USBH_Get_CfgDesc
 .text.USBH_Get_StringDesc
                0x0800858c       0x68 ./Middlewares/ST/STM32_USB_Host_Library/Core/Src/usbh_ctlreq.o
                0x0800858c                USBH_Get_StringDesc
 .text.USBH_GetDescriptor
                0x080085f4       0x6a ./Middlewares/ST/STM32_USB_Host_Library/Core/Src/usbh_ctlreq.o
                0x080085f4                USBH_GetDescriptor
 .text.USBH_SetAddress
                0x0800865e       0x48 ./Middlewares/ST/STM32_USB_Host_Library/Core/Src/usbh_ctlreq.o
                0x0800865e                USBH_SetAddress
 .text.USBH_SetCfg
                0x080086a6       0x46 ./Middlewares/ST/STM32_USB_Host_Library/Core/Src/usbh_ctlreq.o
                0x080086a6                USBH_SetCfg
 .text.USBH_SetFeature
                0x080086ec       0x48 ./Middlewares/ST/STM32_USB_Host_Library/Core/Src/usbh_ctlreq.o
                0x080086ec                USBH_SetFeature
 .text.USBH_ClrFeature
                0x08008734       0x48 ./Middlewares/ST/STM32_USB_Host_Library/Core/Src/usbh_ctlreq.o
                0x08008734                USBH_ClrFeature
 .text.USBH_ParseDevDesc
                0x0800877c      0x160 ./Middlewares/ST/STM32_USB_Host_Library/Core/Src/usbh_ctlreq.o
 .text.USBH_ParseCfgDesc
                0x080088dc      0x1f0 ./Middlewares/ST/STM32_USB_Host_Library/Core/Src/usbh_ctlreq.o
 .text.USBH_ParseInterfaceDesc
                0x08008acc       0x68 ./Middlewares/ST/STM32_USB_Host_Library/Core/Src/usbh_ctlreq.o
 .text.USBH_ParseEPDesc
                0x08008b34      0x1d0 ./Middlewares/ST/STM32_USB_Host_Library/Core/Src/usbh_ctlreq.o
 .text.USBH_ParseStringDesc
                0x08008d04       0x66 ./Middlewares/ST/STM32_USB_Host_Library/Core/Src/usbh_ctlreq.o
 .text.USBH_GetNextDesc
                0x08008d6a       0x34 ./Middlewares/ST/STM32_USB_Host_Library/Core/Src/usbh_ctlreq.o
                0x08008d6a                USBH_GetNextDesc
 .text.USBH_CtlReq
                0x08008d9e       0x7a ./Middlewares/ST/STM32_USB_Host_Library/Core/Src/usbh_ctlreq.o
                0x08008d9e                USBH_CtlReq
 .text.USBH_HandleControl
                0x08008e18      0x2e8 ./Middlewares/ST/STM32_USB_Host_Library/Core/Src/usbh_ctlreq.o
 .text.USBH_CtlSendSetup
                0x08009100       0x34 ./Middlewares/ST/STM32_USB_Host_Library/Core/Src/usbh_ioreq.o
                0x08009100                USBH_CtlSendSetup
 .text.USBH_CtlSendData
                0x08009134       0x4a ./Middlewares/ST/STM32_USB_Host_Library/Core/Src/usbh_ioreq.o
                0x08009134                USBH_CtlSendData
 .text.USBH_CtlReceiveData
                0x0800917e       0x3c ./Middlewares/ST/STM32_USB_Host_Library/Core/Src/usbh_ioreq.o
                0x0800917e                USBH_CtlReceiveData
 .text.USBH_BulkSendData
                0x080091ba       0x4a ./Middlewares/ST/STM32_USB_Host_Library/Core/Src/usbh_ioreq.o
                0x080091ba                USBH_BulkSendData
 .text.USBH_BulkReceiveData
                0x08009204       0x3c ./Middlewares/ST/STM32_USB_Host_Library/Core/Src/usbh_ioreq.o
                0x08009204                USBH_BulkReceiveData
 .text.USBH_OpenPipe
                0x08009240       0x3e ./Middlewares/ST/STM32_USB_Host_Library/Core/Src/usbh_pipes.o
                0x08009240                USBH_OpenPipe
 .text.USBH_ClosePipe
                0x0800927e       0x20 ./Middlewares/ST/STM32_USB_Host_Library/Core/Src/usbh_pipes.o
                0x0800927e                USBH_ClosePipe
 .text.USBH_AllocPipe
                0x0800929e       0x42 ./Middlewares/ST/STM32_USB_Host_Library/Core/Src/usbh_pipes.o
                0x0800929e                USBH_AllocPipe
 .text.USBH_FreePipe
                0x080092e0       0x3c ./Middlewares/ST/STM32_USB_Host_Library/Core/Src/usbh_pipes.o
                0x080092e0                USBH_FreePipe
 .text.USBH_GetFreePipe
                0x0800931c       0x48 ./Middlewares/ST/STM32_USB_Host_Library/Core/Src/usbh_pipes.o
 .text.MX_USB_HOST_Init
                0x08009364       0x4c ./USB_HOST/App/usb_host.o
                0x08009364                MX_USB_HOST_Init
 .text.MX_USB_HOST_Process
                0x080093b0       0x14 ./USB_HOST/App/usb_host.o
                0x080093b0                MX_USB_HOST_Process
 .text.USBH_UserProcess
                0x080093c4       0x5c ./USB_HOST/App/usb_host.o
 .text.HAL_HCD_MspInit
                0x08009420       0xc4 ./USB_HOST/Target/usbh_conf.o
                0x08009420                HAL_HCD_MspInit
 .text.HAL_HCD_SOF_Callback
                0x080094e4       0x1c ./USB_HOST/Target/usbh_conf.o
                0x080094e4                HAL_HCD_SOF_Callback
 .text.HAL_HCD_Connect_Callback
                0x08009500       0x1c ./USB_HOST/Target/usbh_conf.o
                0x08009500                HAL_HCD_Connect_Callback
 .text.HAL_HCD_Disconnect_Callback
                0x0800951c       0x1c ./USB_HOST/Target/usbh_conf.o
                0x0800951c                HAL_HCD_Disconnect_Callback
 .text.HAL_HCD_HC_NotifyURBChange_Callback
                0x08009538       0x1c ./USB_HOST/Target/usbh_conf.o
                0x08009538                HAL_HCD_HC_NotifyURBChange_Callback
 .text.HAL_HCD_PortEnabled_Callback
                0x08009554       0x1c ./USB_HOST/Target/usbh_conf.o
                0x08009554                HAL_HCD_PortEnabled_Callback
 .text.HAL_HCD_PortDisabled_Callback
                0x08009570       0x1c ./USB_HOST/Target/usbh_conf.o
                0x08009570                HAL_HCD_PortDisabled_Callback
 .text.USBH_LL_Init
                0x0800958c       0x78 ./USB_HOST/Target/usbh_conf.o
                0x0800958c                USBH_LL_Init
 .text.USBH_LL_Start
                0x08009604       0x36 ./USB_HOST/Target/usbh_conf.o
                0x08009604                USBH_LL_Start
 .text.USBH_LL_Stop
                0x0800963a       0x36 ./USB_HOST/Target/usbh_conf.o
                0x0800963a                USBH_LL_Stop
 .text.USBH_LL_GetSpeed
                0x08009670       0x4e ./USB_HOST/Target/usbh_conf.o
                0x08009670                USBH_LL_GetSpeed
 .text.USBH_LL_ResetPort
                0x080096be       0x36 ./USB_HOST/Target/usbh_conf.o
                0x080096be                USBH_LL_ResetPort
 .text.USBH_LL_GetLastXferSize
                0x080096f4       0x26 ./USB_HOST/Target/usbh_conf.o
                0x080096f4                USBH_LL_GetLastXferSize
 .text.USBH_LL_OpenPipe
                0x0800971a       0x5e ./USB_HOST/Target/usbh_conf.o
                0x0800971a                USBH_LL_OpenPipe
 .text.USBH_LL_ClosePipe
                0x08009778       0x3e ./USB_HOST/Target/usbh_conf.o
                0x08009778                USBH_LL_ClosePipe
 .text.USBH_LL_SubmitURB
                0x080097b6       0x62 ./USB_HOST/Target/usbh_conf.o
                0x080097b6                USBH_LL_SubmitURB
 .text.USBH_LL_GetURBState
                0x08009818       0x26 ./USB_HOST/Target/usbh_conf.o
                0x08009818                USBH_LL_GetURBState
 .text.USBH_LL_DriverVBUS
                0x0800983e       0x2e ./USB_HOST/Target/usbh_conf.o
                0x0800983e                USBH_LL_DriverVBUS
 .text.USBH_LL_SetToggle
                0x0800986c       0x66 ./USB_HOST/Target/usbh_conf.o
                0x0800986c                USBH_LL_SetToggle
 .text.USBH_Delay
                0x080098d2       0x16 ./USB_HOST/Target/usbh_conf.o
                0x080098d2                USBH_Delay
 .text.USBH_Get_USB_Status
                0x080098e8       0x58 ./USB_HOST/Target/usbh_conf.o
                0x080098e8                USBH_Get_USB_Status
 .text.MX_DriverVbusFS
                0x08009940       0x38 ./USB_HOST/Target/usbh_platform.o
                0x08009940                MX_DriverVbusFS
 .text.malloc   0x08009978       0x10 C:/ST/STM32CubeIDE_1.18.0/STM32CubeIDE/plugins/com.st.stm32cube.ide.mcu.externaltools.gnu-tools-for-stm32.13.3.rel1.win32_1.0.0.202411081344/tools/bin/../lib/gcc/arm-none-eabi/13.3.1/../../../../arm-none-eabi/lib/thumb/v7e-m+fp/hard\libc_nano.a(libc_a-malloc.o)
                0x08009978                malloc
 .text.free     0x08009988       0x10 C:/ST/STM32CubeIDE_1.18.0/STM32CubeIDE/plugins/com.st.stm32cube.ide.mcu.externaltools.gnu-tools-for-stm32.13.3.rel1.win32_1.0.0.202411081344/tools/bin/../lib/gcc/arm-none-eabi/13.3.1/../../../../arm-none-eabi/lib/thumb/v7e-m+fp/hard\libc_nano.a(libc_a-malloc.o)
                0x08009988                free
 .text.sbrk_aligned
                0x08009998       0x44 C:/ST/STM32CubeIDE_1.18.0/STM32CubeIDE/plugins/com.st.stm32cube.ide.mcu.externaltools.gnu-tools-for-stm32.13.3.rel1.win32_1.0.0.202411081344/tools/bin/../lib/gcc/arm-none-eabi/13.3.1/../../../../arm-none-eabi/lib/thumb/v7e-m+fp/hard\libc_nano.a(libc_a-mallocr.o)
 .text._malloc_r
                0x080099dc      0x100 C:/ST/STM32CubeIDE_1.18.0/STM32CubeIDE/plugins/com.st.stm32cube.ide.mcu.externaltools.gnu-tools-for-stm32.13.3.rel1.win32_1.0.0.202411081344/tools/bin/../lib/gcc/arm-none-eabi/13.3.1/../../../../arm-none-eabi/lib/thumb/v7e-m+fp/hard\libc_nano.a(libc_a-mallocr.o)
                0x080099dc                _malloc_r
 .text.__malloc_lock
                0x08009adc        0xc C:/ST/STM32CubeIDE_1.18.0/STM32CubeIDE/plugins/com.st.stm32cube.ide.mcu.externaltools.gnu-tools-for-stm32.13.3.rel1.win32_1.0.0.202411081344/tools/bin/../lib/gcc/arm-none-eabi/13.3.1/../../../../arm-none-eabi/lib/thumb/v7e-m+fp/hard\libc_nano.a(libc_a-mlock.o)
                0x08009adc                __malloc_lock
 .text.__malloc_unlock
                0x08009ae8        0xc C:/ST/STM32CubeIDE_1.18.0/STM32CubeIDE/plugins/com.st.stm32cube.ide.mcu.externaltools.gnu-tools-for-stm32.13.3.rel1.win32_1.0.0.202411081344/tools/bin/../lib/gcc/arm-none-eabi/13.3.1/../../../../arm-none-eabi/lib/thumb/v7e-m+fp/hard\libc_nano.a(libc_a-mlock.o)
                0x08009ae8                __malloc_unlock
 .text.memset   0x08009af4       0x10 C:/ST/STM32CubeIDE_1.18.0/STM32CubeIDE/plugins/com.st.stm32cube.ide.mcu.externaltools.gnu-tools-for-stm32.13.3.rel1.win32_1.0.0.202411081344/tools/bin/../lib/gcc/arm-none-eabi/13.3.1/../../../../arm-none-eabi/lib/thumb/v7e-m+fp/hard\libc_nano.a(libc_a-memset.o)
                0x08009af4                memset
 .text._sbrk_r  0x08009b04       0x20 C:/ST/STM32CubeIDE_1.18.0/STM32CubeIDE/plugins/com.st.stm32cube.ide.mcu.externaltools.gnu-tools-for-stm32.13.3.rel1.win32_1.0.0.202411081344/tools/bin/../lib/gcc/arm-none-eabi/13.3.1/../../../../arm-none-eabi/lib/thumb/v7e-m+fp/hard\libc_nano.a(libc_a-sbrkr.o)
                0x08009b04                _sbrk_r
 .text.__errno  0x08009b24        0xc C:/ST/STM32CubeIDE_1.18.0/STM32CubeIDE/plugins/com.st.stm32cube.ide.mcu.externaltools.gnu-tools-for-stm32.13.3.rel1.win32_1.0.0.202411081344/tools/bin/../lib/gcc/arm-none-eabi/13.3.1/../../../../arm-none-eabi/lib/thumb/v7e-m+fp/hard\libc_nano.a(libc_a-errno.o)
                0x08009b24                __errno
 .text.__libc_init_array
                0x08009b30       0x48 C:/ST/STM32CubeIDE_1.18.0/STM32CubeIDE/plugins/com.st.stm32cube.ide.mcu.externaltools.gnu-tools-for-stm32.13.3.rel1.win32_1.0.0.202411081344/tools/bin/../lib/gcc/arm-none-eabi/13.3.1/../../../../arm-none-eabi/lib/thumb/v7e-m+fp/hard\libc_nano.a(libc_a-init.o)
                0x08009b30                __libc_init_array
 .text.__retarget_lock_acquire_recursive
                0x08009b78        0x2 C:/ST/STM32CubeIDE_1.18.0/STM32CubeIDE/plugins/com.st.stm32cube.ide.mcu.externaltools.gnu-tools-for-stm32.13.3.rel1.win32_1.0.0.202411081344/tools/bin/../lib/gcc/arm-none-eabi/13.3.1/../../../../arm-none-eabi/lib/thumb/v7e-m+fp/hard\libc_nano.a(libc_a-lock.o)
                0x08009b78                __retarget_lock_acquire_recursive
 .text.__retarget_lock_release_recursive
                0x08009b7a        0x2 C:/ST/STM32CubeIDE_1.18.0/STM32CubeIDE/plugins/com.st.stm32cube.ide.mcu.externaltools.gnu-tools-for-stm32.13.3.rel1.win32_1.0.0.202411081344/tools/bin/../lib/gcc/arm-none-eabi/13.3.1/../../../../arm-none-eabi/lib/thumb/v7e-m+fp/hard\libc_nano.a(libc_a-lock.o)
                0x08009b7a                __retarget_lock_release_recursive
 .text._free_r  0x08009b7c       0x94 C:/ST/STM32CubeIDE_1.18.0/STM32CubeIDE/plugins/com.st.stm32cube.ide.mcu.externaltools.gnu-tools-for-stm32.13.3.rel1.win32_1.0.0.202411081344/tools/bin/../lib/gcc/arm-none-eabi/13.3.1/../../../../arm-none-eabi/lib/thumb/v7e-m+fp/hard\libc_nano.a(libc_a-freer.o)
                0x08009b7c                _free_r
 *(.glue_7)
 .glue_7        0x08009c10        0x0 linker stubs
 *(.glue_7t)
 .glue_7t       0x08009c10        0x0 linker stubs
 *(.eh_frame)
 .eh_frame      0x08009c10        0x0 C:/ST/STM32CubeIDE_1.18.0/STM32CubeIDE/plugins/com.st.stm32cube.ide.mcu.externaltools.gnu-tools-for-stm32.13.3.rel1.win32_1.0.0.202411081344/tools/bin/../lib/gcc/arm-none-eabi/13.3.1/thumb/v7e-m+fp/hard/crtbegin.o
 *(.init)
 .init          0x08009c10        0x4 C:/ST/STM32CubeIDE_1.18.0/STM32CubeIDE/plugins/com.st.stm32cube.ide.mcu.externaltools.gnu-tools-for-stm32.13.3.rel1.win32_1.0.0.202411081344/tools/bin/../lib/gcc/arm-none-eabi/13.3.1/thumb/v7e-m+fp/hard/crti.o
                0x08009c10                _init
 .init          0x08009c14        0x8 C:/ST/STM32CubeIDE_1.18.0/STM32CubeIDE/plugins/com.st.stm32cube.ide.mcu.externaltools.gnu-tools-for-stm32.13.3.rel1.win32_1.0.0.202411081344/tools/bin/../lib/gcc/arm-none-eabi/13.3.1/thumb/v7e-m+fp/hard/crtn.o
 *(.fini)
 .fini          0x08009c1c        0x4 C:/ST/STM32CubeIDE_1.18.0/STM32CubeIDE/plugins/com.st.stm32cube.ide.mcu.externaltools.gnu-tools-for-stm32.13.3.rel1.win32_1.0.0.202411081344/tools/bin/../lib/gcc/arm-none-eabi/13.3.1/thumb/v7e-m+fp/hard/crti.o
                0x08009c1c                _fini
 .fini          0x08009c20        0x8 C:/ST/STM32CubeIDE_1.18.0/STM32CubeIDE/plugins/com.st.stm32cube.ide.mcu.externaltools.gnu-tools-for-stm32.13.3.rel1.win32_1.0.0.202411081344/tools/bin/../lib/gcc/arm-none-eabi/13.3.1/thumb/v7e-m+fp/hard/crtn.o
                0x08009c28                        . = ALIGN (0x4)
                0x08009c28                        _etext = .

.vfp11_veneer   0x08009c28        0x0
 .vfp11_veneer  0x08009c28        0x0 linker stubs

.v4_bx          0x08009c28        0x0
 .v4_bx         0x08009c28        0x0 linker stubs

.iplt           0x08009c28        0x0
 .iplt          0x08009c28        0x0 C:/ST/STM32CubeIDE_1.18.0/STM32CubeIDE/plugins/com.st.stm32cube.ide.mcu.externaltools.gnu-tools-for-stm32.13.3.rel1.win32_1.0.0.202411081344/tools/bin/../lib/gcc/arm-none-eabi/13.3.1/thumb/v7e-m+fp/hard/crtbegin.o

.rodata         0x08009c28      0x274
                0x08009c28                        . = ALIGN (0x4)
 *(.rodata)
 .rodata        0x08009c28        0x4 ./Middlewares/ST/STM32_USB_Host_Library/Class/CDC/Src/usbh_cdc.o
 *(.rodata*)
 .rodata.NUMBERS
                0x08009c2c      0x258 ./Core/Src/MAX7219.o
                0x08009c2c                NUMBERS
 .rodata.AHBPrescTable
                0x08009e84       0x10 ./Core/Src/system_stm32f4xx.o
                0x08009e84                AHBPrescTable
 .rodata.APBPrescTable
                0x08009e94        0x8 ./Core/Src/system_stm32f4xx.o
                0x08009e94                APBPrescTable
                0x08009e9c                        . = ALIGN (0x4)

.ARM.extab      0x08009e9c        0x0
                0x08009e9c                        . = ALIGN (0x4)
 *(.ARM.extab* .gnu.linkonce.armextab.*)
                0x08009e9c                        . = ALIGN (0x4)

.ARM            0x08009e9c        0x8
                0x08009e9c                        . = ALIGN (0x4)
                0x08009e9c                        __exidx_start = .
 *(.ARM.exidx*)
 .ARM.exidx     0x08009e9c        0x8 C:/ST/STM32CubeIDE_1.18.0/STM32CubeIDE/plugins/com.st.stm32cube.ide.mcu.externaltools.gnu-tools-for-stm32.13.3.rel1.win32_1.0.0.202411081344/tools/bin/../lib/gcc/arm-none-eabi/13.3.1/thumb/v7e-m+fp/hard\libgcc.a(_udivmoddi4.o)
                0x08009ea4                        __exidx_end = .
                0x08009ea4                        . = ALIGN (0x4)

.preinit_array  0x08009ea4        0x0
                0x08009ea4                        . = ALIGN (0x4)
                0x08009ea4                        PROVIDE (__preinit_array_start = .)
 *(.preinit_array*)
                0x08009ea4                        PROVIDE (__preinit_array_end = .)
                0x08009ea4                        . = ALIGN (0x4)

.init_array     0x08009ea4        0x4
                0x08009ea4                        . = ALIGN (0x4)
                0x08009ea4                        PROVIDE (__init_array_start = .)
 *(SORT_BY_NAME(.init_array.*))
 *(.init_array*)
 .init_array    0x08009ea4        0x4 C:/ST/STM32CubeIDE_1.18.0/STM32CubeIDE/plugins/com.st.stm32cube.ide.mcu.externaltools.gnu-tools-for-stm32.13.3.rel1.win32_1.0.0.202411081344/tools/bin/../lib/gcc/arm-none-eabi/13.3.1/thumb/v7e-m+fp/hard/crtbegin.o
                0x08009ea8                        PROVIDE (__init_array_end = .)
                0x08009ea8                        . = ALIGN (0x4)

.fini_array     0x08009ea8        0x4
                0x08009ea8                        . = ALIGN (0x4)
                [!provide]                        PROVIDE (__fini_array_start = .)
 *(SORT_BY_NAME(.fini_array.*))
 *(.fini_array*)
 .fini_array    0x08009ea8        0x4 C:/ST/STM32CubeIDE_1.18.0/STM32CubeIDE/plugins/com.st.stm32cube.ide.mcu.externaltools.gnu-tools-for-stm32.13.3.rel1.win32_1.0.0.202411081344/tools/bin/../lib/gcc/arm-none-eabi/13.3.1/thumb/v7e-m+fp/hard/crtbegin.o
                [!provide]                        PROVIDE (__fini_array_end = .)
                0x08009eac                        . = ALIGN (0x4)
                0x08009eac                        _sidata = LOADADDR (.data)

.rel.dyn        0x08009eac        0x0
 .rel.iplt      0x08009eac        0x0 C:/ST/STM32CubeIDE_1.18.0/STM32CubeIDE/plugins/com.st.stm32cube.ide.mcu.externaltools.gnu-tools-for-stm32.13.3.rel1.win32_1.0.0.202411081344/tools/bin/../lib/gcc/arm-none-eabi/13.3.1/thumb/v7e-m+fp/hard/crtbegin.o

.data           0x20000000       0x7c load address 0x08009eac
                0x20000000                        . = ALIGN (0x4)
                0x20000000                        _sdata = .
 *(.data)
 *(.data*)
 .data.SystemCoreClock
                0x20000000        0x4 ./Core/Src/system_stm32f4xx.o
                0x20000000                SystemCoreClock
 .data.uwTickPrio
                0x20000004        0x4 ./Drivers/STM32F4xx_HAL_Driver/Src/stm32f4xx_hal.o
                0x20000004                uwTickPrio
 .data.uwTickFreq
                0x20000008        0x1 ./Drivers/STM32F4xx_HAL_Driver/Src/stm32f4xx_hal.o
                0x20000008                uwTickFreq
 *fill*         0x20000009        0x3 
 .data.CDC_Class
                0x2000000c       0x20 ./Middlewares/ST/STM32_USB_Host_Library/Class/CDC/Src/usbh_cdc.o
                0x2000000c                CDC_Class
 .data._impure_ptr
                0x2000002c        0x4 C:/ST/STM32CubeIDE_1.18.0/STM32CubeIDE/plugins/com.st.stm32cube.ide.mcu.externaltools.gnu-tools-for-stm32.13.3.rel1.win32_1.0.0.202411081344/tools/bin/../lib/gcc/arm-none-eabi/13.3.1/../../../../arm-none-eabi/lib/thumb/v7e-m+fp/hard\libc_nano.a(libc_a-impure.o)
                0x2000002c                _impure_ptr
 .data._impure_data
                0x20000030       0x4c C:/ST/STM32CubeIDE_1.18.0/STM32CubeIDE/plugins/com.st.stm32cube.ide.mcu.externaltools.gnu-tools-for-stm32.13.3.rel1.win32_1.0.0.202411081344/tools/bin/../lib/gcc/arm-none-eabi/13.3.1/../../../../arm-none-eabi/lib/thumb/v7e-m+fp/hard\libc_nano.a(libc_a-impure.o)
                0x20000030                _impure_data
 *(.RamFunc)
 *(.RamFunc*)
                0x2000007c                        . = ALIGN (0x4)
                0x2000007c                        _edata = .
                0x08009f28                        _siccmram = LOADADDR (.ccmram)

.igot.plt       0x2000007c        0x0 load address 0x08009f28
 .igot.plt      0x2000007c        0x0 C:/ST/STM32CubeIDE_1.18.0/STM32CubeIDE/plugins/com.st.stm32cube.ide.mcu.externaltools.gnu-tools-for-stm32.13.3.rel1.win32_1.0.0.202411081344/tools/bin/../lib/gcc/arm-none-eabi/13.3.1/thumb/v7e-m+fp/hard/crtbegin.o

.ccmram         0x10000000        0x0 load address 0x08009f28
                0x10000000                        . = ALIGN (0x4)
                0x10000000                        _sccmram = .
 *(.ccmram)
 *(.ccmram*)
                0x10000000                        . = ALIGN (0x4)
                0x10000000                        _eccmram = .
                0x10000000                        . = ALIGN (0x4)

.bss            0x2000007c      0xa24
                0x2000007c                        _sbss = .
                0x2000007c                        __bss_start__ = _sbss
 *(.bss)
 .bss           0x2000007c       0x1c C:/ST/STM32CubeIDE_1.18.0/STM32CubeIDE/plugins/com.st.stm32cube.ide.mcu.externaltools.gnu-tools-for-stm32.13.3.rel1.win32_1.0.0.202411081344/tools/bin/../lib/gcc/arm-none-eabi/13.3.1/thumb/v7e-m+fp/hard/crtbegin.o
 *(.bss*)
 .bss.hi2c1     0x20000098       0x54 ./Core/Src/main.o
                0x20000098                hi2c1
 .bss.hspi1     0x200000ec       0x58 ./Core/Src/main.o
                0x200000ec                hspi1
 .bss.htim1     0x20000144       0x48 ./Core/Src/main.o
                0x20000144                htim1
 .bss.currentTime
                0x2000018c        0x6 ./Core/Src/main.o
                0x2000018c                currentTime
 *fill*         0x20000192        0x2 
 .bss.__sbrk_heap_end
                0x20000194        0x4 ./Core/Src/sysmem.o
 .bss.uwTick    0x20000198        0x4 ./Drivers/STM32F4xx_HAL_Driver/Src/stm32f4xx_hal.o
                0x20000198                uwTick
 .bss.hUsbHostFS
                0x2000019c      0x3d8 ./USB_HOST/App/usb_host.o
                0x2000019c                hUsbHostFS
 .bss.Appli_state
                0x20000574        0x1 ./USB_HOST/App/usb_host.o
                0x20000574                Appli_state
 *fill*         0x20000575        0x3 
 .bss.hhcd_USB_OTG_FS
                0x20000578      0x3e0 ./USB_HOST/Target/usbh_conf.o
                0x20000578                hhcd_USB_OTG_FS
 .bss.__malloc_sbrk_start
                0x20000958        0x4 C:/ST/STM32CubeIDE_1.18.0/STM32CubeIDE/plugins/com.st.stm32cube.ide.mcu.externaltools.gnu-tools-for-stm32.13.3.rel1.win32_1.0.0.202411081344/tools/bin/../lib/gcc/arm-none-eabi/13.3.1/../../../../arm-none-eabi/lib/thumb/v7e-m+fp/hard\libc_nano.a(libc_a-mallocr.o)
                0x20000958                __malloc_sbrk_start
 .bss.__malloc_free_list
                0x2000095c        0x4 C:/ST/STM32CubeIDE_1.18.0/STM32CubeIDE/plugins/com.st.stm32cube.ide.mcu.externaltools.gnu-tools-for-stm32.13.3.rel1.win32_1.0.0.202411081344/tools/bin/../lib/gcc/arm-none-eabi/13.3.1/../../../../arm-none-eabi/lib/thumb/v7e-m+fp/hard\libc_nano.a(libc_a-mallocr.o)
                0x2000095c                __malloc_free_list
 .bss.__sf      0x20000960      0x138 C:/ST/STM32CubeIDE_1.18.0/STM32CubeIDE/plugins/com.st.stm32cube.ide.mcu.externaltools.gnu-tools-for-stm32.13.3.rel1.win32_1.0.0.202411081344/tools/bin/../lib/gcc/arm-none-eabi/13.3.1/../../../../arm-none-eabi/lib/thumb/v7e-m+fp/hard\libc_nano.a(libc_a-findfp.o)
                0x20000960                __sf
 .bss.errno     0x20000a98        0x4 C:/ST/STM32CubeIDE_1.18.0/STM32CubeIDE/plugins/com.st.stm32cube.ide.mcu.externaltools.gnu-tools-for-stm32.13.3.rel1.win32_1.0.0.202411081344/tools/bin/../lib/gcc/arm-none-eabi/13.3.1/../../../../arm-none-eabi/lib/thumb/v7e-m+fp/hard\libc_nano.a(libc_a-reent.o)
                0x20000a98                errno
 .bss.__lock___malloc_recursive_mutex
                0x20000a9c        0x1 C:/ST/STM32CubeIDE_1.18.0/STM32CubeIDE/plugins/com.st.stm32cube.ide.mcu.externaltools.gnu-tools-for-stm32.13.3.rel1.win32_1.0.0.202411081344/tools/bin/../lib/gcc/arm-none-eabi/13.3.1/../../../../arm-none-eabi/lib/thumb/v7e-m+fp/hard\libc_nano.a(libc_a-lock.o)
                0x20000a9c                __lock___malloc_recursive_mutex
 *(COMMON)
                0x20000aa0                        . = ALIGN (0x4)
 *fill*         0x20000a9d        0x3 
                0x20000aa0                        _ebss = .
                0x20000aa0                        __bss_end__ = _ebss

._user_heap_stack
                0x20000aa0      0x600
                0x20000aa0                        . = ALIGN (0x8)
                [!provide]                        PROVIDE (end = .)
                0x20000aa0                        PROVIDE (_end = .)
                0x20000ca0                        . = (. + _Min_Heap_Size)
 *fill*         0x20000aa0      0x200 
                0x200010a0                        . = (. + _Min_Stack_Size)
 *fill*         0x20000ca0      0x400 
                0x200010a0                        . = ALIGN (0x8)

/DISCARD/
 libc.a(*)
 libm.a(*)
 libgcc.a(*)

.ARM.attributes
                0x00000000       0x30
 *(.ARM.attributes)
 .ARM.attributes
                0x00000000       0x22 C:/ST/STM32CubeIDE_1.18.0/STM32CubeIDE/plugins/com.st.stm32cube.ide.mcu.externaltools.gnu-tools-for-stm32.13.3.rel1.win32_1.0.0.202411081344/tools/bin/../lib/gcc/arm-none-eabi/13.3.1/thumb/v7e-m+fp/hard/crti.o
 .ARM.attributes
                0x00000022       0x34 C:/ST/STM32CubeIDE_1.18.0/STM32CubeIDE/plugins/com.st.stm32cube.ide.mcu.externaltools.gnu-tools-for-stm32.13.3.rel1.win32_1.0.0.202411081344/tools/bin/../lib/gcc/arm-none-eabi/13.3.1/thumb/v7e-m+fp/hard/crtbegin.o
 .ARM.attributes
                0x00000056       0x34 ./Core/Src/DS3231.o
 .ARM.attributes
                0x0000008a       0x34 ./Core/Src/MAX7219.o
 .ARM.attributes
                0x000000be       0x34 ./Core/Src/main.o
 .ARM.attributes
                0x000000f2       0x34 ./Core/Src/stm32f4xx_hal_msp.o
 .ARM.attributes
                0x00000126       0x34 ./Core/Src/stm32f4xx_it.o
 .ARM.attributes
                0x0000015a       0x34 ./Core/Src/sysmem.o
 .ARM.attributes
                0x0000018e       0x34 ./Core/Src/system_stm32f4xx.o
 .ARM.attributes
                0x000001c2       0x21 ./Core/Startup/startup_stm32f407vgtx.o
 .ARM.attributes
                0x000001e3       0x34 ./Drivers/STM32F4xx_HAL_Driver/Src/stm32f4xx_hal.o
 .ARM.attributes
                0x00000217       0x34 ./Drivers/STM32F4xx_HAL_Driver/Src/stm32f4xx_hal_cortex.o
 .ARM.attributes
                0x0000024b       0x34 ./Drivers/STM32F4xx_HAL_Driver/Src/stm32f4xx_hal_gpio.o
 .ARM.attributes
                0x0000027f       0x34 ./Drivers/STM32F4xx_HAL_Driver/Src/stm32f4xx_hal_hcd.o
 .ARM.attributes
                0x000002b3       0x34 ./Drivers/STM32F4xx_HAL_Driver/Src/stm32f4xx_hal_i2c.o
 .ARM.attributes
                0x000002e7       0x34 ./Drivers/STM32F4xx_HAL_Driver/Src/stm32f4xx_hal_rcc.o
 .ARM.attributes
                0x0000031b       0x34 ./Drivers/STM32F4xx_HAL_Driver/Src/stm32f4xx_hal_spi.o
 .ARM.attributes
                0x0000034f       0x34 ./Drivers/STM32F4xx_HAL_Driver/Src/stm32f4xx_hal_tim.o
 .ARM.attributes
                0x00000383       0x34 ./Drivers/STM32F4xx_HAL_Driver/Src/stm32f4xx_hal_tim_ex.o
 .ARM.attributes
                0x000003b7       0x34 ./Drivers/STM32F4xx_HAL_Driver/Src/stm32f4xx_ll_usb.o
 .ARM.attributes
                0x000003eb       0x34 ./Middlewares/ST/STM32_USB_Host_Library/Class/CDC/Src/usbh_cdc.o
 .ARM.attributes
                0x0000041f       0x34 ./Middlewares/ST/STM32_USB_Host_Library/Core/Src/usbh_core.o
 .ARM.attributes
                0x00000453       0x34 ./Middlewares/ST/STM32_USB_Host_Library/Core/Src/usbh_ctlreq.o
 .ARM.attributes
                0x00000487       0x34 ./Middlewares/ST/STM32_USB_Host_Library/Core/Src/usbh_ioreq.o
 .ARM.attributes
                0x000004bb       0x34 ./Middlewares/ST/STM32_USB_Host_Library/Core/Src/usbh_pipes.o
 .ARM.attributes
                0x000004ef       0x34 ./USB_HOST/App/usb_host.o
 .ARM.attributes
                0x00000523       0x34 ./USB_HOST/Target/usbh_conf.o
 .ARM.attributes
                0x00000557       0x34 ./USB_HOST/Target/usbh_platform.o
 .ARM.attributes
                0x0000058b       0x34 C:/ST/STM32CubeIDE_1.18.0/STM32CubeIDE/plugins/com.st.stm32cube.ide.mcu.externaltools.gnu-tools-for-stm32.13.3.rel1.win32_1.0.0.202411081344/tools/bin/../lib/gcc/arm-none-eabi/13.3.1/../../../../arm-none-eabi/lib/thumb/v7e-m+fp/hard\libc_nano.a(libc_a-malloc.o)
 .ARM.attributes
                0x000005bf       0x34 C:/ST/STM32CubeIDE_1.18.0/STM32CubeIDE/plugins/com.st.stm32cube.ide.mcu.externaltools.gnu-tools-for-stm32.13.3.rel1.win32_1.0.0.202411081344/tools/bin/../lib/gcc/arm-none-eabi/13.3.1/../../../../arm-none-eabi/lib/thumb/v7e-m+fp/hard\libc_nano.a(libc_a-mallocr.o)
 .ARM.attributes
                0x000005f3       0x34 C:/ST/STM32CubeIDE_1.18.0/STM32CubeIDE/plugins/com.st.stm32cube.ide.mcu.externaltools.gnu-tools-for-stm32.13.3.rel1.win32_1.0.0.202411081344/tools/bin/../lib/gcc/arm-none-eabi/13.3.1/../../../../arm-none-eabi/lib/thumb/v7e-m+fp/hard\libc_nano.a(libc_a-mlock.o)
 .ARM.attributes
                0x00000627       0x34 C:/ST/STM32CubeIDE_1.18.0/STM32CubeIDE/plugins/com.st.stm32cube.ide.mcu.externaltools.gnu-tools-for-stm32.13.3.rel1.win32_1.0.0.202411081344/tools/bin/../lib/gcc/arm-none-eabi/13.3.1/../../../../arm-none-eabi/lib/thumb/v7e-m+fp/hard\libc_nano.a(libc_a-findfp.o)
 .ARM.attributes
                0x0000065b       0x34 C:/ST/STM32CubeIDE_1.18.0/STM32CubeIDE/plugins/com.st.stm32cube.ide.mcu.externaltools.gnu-tools-for-stm32.13.3.rel1.win32_1.0.0.202411081344/tools/bin/../lib/gcc/arm-none-eabi/13.3.1/../../../../arm-none-eabi/lib/thumb/v7e-m+fp/hard\libc_nano.a(libc_a-memset.o)
 .ARM.attributes
                0x0000068f       0x34 C:/ST/STM32CubeIDE_1.18.0/STM32CubeIDE/plugins/com.st.stm32cube.ide.mcu.externaltools.gnu-tools-for-stm32.13.3.rel1.win32_1.0.0.202411081344/tools/bin/../lib/gcc/arm-none-eabi/13.3.1/../../../../arm-none-eabi/lib/thumb/v7e-m+fp/hard\libc_nano.a(libc_a-reent.o)
 .ARM.attributes
                0x000006c3       0x34 C:/ST/STM32CubeIDE_1.18.0/STM32CubeIDE/plugins/com.st.stm32cube.ide.mcu.externaltools.gnu-tools-for-stm32.13.3.rel1.win32_1.0.0.202411081344/tools/bin/../lib/gcc/arm-none-eabi/13.3.1/../../../../arm-none-eabi/lib/thumb/v7e-m+fp/hard\libc_nano.a(libc_a-impure.o)
 .ARM.attributes
                0x000006f7       0x34 C:/ST/STM32CubeIDE_1.18.0/STM32CubeIDE/plugins/com.st.stm32cube.ide.mcu.externaltools.gnu-tools-for-stm32.13.3.rel1.win32_1.0.0.202411081344/tools/bin/../lib/gcc/arm-none-eabi/13.3.1/../../../../arm-none-eabi/lib/thumb/v7e-m+fp/hard\libc_nano.a(libc_a-sbrkr.o)
 .ARM.attributes
                0x0000072b       0x34 C:/ST/STM32CubeIDE_1.18.0/STM32CubeIDE/plugins/com.st.stm32cube.ide.mcu.externaltools.gnu-tools-for-stm32.13.3.rel1.win32_1.0.0.202411081344/tools/bin/../lib/gcc/arm-none-eabi/13.3.1/../../../../arm-none-eabi/lib/thumb/v7e-m+fp/hard\libc_nano.a(libc_a-errno.o)
 .ARM.attributes
                0x0000075f       0x34 C:/ST/STM32CubeIDE_1.18.0/STM32CubeIDE/plugins/com.st.stm32cube.ide.mcu.externaltools.gnu-tools-for-stm32.13.3.rel1.win32_1.0.0.202411081344/tools/bin/../lib/gcc/arm-none-eabi/13.3.1/../../../../arm-none-eabi/lib/thumb/v7e-m+fp/hard\libc_nano.a(libc_a-init.o)
 .ARM.attributes
                0x00000793       0x34 C:/ST/STM32CubeIDE_1.18.0/STM32CubeIDE/plugins/com.st.stm32cube.ide.mcu.externaltools.gnu-tools-for-stm32.13.3.rel1.win32_1.0.0.202411081344/tools/bin/../lib/gcc/arm-none-eabi/13.3.1/../../../../arm-none-eabi/lib/thumb/v7e-m+fp/hard\libc_nano.a(libc_a-lock.o)
 .ARM.attributes
                0x000007c7       0x34 C:/ST/STM32CubeIDE_1.18.0/STM32CubeIDE/plugins/com.st.stm32cube.ide.mcu.externaltools.gnu-tools-for-stm32.13.3.rel1.win32_1.0.0.202411081344/tools/bin/../lib/gcc/arm-none-eabi/13.3.1/../../../../arm-none-eabi/lib/thumb/v7e-m+fp/hard\libc_nano.a(libc_a-freer.o)
 .ARM.attributes
                0x000007fb       0x22 C:/ST/STM32CubeIDE_1.18.0/STM32CubeIDE/plugins/com.st.stm32cube.ide.mcu.externaltools.gnu-tools-for-stm32.13.3.rel1.win32_1.0.0.202411081344/tools/bin/../lib/gcc/arm-none-eabi/13.3.1/thumb/v7e-m+fp/hard\libgcc.a(_aeabi_uldivmod.o)
 .ARM.attributes
                0x0000081d       0x34 C:/ST/STM32CubeIDE_1.18.0/STM32CubeIDE/plugins/com.st.stm32cube.ide.mcu.externaltools.gnu-tools-for-stm32.13.3.rel1.win32_1.0.0.202411081344/tools/bin/../lib/gcc/arm-none-eabi/13.3.1/thumb/v7e-m+fp/hard\libgcc.a(_udivmoddi4.o)
 .ARM.attributes
                0x00000851       0x22 C:/ST/STM32CubeIDE_1.18.0/STM32CubeIDE/plugins/com.st.stm32cube.ide.mcu.externaltools.gnu-tools-for-stm32.13.3.rel1.win32_1.0.0.202411081344/tools/bin/../lib/gcc/arm-none-eabi/13.3.1/thumb/v7e-m+fp/hard\libgcc.a(_dvmd_tls.o)
 .ARM.attributes
                0x00000873       0x22 C:/ST/STM32CubeIDE_1.18.0/STM32CubeIDE/plugins/com.st.stm32cube.ide.mcu.externaltools.gnu-tools-for-stm32.13.3.rel1.win32_1.0.0.202411081344/tools/bin/../lib/gcc/arm-none-eabi/13.3.1/thumb/v7e-m+fp/hard/crtn.o
OUTPUT(I2C_Pooling.elf elf32-littlearm)
LOAD linker stubs
LOAD C:/ST/STM32CubeIDE_1.18.0/STM32CubeIDE/plugins/com.st.stm32cube.ide.mcu.externaltools.gnu-tools-for-stm32.13.3.rel1.win32_1.0.0.202411081344/tools/bin/../lib/gcc/arm-none-eabi/13.3.1/../../../../arm-none-eabi/lib/thumb/v7e-m+fp/hard\libc.a
LOAD C:/ST/STM32CubeIDE_1.18.0/STM32CubeIDE/plugins/com.st.stm32cube.ide.mcu.externaltools.gnu-tools-for-stm32.13.3.rel1.win32_1.0.0.202411081344/tools/bin/../lib/gcc/arm-none-eabi/13.3.1/../../../../arm-none-eabi/lib/thumb/v7e-m+fp/hard\libm.a
LOAD C:/ST/STM32CubeIDE_1.18.0/STM32CubeIDE/plugins/com.st.stm32cube.ide.mcu.externaltools.gnu-tools-for-stm32.13.3.rel1.win32_1.0.0.202411081344/tools/bin/../lib/gcc/arm-none-eabi/13.3.1/thumb/v7e-m+fp/hard\libgcc.a

.debug_info     0x00000000    0x17e08
 .debug_info    0x00000000      0x7d3 ./Core/Src/DS3231.o
 .debug_info    0x000007d3      0x7b5 ./Core/Src/MAX7219.o
 .debug_info    0x00000f88     0x14c3 ./Core/Src/main.o
 .debug_info    0x0000244b     0x104c ./Core/Src/stm32f4xx_hal_msp.o
 .debug_info    0x00003497      0x6a5 ./Core/Src/stm32f4xx_it.o
 .debug_info    0x00003b3c      0x168 ./Core/Src/sysmem.o
 .debug_info    0x00003ca4      0x512 ./Core/Src/system_stm32f4xx.o
 .debug_info    0x000041b6       0x30 ./Core/Startup/startup_stm32f407vgtx.o
 .debug_info    0x000041e6      0x944 ./Drivers/STM32F4xx_HAL_Driver/Src/stm32f4xx_hal.o
 .debug_info    0x00004b2a      0xd8c ./Drivers/STM32F4xx_HAL_Driver/Src/stm32f4xx_hal_cortex.o
 .debug_info    0x000058b6      0x6c3 ./Drivers/STM32F4xx_HAL_Driver/Src/stm32f4xx_hal_gpio.o
 .debug_info    0x00005f79     0x114c ./Drivers/STM32F4xx_HAL_Driver/Src/stm32f4xx_hal_hcd.o
 .debug_info    0x000070c5     0x2415 ./Drivers/STM32F4xx_HAL_Driver/Src/stm32f4xx_hal_i2c.o
 .debug_info    0x000094da      0x8af ./Drivers/STM32F4xx_HAL_Driver/Src/stm32f4xx_hal_rcc.o
 .debug_info    0x00009d89     0x1525 ./Drivers/STM32F4xx_HAL_Driver/Src/stm32f4xx_hal_spi.o
 .debug_info    0x0000b2ae     0x299d ./Drivers/STM32F4xx_HAL_Driver/Src/stm32f4xx_hal_tim.o
 .debug_info    0x0000dc4b     0x14db ./Drivers/STM32F4xx_HAL_Driver/Src/stm32f4xx_hal_tim_ex.o
 .debug_info    0x0000f126     0x1993 ./Drivers/STM32F4xx_HAL_Driver/Src/stm32f4xx_ll_usb.o
 .debug_info    0x00010ab9     0x1470 ./Middlewares/ST/STM32_USB_Host_Library/Class/CDC/Src/usbh_cdc.o
 .debug_info    0x00011f29      0xfb2 ./Middlewares/ST/STM32_USB_Host_Library/Core/Src/usbh_core.o
 .debug_info    0x00012edb      0xfa6 ./Middlewares/ST/STM32_USB_Host_Library/Core/Src/usbh_ctlreq.o
 .debug_info    0x00013e81      0xc2b ./Middlewares/ST/STM32_USB_Host_Library/Core/Src/usbh_ioreq.o
 .debug_info    0x00014aac      0xa8e ./Middlewares/ST/STM32_USB_Host_Library/Core/Src/usbh_pipes.o
 .debug_info    0x0001553a      0xa10 ./USB_HOST/App/usb_host.o
 .debug_info    0x00015f4a     0x1ce6 ./USB_HOST/Target/usbh_conf.o
 .debug_info    0x00017c30      0x1d8 ./USB_HOST/Target/usbh_platform.o

.debug_abbrev   0x00000000     0x3ac3
 .debug_abbrev  0x00000000      0x1e5 ./Core/Src/DS3231.o
 .debug_abbrev  0x000001e5      0x1e4 ./Core/Src/MAX7219.o
 .debug_abbrev  0x000003c9      0x2c5 ./Core/Src/main.o
 .debug_abbrev  0x0000068e      0x201 ./Core/Src/stm32f4xx_hal_msp.o
 .debug_abbrev  0x0000088f      0x1a4 ./Core/Src/stm32f4xx_it.o
 .debug_abbrev  0x00000a33       0xbc ./Core/Src/sysmem.o
 .debug_abbrev  0x00000aef      0x11a ./Core/Src/system_stm32f4xx.o
 .debug_abbrev  0x00000c09       0x24 ./Core/Startup/startup_stm32f407vgtx.o
 .debug_abbrev  0x00000c2d      0x214 ./Drivers/STM32F4xx_HAL_Driver/Src/stm32f4xx_hal.o
 .debug_abbrev  0x00000e41      0x31d ./Drivers/STM32F4xx_HAL_Driver/Src/stm32f4xx_hal_cortex.o
 .debug_abbrev  0x0000115e      0x1d4 ./Drivers/STM32F4xx_HAL_Driver/Src/stm32f4xx_hal_gpio.o
 .debug_abbrev  0x00001332      0x296 ./Drivers/STM32F4xx_HAL_Driver/Src/stm32f4xx_hal_hcd.o
 .debug_abbrev  0x000015c8      0x2ad ./Drivers/STM32F4xx_HAL_Driver/Src/stm32f4xx_hal_i2c.o
 .debug_abbrev  0x00001875      0x2b7 ./Drivers/STM32F4xx_HAL_Driver/Src/stm32f4xx_hal_rcc.o
 .debug_abbrev  0x00001b2c      0x27a ./Drivers/STM32F4xx_HAL_Driver/Src/stm32f4xx_hal_spi.o
 .debug_abbrev  0x00001da6      0x278 ./Drivers/STM32F4xx_HAL_Driver/Src/stm32f4xx_hal_tim.o
 .debug_abbrev  0x0000201e      0x283 ./Drivers/STM32F4xx_HAL_Driver/Src/stm32f4xx_hal_tim_ex.o
 .debug_abbrev  0x000022a1      0x2b3 ./Drivers/STM32F4xx_HAL_Driver/Src/stm32f4xx_ll_usb.o
 .debug_abbrev  0x00002554      0x33c ./Middlewares/ST/STM32_USB_Host_Library/Class/CDC/Src/usbh_cdc.o
 .debug_abbrev  0x00002890      0x32a ./Middlewares/ST/STM32_USB_Host_Library/Core/Src/usbh_core.o
 .debug_abbrev  0x00002bba      0x2ff ./Middlewares/ST/STM32_USB_Host_Library/Core/Src/usbh_ctlreq.o
 .debug_abbrev  0x00002eb9      0x245 ./Middlewares/ST/STM32_USB_Host_Library/Core/Src/usbh_ioreq.o
 .debug_abbrev  0x000030fe      0x281 ./Middlewares/ST/STM32_USB_Host_Library/Core/Src/usbh_pipes.o
 .debug_abbrev  0x0000337f      0x26e ./USB_HOST/App/usb_host.o
 .debug_abbrev  0x000035ed      0x3c2 ./USB_HOST/Target/usbh_conf.o
 .debug_abbrev  0x000039af      0x114 ./USB_HOST/Target/usbh_platform.o

.debug_aranges  0x00000000     0x1508
 .debug_aranges
                0x00000000       0x48 ./Core/Src/DS3231.o
 .debug_aranges
                0x00000048       0x20 ./Core/Src/MAX7219.o
 .debug_aranges
                0x00000068       0x50 ./Core/Src/main.o
 .debug_aranges
                0x000000b8       0x50 ./Core/Src/stm32f4xx_hal_msp.o
 .debug_aranges
                0x00000108       0x68 ./Core/Src/stm32f4xx_it.o
 .debug_aranges
                0x00000170       0x20 ./Core/Src/sysmem.o
 .debug_aranges
                0x00000190       0x28 ./Core/Src/system_stm32f4xx.o
 .debug_aranges
                0x000001b8       0x28 ./Core/Startup/startup_stm32f407vgtx.o
 .debug_aranges
                0x000001e0       0xf0 ./Drivers/STM32F4xx_HAL_Driver/Src/stm32f4xx_hal.o
 .debug_aranges
                0x000002d0      0x130 ./Drivers/STM32F4xx_HAL_Driver/Src/stm32f4xx_hal_cortex.o
 .debug_aranges
                0x00000400       0x58 ./Drivers/STM32F4xx_HAL_Driver/Src/stm32f4xx_hal_gpio.o
 .debug_aranges
                0x00000458      0x108 ./Drivers/STM32F4xx_HAL_Driver/Src/stm32f4xx_hal_hcd.o
 .debug_aranges
                0x00000560      0x2a8 ./Drivers/STM32F4xx_HAL_Driver/Src/stm32f4xx_hal_i2c.o
 .debug_aranges
                0x00000808       0x88 ./Drivers/STM32F4xx_HAL_Driver/Src/stm32f4xx_hal_rcc.o
 .debug_aranges
                0x00000890      0x1d0 ./Drivers/STM32F4xx_HAL_Driver/Src/stm32f4xx_hal_spi.o
 .debug_aranges
                0x00000a60      0x3d0 ./Drivers/STM32F4xx_HAL_Driver/Src/stm32f4xx_hal_tim.o
 .debug_aranges
                0x00000e30      0x168 ./Drivers/STM32F4xx_HAL_Driver/Src/stm32f4xx_hal_tim_ex.o
 .debug_aranges
                0x00000f98      0x1a0 ./Drivers/STM32F4xx_HAL_Driver/Src/stm32f4xx_ll_usb.o
 .debug_aranges
                0x00001138       0xa8 ./Middlewares/ST/STM32_USB_Host_Library/Class/CDC/Src/usbh_cdc.o
 .debug_aranges
                0x000011e0       0xc0 ./Middlewares/ST/STM32_USB_Host_Library/Core/Src/usbh_core.o
 .debug_aranges
                0x000012a0       0xa0 ./Middlewares/ST/STM32_USB_Host_Library/Core/Src/usbh_ctlreq.o
 .debug_aranges
                0x00001340       0x60 ./Middlewares/ST/STM32_USB_Host_Library/Core/Src/usbh_ioreq.o
 .debug_aranges
                0x000013a0       0x40 ./Middlewares/ST/STM32_USB_Host_Library/Core/Src/usbh_pipes.o
 .debug_aranges
                0x000013e0       0x30 ./USB_HOST/App/usb_host.o
 .debug_aranges
                0x00001410       0xd8 ./USB_HOST/Target/usbh_conf.o
 .debug_aranges
                0x000014e8       0x20 ./USB_HOST/Target/usbh_platform.o

.debug_rnglists
                0x00000000     0x1039
 .debug_rnglists
                0x00000000       0x31 ./Core/Src/DS3231.o
 .debug_rnglists
                0x00000031       0x13 ./Core/Src/MAX7219.o
 .debug_rnglists
                0x00000044       0x3b ./Core/Src/main.o
 .debug_rnglists
                0x0000007f       0x3a ./Core/Src/stm32f4xx_hal_msp.o
 .debug_rnglists
                0x000000b9       0x49 ./Core/Src/stm32f4xx_it.o
 .debug_rnglists
                0x00000102       0x13 ./Core/Src/sysmem.o
 .debug_rnglists
                0x00000115       0x1a ./Core/Src/system_stm32f4xx.o
 .debug_rnglists
                0x0000012f       0x19 ./Core/Startup/startup_stm32f407vgtx.o
 .debug_rnglists
                0x00000148       0xaf ./Drivers/STM32F4xx_HAL_Driver/Src/stm32f4xx_hal.o
 .debug_rnglists
                0x000001f7       0xe0 ./Drivers/STM32F4xx_HAL_Driver/Src/stm32f4xx_hal_cortex.o
 .debug_rnglists
                0x000002d7       0x3f ./Drivers/STM32F4xx_HAL_Driver/Src/stm32f4xx_hal_gpio.o
 .debug_rnglists
                0x00000316       0xca ./Drivers/STM32F4xx_HAL_Driver/Src/stm32f4xx_hal_hcd.o
 .debug_rnglists
                0x000003e0      0x23c ./Drivers/STM32F4xx_HAL_Driver/Src/stm32f4xx_hal_i2c.o
 .debug_rnglists
                0x0000061c       0x66 ./Drivers/STM32F4xx_HAL_Driver/Src/stm32f4xx_hal_rcc.o
 .debug_rnglists
                0x00000682      0x16f ./Drivers/STM32F4xx_HAL_Driver/Src/stm32f4xx_hal_spi.o
 .debug_rnglists
                0x000007f1      0x31a ./Drivers/STM32F4xx_HAL_Driver/Src/stm32f4xx_hal_tim.o
 .debug_rnglists
                0x00000b0b      0x125 ./Drivers/STM32F4xx_HAL_Driver/Src/stm32f4xx_hal_tim_ex.o
 .debug_rnglists
                0x00000c30      0x147 ./Drivers/STM32F4xx_HAL_Driver/Src/stm32f4xx_ll_usb.o
 .debug_rnglists
                0x00000d77       0x7e ./Middlewares/ST/STM32_USB_Host_Library/Class/CDC/Src/usbh_cdc.o
 .debug_rnglists
                0x00000df5       0x8f ./Middlewares/ST/STM32_USB_Host_Library/Core/Src/usbh_core.o
 .debug_rnglists
                0x00000e84       0x77 ./Middlewares/ST/STM32_USB_Host_Library/Core/Src/usbh_ctlreq.o
 .debug_rnglists
                0x00000efb       0x43 ./Middlewares/ST/STM32_USB_Host_Library/Core/Src/usbh_ioreq.o
 .debug_rnglists
                0x00000f3e       0x2b ./Middlewares/ST/STM32_USB_Host_Library/Core/Src/usbh_pipes.o
 .debug_rnglists
                0x00000f69       0x1f ./USB_HOST/App/usb_host.o
 .debug_rnglists
                0x00000f88       0x9e ./USB_HOST/Target/usbh_conf.o
 .debug_rnglists
                0x00001026       0x13 ./USB_HOST/Target/usbh_platform.o

.debug_macro    0x00000000    0x23e8f
 .debug_macro   0x00000000      0x210 ./Core/Src/DS3231.o
 .debug_macro   0x00000210      0xad8 ./Core/Src/DS3231.o
 .debug_macro   0x00000ce8       0x22 ./Core/Src/DS3231.o
 .debug_macro   0x00000d0a       0x8e ./Core/Src/DS3231.o
 .debug_macro   0x00000d98       0x51 ./Core/Src/DS3231.o
 .debug_macro   0x00000de9      0x103 ./Core/Src/DS3231.o
 .debug_macro   0x00000eec       0x6a ./Core/Src/DS3231.o
 .debug_macro   0x00000f56      0x1df ./Core/Src/DS3231.o
 .debug_macro   0x00001135      0x2a7 ./Core/Src/DS3231.o
 .debug_macro   0x000013dc       0x2e ./Core/Src/DS3231.o
 .debug_macro   0x0000140a       0x2f ./Core/Src/DS3231.o
 .debug_macro   0x00001439       0x1c ./Core/Src/DS3231.o
 .debug_macro   0x00001455       0x22 ./Core/Src/DS3231.o
 .debug_macro   0x00001477       0xfb ./Core/Src/DS3231.o
 .debug_macro   0x00001572     0x1011 ./Core/Src/DS3231.o
 .debug_macro   0x00002583      0x11f ./Core/Src/DS3231.o
 .debug_macro   0x000026a2    0x15e97 ./Core/Src/DS3231.o
 .debug_macro   0x00018539       0x6d ./Core/Src/DS3231.o
 .debug_macro   0x000185a6     0x369a ./Core/Src/DS3231.o
 .debug_macro   0x0001bc40      0x190 ./Core/Src/DS3231.o
 .debug_macro   0x0001bdd0       0x5c ./Core/Src/DS3231.o
 .debug_macro   0x0001be2c      0x980 ./Core/Src/DS3231.o
 .debug_macro   0x0001c7ac      0x9e9 ./Core/Src/DS3231.o
 .debug_macro   0x0001d195      0x115 ./Core/Src/DS3231.o
 .debug_macro   0x0001d2aa      0x13e ./Core/Src/DS3231.o
 .debug_macro   0x0001d3e8       0xa5 ./Core/Src/DS3231.o
 .debug_macro   0x0001d48d      0x174 ./Core/Src/DS3231.o
 .debug_macro   0x0001d601      0x287 ./Core/Src/DS3231.o
 .debug_macro   0x0001d888       0x5f ./Core/Src/DS3231.o
 .debug_macro   0x0001d8e7      0x236 ./Core/Src/DS3231.o
 .debug_macro   0x0001db1d      0x12c ./Core/Src/DS3231.o
 .debug_macro   0x0001dc49      0x21e ./Core/Src/DS3231.o
 .debug_macro   0x0001de67       0x2e ./Core/Src/DS3231.o
 .debug_macro   0x0001de95      0x1b5 ./Core/Src/DS3231.o
 .debug_macro   0x0001e04a       0xd6 ./Core/Src/DS3231.o
 .debug_macro   0x0001e120      0x127 ./Core/Src/DS3231.o
 .debug_macro   0x0001e247       0x7e ./Core/Src/DS3231.o
 .debug_macro   0x0001e2c5       0x89 ./Core/Src/DS3231.o
 .debug_macro   0x0001e34e      0x225 ./Core/Src/DS3231.o
 .debug_macro   0x0001e573      0x8ed ./Core/Src/DS3231.o
 .debug_macro   0x0001ee60       0x4d ./Core/Src/DS3231.o
 .debug_macro   0x0001eead      0x293 ./Core/Src/DS3231.o
 .debug_macro   0x0001f140       0x98 ./Core/Src/DS3231.o
 .debug_macro   0x0001f1d8      0x12d ./Core/Src/DS3231.o
 .debug_macro   0x0001f305       0x82 ./Core/Src/DS3231.o
 .debug_macro   0x0001f387      0x210 ./Core/Src/MAX7219.o
 .debug_macro   0x0001f597       0x22 ./Core/Src/MAX7219.o
 .debug_macro   0x0001f5b9      0x22c ./Core/Src/main.o
 .debug_macro   0x0001f7e5      0x19c ./Core/Src/main.o
 .debug_macro   0x0001f981       0x88 ./Core/Src/main.o
 .debug_macro   0x0001fa09       0x28 ./Core/Src/main.o
 .debug_macro   0x0001fa31      0x210 ./Core/Src/stm32f4xx_hal_msp.o
 .debug_macro   0x0001fc41      0x21a ./Core/Src/stm32f4xx_it.o
 .debug_macro   0x0001fe5b      0x112 ./Core/Src/sysmem.o
 .debug_macro   0x0001ff6d      0x23c ./Core/Src/sysmem.o
 .debug_macro   0x000201a9      0x201 ./Core/Src/system_stm32f4xx.o
 .debug_macro   0x000203aa      0x261 ./Drivers/STM32F4xx_HAL_Driver/Src/stm32f4xx_hal.o
 .debug_macro   0x0002060b      0x201 ./Drivers/STM32F4xx_HAL_Driver/Src/stm32f4xx_hal_cortex.o
 .debug_macro   0x0002080c      0x207 ./Drivers/STM32F4xx_HAL_Driver/Src/stm32f4xx_hal_gpio.o
 .debug_macro   0x00020a13      0x201 ./Drivers/STM32F4xx_HAL_Driver/Src/stm32f4xx_hal_hcd.o
 .debug_macro   0x00020c14      0x24f ./Drivers/STM32F4xx_HAL_Driver/Src/stm32f4xx_hal_i2c.o
 .debug_macro   0x00020e63      0x225 ./Drivers/STM32F4xx_HAL_Driver/Src/stm32f4xx_hal_rcc.o
 .debug_macro   0x00021088      0x210 ./Drivers/STM32F4xx_HAL_Driver/Src/stm32f4xx_hal_spi.o
 .debug_macro   0x00021298      0x202 ./Drivers/STM32F4xx_HAL_Driver/Src/stm32f4xx_hal_tim.o
 .debug_macro   0x0002149a      0x201 ./Drivers/STM32F4xx_HAL_Driver/Src/stm32f4xx_hal_tim_ex.o
 .debug_macro   0x0002169b      0x201 ./Drivers/STM32F4xx_HAL_Driver/Src/stm32f4xx_ll_usb.o
 .debug_macro   0x0002189c      0x3a8 ./Middlewares/ST/STM32_USB_Host_Library/Class/CDC/Src/usbh_cdc.o
 .debug_macro   0x00021c44       0x16 ./Middlewares/ST/STM32_USB_Host_Library/Class/CDC/Src/usbh_cdc.o
 .debug_macro   0x00021c5a       0x9e ./Middlewares/ST/STM32_USB_Host_Library/Class/CDC/Src/usbh_cdc.o
 .debug_macro   0x00021cf8      0x112 ./Middlewares/ST/STM32_USB_Host_Library/Class/CDC/Src/usbh_cdc.o
 .debug_macro   0x00021e0a       0x16 ./Middlewares/ST/STM32_USB_Host_Library/Class/CDC/Src/usbh_cdc.o
 .debug_macro   0x00021e20       0x16 ./Middlewares/ST/STM32_USB_Host_Library/Class/CDC/Src/usbh_cdc.o
 .debug_macro   0x00021e36       0x20 ./Middlewares/ST/STM32_USB_Host_Library/Class/CDC/Src/usbh_cdc.o
 .debug_macro   0x00021e56       0x56 ./Middlewares/ST/STM32_USB_Host_Library/Class/CDC/Src/usbh_cdc.o
 .debug_macro   0x00021eac       0x73 ./Middlewares/ST/STM32_USB_Host_Library/Class/CDC/Src/usbh_cdc.o
 .debug_macro   0x00021f1f      0x233 ./Middlewares/ST/STM32_USB_Host_Library/Class/CDC/Src/usbh_cdc.o
 .debug_macro   0x00022152       0x2e ./Middlewares/ST/STM32_USB_Host_Library/Class/CDC/Src/usbh_cdc.o
 .debug_macro   0x00022180       0x2e ./Middlewares/ST/STM32_USB_Host_Library/Class/CDC/Src/usbh_cdc.o
 .debug_macro   0x000221ae       0x28 ./Middlewares/ST/STM32_USB_Host_Library/Class/CDC/Src/usbh_cdc.o
 .debug_macro   0x000221d6      0x15b ./Middlewares/ST/STM32_USB_Host_Library/Class/CDC/Src/usbh_cdc.o
 .debug_macro   0x00022331      0x3a5 ./Middlewares/ST/STM32_USB_Host_Library/Core/Src/usbh_core.o
 .debug_macro   0x000226d6      0x39d ./Middlewares/ST/STM32_USB_Host_Library/Core/Src/usbh_ctlreq.o
 .debug_macro   0x00022a73       0x28 ./Middlewares/ST/STM32_USB_Host_Library/Core/Src/usbh_ctlreq.o
 .debug_macro   0x00022a9b      0x397 ./Middlewares/ST/STM32_USB_Host_Library/Core/Src/usbh_ioreq.o
 .debug_macro   0x00022e32      0x397 ./Middlewares/ST/STM32_USB_Host_Library/Core/Src/usbh_pipes.o
 .debug_macro   0x000231c9      0x3a6 ./USB_HOST/App/usb_host.o
 .debug_macro   0x0002356f       0x61 ./USB_HOST/App/usb_host.o
 .debug_macro   0x000235d0      0x1a2 ./USB_HOST/App/usb_host.o
 .debug_macro   0x00023772      0x161 ./USB_HOST/App/usb_host.o
 .debug_macro   0x000238d3      0x3a7 ./USB_HOST/Target/usbh_conf.o
 .debug_macro   0x00023c7a      0x215 ./USB_HOST/Target/usbh_platform.o

.debug_line     0x00000000    0x1b217
 .debug_line    0x00000000      0x84d ./Core/Src/DS3231.o
 .debug_line    0x0000084d      0x7a3 ./Core/Src/MAX7219.o
 .debug_line    0x00000ff0      0xa46 ./Core/Src/main.o
 .debug_line    0x00001a36      0x88c ./Core/Src/stm32f4xx_hal_msp.o
 .debug_line    0x000022c2      0x86a ./Core/Src/stm32f4xx_it.o
 .debug_line    0x00002b2c      0x588 ./Core/Src/sysmem.o
 .debug_line    0x000030b4      0x828 ./Core/Src/system_stm32f4xx.o
 .debug_line    0x000038dc       0x7a ./Core/Startup/startup_stm32f407vgtx.o
 .debug_line    0x00003956      0xa95 ./Drivers/STM32F4xx_HAL_Driver/Src/stm32f4xx_hal.o
 .debug_line    0x000043eb      0xd65 ./Drivers/STM32F4xx_HAL_Driver/Src/stm32f4xx_hal_cortex.o
 .debug_line    0x00005150      0xbed ./Drivers/STM32F4xx_HAL_Driver/Src/stm32f4xx_hal_gpio.o
 .debug_line    0x00005d3d     0x1626 ./Drivers/STM32F4xx_HAL_Driver/Src/stm32f4xx_hal_hcd.o
 .debug_line    0x00007363     0x3b47 ./Drivers/STM32F4xx_HAL_Driver/Src/stm32f4xx_hal_i2c.o
 .debug_line    0x0000aeaa      0xea4 ./Drivers/STM32F4xx_HAL_Driver/Src/stm32f4xx_hal_rcc.o
 .debug_line    0x0000bd4e     0x1d2a ./Drivers/STM32F4xx_HAL_Driver/Src/stm32f4xx_hal_spi.o
 .debug_line    0x0000da78     0x3812 ./Drivers/STM32F4xx_HAL_Driver/Src/stm32f4xx_hal_tim.o
 .debug_line    0x0001128a     0x19f5 ./Drivers/STM32F4xx_HAL_Driver/Src/stm32f4xx_hal_tim_ex.o
 .debug_line    0x00012c7f     0x1dbc ./Drivers/STM32F4xx_HAL_Driver/Src/stm32f4xx_ll_usb.o
 .debug_line    0x00014a3b      0xf34 ./Middlewares/ST/STM32_USB_Host_Library/Class/CDC/Src/usbh_cdc.o
 .debug_line    0x0001596f     0x11d5 ./Middlewares/ST/STM32_USB_Host_Library/Core/Src/usbh_core.o
 .debug_line    0x00016b44     0x112d ./Middlewares/ST/STM32_USB_Host_Library/Core/Src/usbh_ctlreq.o
 .debug_line    0x00017c71      0xb02 ./Middlewares/ST/STM32_USB_Host_Library/Core/Src/usbh_ioreq.o
 .debug_line    0x00018773      0xaaf ./Middlewares/ST/STM32_USB_Host_Library/Core/Src/usbh_pipes.o
 .debug_line    0x00019222      0xaa2 ./USB_HOST/App/usb_host.o
 .debug_line    0x00019cc4      0xd7d ./USB_HOST/Target/usbh_conf.o
 .debug_line    0x0001aa41      0x7d6 ./USB_HOST/Target/usbh_platform.o

.debug_str      0x00000000    0xd2653
 .debug_str     0x00000000    0xd2653 ./Core/Src/DS3231.o
                              0xc66ea (size before relaxing)
 .debug_str     0x000d2653    0xc64f8 ./Core/Src/MAX7219.o
 .debug_str     0x000d2653    0xc7740 ./Core/Src/main.o
 .debug_str     0x000d2653    0xc71bc ./Core/Src/stm32f4xx_hal_msp.o
 .debug_str     0x000d2653    0xc6b5b ./Core/Src/stm32f4xx_it.o
 .debug_str     0x000d2653     0x779f ./Core/Src/sysmem.o
 .debug_str     0x000d2653    0xc6125 ./Core/Src/system_stm32f4xx.o
 .debug_str     0x000d2653       0xa1 ./Core/Startup/startup_stm32f407vgtx.o
 .debug_str     0x000d2653    0xc6ca9 ./Drivers/STM32F4xx_HAL_Driver/Src/stm32f4xx_hal.o
 .debug_str     0x000d2653    0xc6a25 ./Drivers/STM32F4xx_HAL_Driver/Src/stm32f4xx_hal_cortex.o
 .debug_str     0x000d2653    0xc62a0 ./Drivers/STM32F4xx_HAL_Driver/Src/stm32f4xx_hal_gpio.o
 .debug_str     0x000d2653    0xc6a0d ./Drivers/STM32F4xx_HAL_Driver/Src/stm32f4xx_hal_hcd.o
 .debug_str     0x000d2653    0xc7143 ./Drivers/STM32F4xx_HAL_Driver/Src/stm32f4xx_hal_i2c.o
 .debug_str     0x000d2653    0xc6559 ./Drivers/STM32F4xx_HAL_Driver/Src/stm32f4xx_hal_rcc.o
 .debug_str     0x000d2653    0xc69e3 ./Drivers/STM32F4xx_HAL_Driver/Src/stm32f4xx_hal_spi.o
 .debug_str     0x000d2653    0xc74af ./Drivers/STM32F4xx_HAL_Driver/Src/stm32f4xx_hal_tim.o
 .debug_str     0x000d2653    0xc6cbb ./Drivers/STM32F4xx_HAL_Driver/Src/stm32f4xx_hal_tim_ex.o
 .debug_str     0x000d2653    0xc6ade ./Drivers/STM32F4xx_HAL_Driver/Src/stm32f4xx_ll_usb.o
 .debug_str     0x000d2653    0xcc6a0 ./Middlewares/ST/STM32_USB_Host_Library/Class/CDC/Src/usbh_cdc.o
 .debug_str     0x000d2653    0xcbbbf ./Middlewares/ST/STM32_USB_Host_Library/Core/Src/usbh_core.o
 .debug_str     0x000d2653    0xcbb55 ./Middlewares/ST/STM32_USB_Host_Library/Core/Src/usbh_ctlreq.o
 .debug_str     0x000d2653    0xcb95a ./Middlewares/ST/STM32_USB_Host_Library/Core/Src/usbh_ioreq.o
 .debug_str     0x000d2653    0xcb8f0 ./Middlewares/ST/STM32_USB_Host_Library/Core/Src/usbh_pipes.o
 .debug_str     0x000d2653    0xcbffb ./USB_HOST/App/usb_host.o
 .debug_str     0x000d2653    0xcc85e ./USB_HOST/Target/usbh_conf.o
 .debug_str     0x000d2653    0xc6034 ./USB_HOST/Target/usbh_platform.o

.comment        0x00000000       0x43
 .comment       0x00000000       0x43 ./Core/Src/DS3231.o
                                 0x44 (size before relaxing)
 .comment       0x00000043       0x44 ./Core/Src/MAX7219.o
 .comment       0x00000043       0x44 ./Core/Src/main.o
 .comment       0x00000043       0x44 ./Core/Src/stm32f4xx_hal_msp.o
 .comment       0x00000043       0x44 ./Core/Src/stm32f4xx_it.o
 .comment       0x00000043       0x44 ./Core/Src/sysmem.o
 .comment       0x00000043       0x44 ./Core/Src/system_stm32f4xx.o
 .comment       0x00000043       0x44 ./Drivers/STM32F4xx_HAL_Driver/Src/stm32f4xx_hal.o
 .comment       0x00000043       0x44 ./Drivers/STM32F4xx_HAL_Driver/Src/stm32f4xx_hal_cortex.o
 .comment       0x00000043       0x44 ./Drivers/STM32F4xx_HAL_Driver/Src/stm32f4xx_hal_gpio.o
 .comment       0x00000043       0x44 ./Drivers/STM32F4xx_HAL_Driver/Src/stm32f4xx_hal_hcd.o
 .comment       0x00000043       0x44 ./Drivers/STM32F4xx_HAL_Driver/Src/stm32f4xx_hal_i2c.o
 .comment       0x00000043       0x44 ./Drivers/STM32F4xx_HAL_Driver/Src/stm32f4xx_hal_rcc.o
 .comment       0x00000043       0x44 ./Drivers/STM32F4xx_HAL_Driver/Src/stm32f4xx_hal_spi.o
 .comment       0x00000043       0x44 ./Drivers/STM32F4xx_HAL_Driver/Src/stm32f4xx_hal_tim.o
 .comment       0x00000043       0x44 ./Drivers/STM32F4xx_HAL_Driver/Src/stm32f4xx_hal_tim_ex.o
 .comment       0x00000043       0x44 ./Drivers/STM32F4xx_HAL_Driver/Src/stm32f4xx_ll_usb.o
 .comment       0x00000043       0x44 ./Middlewares/ST/STM32_USB_Host_Library/Class/CDC/Src/usbh_cdc.o
 .comment       0x00000043       0x44 ./Middlewares/ST/STM32_USB_Host_Library/Core/Src/usbh_core.o
 .comment       0x00000043       0x44 ./Middlewares/ST/STM32_USB_Host_Library/Core/Src/usbh_ctlreq.o
 .comment       0x00000043       0x44 ./Middlewares/ST/STM32_USB_Host_Library/Core/Src/usbh_ioreq.o
 .comment       0x00000043       0x44 ./Middlewares/ST/STM32_USB_Host_Library/Core/Src/usbh_pipes.o
 .comment       0x00000043       0x44 ./USB_HOST/App/usb_host.o
 .comment       0x00000043       0x44 ./USB_HOST/Target/usbh_conf.o
 .comment       0x00000043       0x44 ./USB_HOST/Target/usbh_platform.o

.debug_frame    0x00000000     0x5c5c
 .debug_frame   0x00000000       0xf0 ./Core/Src/DS3231.o
 .debug_frame   0x000000f0       0x34 ./Core/Src/MAX7219.o
 .debug_frame   0x00000124       0xf0 ./Core/Src/main.o
 .debug_frame   0x00000214      0x10c ./Core/Src/stm32f4xx_hal_msp.o
 .debug_frame   0x00000320      0x120 ./Core/Src/stm32f4xx_it.o
 .debug_frame   0x00000440       0x34 ./Core/Src/sysmem.o
 .debug_frame   0x00000474       0x58 ./Core/Src/system_stm32f4xx.o
 .debug_frame   0x000004cc      0x374 ./Drivers/STM32F4xx_HAL_Driver/Src/stm32f4xx_hal.o
 .debug_frame   0x00000840      0x508 ./Drivers/STM32F4xx_HAL_Driver/Src/stm32f4xx_hal_cortex.o
 .debug_frame   0x00000d48      0x14c ./Drivers/STM32F4xx_HAL_Driver/Src/stm32f4xx_hal_gpio.o
 .debug_frame   0x00000e94      0x498 ./Drivers/STM32F4xx_HAL_Driver/Src/stm32f4xx_hal_hcd.o
 .debug_frame   0x0000132c      0xc84 ./Drivers/STM32F4xx_HAL_Driver/Src/stm32f4xx_hal_i2c.o
 .debug_frame   0x00001fb0      0x1f4 ./Drivers/STM32F4xx_HAL_Driver/Src/stm32f4xx_hal_rcc.o
 .debug_frame   0x000021a4      0x828 ./Drivers/STM32F4xx_HAL_Driver/Src/stm32f4xx_hal_spi.o
 .debug_frame   0x000029cc     0x11c0 ./Drivers/STM32F4xx_HAL_Driver/Src/stm32f4xx_hal_tim.o
 .debug_frame   0x00003b8c      0x638 ./Drivers/STM32F4xx_HAL_Driver/Src/stm32f4xx_hal_tim_ex.o
 .debug_frame   0x000041c4      0x7c0 ./Drivers/STM32F4xx_HAL_Driver/Src/stm32f4xx_ll_usb.o
 .debug_frame   0x00004984      0x2c0 ./Middlewares/ST/STM32_USB_Host_Library/Class/CDC/Src/usbh_cdc.o
 .debug_frame   0x00004c44      0x334 ./Middlewares/ST/STM32_USB_Host_Library/Core/Src/usbh_core.o
 .debug_frame   0x00004f78      0x28c ./Middlewares/ST/STM32_USB_Host_Library/Core/Src/usbh_ctlreq.o
 .debug_frame   0x00005204      0x154 ./Middlewares/ST/STM32_USB_Host_Library/Core/Src/usbh_ioreq.o
 .debug_frame   0x00005358       0xcc ./Middlewares/ST/STM32_USB_Host_Library/Core/Src/usbh_pipes.o
 .debug_frame   0x00005424       0x70 ./USB_HOST/App/usb_host.o
 .debug_frame   0x00005494      0x388 ./USB_HOST/Target/usbh_conf.o
 .debug_frame   0x0000581c       0x34 ./USB_HOST/Target/usbh_platform.o